../Core/Src/ESPE_my_DMA.c:31:6:DMA_setup_ADC	4	static
../Core/Src/ESPE_my_DMA.c:39:6:DMA_reset	4	static
../Core/Src/ESPE_my_DMA.c:47:6:DMA_setup_USART	4	static
../Core/Src/ESPE_my_DMA.c:57:6:ESPE_USART_init	4	static
../Core/Src/ESPE_my_DMA.c:74:6:ESPE_ADC_init	4	static
../Core/Src/ESPE_my_DMA.c:122:6:ESPE_TIM6_init	4	static
../Core/Src/ESPE_my_DMA.c:128:6:ESPE_COMP_init	4	static
../Core/Src/ESPE_my_DMA.c:137:6:ESPE_USART_invert_mode	4	static
../Core/Src/ESPE_my_DMA.c:149:6:ESPE_USART_char_start	4	static
../Core/Src/ESPE_my_DMA.c:174:6:ESPE_DMA_switch_mode	8	static
../Core/Src/ESPE_my_DMA.c:187:6:ESPE_DMA_switch_back	8	static
../Core/Src/ESPE_my_DMA.c:200:6:ESPE_DMA_Trigger	4	static
../Core/Src/ESPE_my_DMA.c:211:6:ESPE_DMA_Trigger_Pretrigger	4	static
../Core/Src/ESPE_my_DMA.c:231:6:ESPE_DMA_COMP_Trigger	4	static
../Core/Src/ESPE_my_DMA.c:243:6:ESPE_DMA_COMP_Trigger_Pretrigger	4	static
../Core/Src/ESPE_my_DMA.c:264:6:ESPE_DMA_data_manipulation	8	static
../Core/Src/ESPE_my_DMA.c:271:6:ESPE_DMA_end_transmission	8	static
../Core/Src/ESPE_my_DMA.c:288:6:ESPE_DMA_Comp_Phot	4	static
