../Core/Src/ESPE_my_DMA.c:30:6:DMA_setup_ADC	4	static
../Core/Src/ESPE_my_DMA.c:38:6:DMA_reset	4	static
../Core/Src/ESPE_my_DMA.c:46:6:DMA_setup_USART	4	static
../Core/Src/ESPE_my_DMA.c:56:6:ESPE_USART_init	4	static
../Core/Src/ESPE_my_DMA.c:73:6:ESPE_ADC_init	4	static
../Core/Src/ESPE_my_DMA.c:120:6:ESPE_TIM6_init	4	static
../Core/Src/ESPE_my_DMA.c:127:6:ESPE_USART_invert_mode	4	static
../Core/Src/ESPE_my_DMA.c:139:6:ESPE_USART_char_start	4	static
../Core/Src/ESPE_my_DMA.c:164:6:ESPE_DMA_switch_mode	8	static
../Core/Src/ESPE_my_DMA.c:176:6:ESPE_DMA_switch_back	8	static
../Core/Src/ESPE_my_DMA.c:187:6:ESPE_DMA_Trigger	4	static
../Core/Src/ESPE_my_DMA.c:198:6:ESPE_DMA_Trigger_Pretrigger	4	static
../Core/Src/ESPE_my_DMA.c:216:6:ESPE_DMA_data_manipulation	8	static
../Core/Src/ESPE_my_DMA.c:222:6:ESPE_DMA_end_transmission	8	static
