../Core/Src/ESPE_my_DMA.c:30:6:DMA_setup_ADC	4	static
../Core/Src/ESPE_my_DMA.c:38:6:DMA_reset	4	static
../Core/Src/ESPE_my_DMA.c:46:6:DMA_setup_USART	4	static
../Core/Src/ESPE_my_DMA.c:56:6:ESPE_USART_init	4	static
../Core/Src/ESPE_my_DMA.c:73:6:ESPE_ADC_init	4	static
../Core/Src/ESPE_my_DMA.c:121:6:ESPE_TIM6_init	4	static
../Core/Src/ESPE_my_DMA.c:127:6:ESPE_COMP_init	4	static
../Core/Src/ESPE_my_DMA.c:136:6:ESPE_USART_invert_mode	4	static
../Core/Src/ESPE_my_DMA.c:148:6:ESPE_USART_char_start	4	static
../Core/Src/ESPE_my_DMA.c:173:6:ESPE_DMA_switch_mode	8	static
../Core/Src/ESPE_my_DMA.c:186:6:ESPE_DMA_switch_back	8	static
../Core/Src/ESPE_my_DMA.c:199:6:ESPE_DMA_Trigger	4	static
../Core/Src/ESPE_my_DMA.c:210:6:ESPE_DMA_Trigger_Pretrigger	4	static
../Core/Src/ESPE_my_DMA.c:229:6:ESPE_DMA_COMP_Trigger	4	static
../Core/Src/ESPE_my_DMA.c:241:6:ESPE_DMA_COMP_Trigger_Pretrigger	4	static
../Core/Src/ESPE_my_DMA.c:261:6:ESPE_DMA_data_manipulation	8	static
../Core/Src/ESPE_my_DMA.c:268:6:ESPE_DMA_end_transmission	8	static
