Archive member included to satisfy reference by file (symbol)

/home/uboldee/st/stm32cubeide_1.16.1_2/plugins/com.st.stm32cube.ide.mcu.externaltools.gnu-tools-for-stm32.12.3.rel1.linux64_1.0.200.202406132123/tools/bin/../lib/gcc/arm-none-eabi/12.3.1/../../../../arm-none-eabi/lib/thumb/v7e-m+dp/hard/libc_nano.a(libc_a-exit.o)
                              /home/uboldee/st/stm32cubeide_1.16.1_2/plugins/com.st.stm32cube.ide.mcu.externaltools.gnu-tools-for-stm32.12.3.rel1.linux64_1.0.200.202406132123/tools/bin/../lib/gcc/arm-none-eabi/12.3.1/../../../../arm-none-eabi/lib/thumb/v7e-m+dp/hard/crt0.o (exit)
/home/uboldee/st/stm32cubeide_1.16.1_2/plugins/com.st.stm32cube.ide.mcu.externaltools.gnu-tools-for-stm32.12.3.rel1.linux64_1.0.200.202406132123/tools/bin/../lib/gcc/arm-none-eabi/12.3.1/../../../../arm-none-eabi/lib/thumb/v7e-m+dp/hard/libc_nano.a(libc_a-findfp.o)
                              /home/uboldee/st/stm32cubeide_1.16.1_2/plugins/com.st.stm32cube.ide.mcu.externaltools.gnu-tools-for-stm32.12.3.rel1.linux64_1.0.200.202406132123/tools/bin/../lib/gcc/arm-none-eabi/12.3.1/../../../../arm-none-eabi/lib/thumb/v7e-m+dp/hard/libc_nano.a(libc_a-exit.o) (__stdio_exit_handler)
/home/uboldee/st/stm32cubeide_1.16.1_2/plugins/com.st.stm32cube.ide.mcu.externaltools.gnu-tools-for-stm32.12.3.rel1.linux64_1.0.200.202406132123/tools/bin/../lib/gcc/arm-none-eabi/12.3.1/../../../../arm-none-eabi/lib/thumb/v7e-m+dp/hard/libc_nano.a(libc_a-fwalk.o)
                              /home/uboldee/st/stm32cubeide_1.16.1_2/plugins/com.st.stm32cube.ide.mcu.externaltools.gnu-tools-for-stm32.12.3.rel1.linux64_1.0.200.202406132123/tools/bin/../lib/gcc/arm-none-eabi/12.3.1/../../../../arm-none-eabi/lib/thumb/v7e-m+dp/hard/libc_nano.a(libc_a-findfp.o) (_fwalk_sglue)
/home/uboldee/st/stm32cubeide_1.16.1_2/plugins/com.st.stm32cube.ide.mcu.externaltools.gnu-tools-for-stm32.12.3.rel1.linux64_1.0.200.202406132123/tools/bin/../lib/gcc/arm-none-eabi/12.3.1/../../../../arm-none-eabi/lib/thumb/v7e-m+dp/hard/libc_nano.a(libc_a-stdio.o)
                              /home/uboldee/st/stm32cubeide_1.16.1_2/plugins/com.st.stm32cube.ide.mcu.externaltools.gnu-tools-for-stm32.12.3.rel1.linux64_1.0.200.202406132123/tools/bin/../lib/gcc/arm-none-eabi/12.3.1/../../../../arm-none-eabi/lib/thumb/v7e-m+dp/hard/libc_nano.a(libc_a-findfp.o) (__sread)
/home/uboldee/st/stm32cubeide_1.16.1_2/plugins/com.st.stm32cube.ide.mcu.externaltools.gnu-tools-for-stm32.12.3.rel1.linux64_1.0.200.202406132123/tools/bin/../lib/gcc/arm-none-eabi/12.3.1/../../../../arm-none-eabi/lib/thumb/v7e-m+dp/hard/libc_nano.a(libc_a-memset.o)
                              /home/uboldee/st/stm32cubeide_1.16.1_2/plugins/com.st.stm32cube.ide.mcu.externaltools.gnu-tools-for-stm32.12.3.rel1.linux64_1.0.200.202406132123/tools/bin/../lib/gcc/arm-none-eabi/12.3.1/../../../../arm-none-eabi/lib/thumb/v7e-m+dp/hard/crt0.o (memset)
/home/uboldee/st/stm32cubeide_1.16.1_2/plugins/com.st.stm32cube.ide.mcu.externaltools.gnu-tools-for-stm32.12.3.rel1.linux64_1.0.200.202406132123/tools/bin/../lib/gcc/arm-none-eabi/12.3.1/../../../../arm-none-eabi/lib/thumb/v7e-m+dp/hard/libc_nano.a(libc_a-closer.o)
                              /home/uboldee/st/stm32cubeide_1.16.1_2/plugins/com.st.stm32cube.ide.mcu.externaltools.gnu-tools-for-stm32.12.3.rel1.linux64_1.0.200.202406132123/tools/bin/../lib/gcc/arm-none-eabi/12.3.1/../../../../arm-none-eabi/lib/thumb/v7e-m+dp/hard/libc_nano.a(libc_a-stdio.o) (_close_r)
/home/uboldee/st/stm32cubeide_1.16.1_2/plugins/com.st.stm32cube.ide.mcu.externaltools.gnu-tools-for-stm32.12.3.rel1.linux64_1.0.200.202406132123/tools/bin/../lib/gcc/arm-none-eabi/12.3.1/../../../../arm-none-eabi/lib/thumb/v7e-m+dp/hard/libc_nano.a(libc_a-reent.o)
                              /home/uboldee/st/stm32cubeide_1.16.1_2/plugins/com.st.stm32cube.ide.mcu.externaltools.gnu-tools-for-stm32.12.3.rel1.linux64_1.0.200.202406132123/tools/bin/../lib/gcc/arm-none-eabi/12.3.1/../../../../arm-none-eabi/lib/thumb/v7e-m+dp/hard/libc_nano.a(libc_a-closer.o) (errno)
/home/uboldee/st/stm32cubeide_1.16.1_2/plugins/com.st.stm32cube.ide.mcu.externaltools.gnu-tools-for-stm32.12.3.rel1.linux64_1.0.200.202406132123/tools/bin/../lib/gcc/arm-none-eabi/12.3.1/../../../../arm-none-eabi/lib/thumb/v7e-m+dp/hard/libc_nano.a(libc_a-impure.o)
                              /home/uboldee/st/stm32cubeide_1.16.1_2/plugins/com.st.stm32cube.ide.mcu.externaltools.gnu-tools-for-stm32.12.3.rel1.linux64_1.0.200.202406132123/tools/bin/../lib/gcc/arm-none-eabi/12.3.1/../../../../arm-none-eabi/lib/thumb/v7e-m+dp/hard/libc_nano.a(libc_a-reent.o) (_impure_ptr)
/home/uboldee/st/stm32cubeide_1.16.1_2/plugins/com.st.stm32cube.ide.mcu.externaltools.gnu-tools-for-stm32.12.3.rel1.linux64_1.0.200.202406132123/tools/bin/../lib/gcc/arm-none-eabi/12.3.1/../../../../arm-none-eabi/lib/thumb/v7e-m+dp/hard/libc_nano.a(libc_a-lseekr.o)
[...]
Memory Configuration

Name             Origin             Length             Attributes
FLASH            0x08000000         0x00200000         xr
DTCMRAM          0x20000000         0x00020000         xrw
RAM_D1           0x24000000         0x00080000         xrw
RAM_D2           0x30000000         0x00048000         xrw
RAM_D3           0x38000000         0x00010000         xrw
ITCMRAM          0x00000000         0x00010000         xrw
*default*        0x00000000         0xffffffff

Linker script and memory map

LOAD /home/uboldee/st/stm32cubeide_1.16.1_2/plugins/com.st.stm32cube.ide.mcu.externaltools.gnu-tools-for-stm32.12.3.rel1.linux64_1.0.200.202406132123/tools/bin/../lib/gcc/arm-none-eabi/12.3.1/thumb/v7e-m+dp/hard/crti.o
LOAD /home/uboldee/st/stm32cubeide_1.16.1_2/plugins/com.st.stm32cube.ide.mcu.externaltools.gnu-tools-for-stm32.12.3.rel1.linux64_1.0.200.202406132123/tools/bin/../lib/gcc/arm-none-eabi/12.3.1/thumb/v7e-m+dp/hard/crtbegin.o
LOAD /home/uboldee/st/stm32cubeide_1.16.1_2/plugins/com.st.stm32cube.ide.mcu.externaltools.gnu-tools-for-stm32.12.3.rel1.linux64_1.0.200.202406132123/tools/bin/../lib/gcc/arm-none-eabi/12.3.1/../../../../arm-none-eabi/lib/thumb/v7e-m+dp/hard/crt0.o
LOAD ./Core/Src/gpio.o
LOAD ./Core/Src/main.o
LOAD ./Core/Src/memorymap.o
LOAD ./Core/Src/stm32h7xx_hal_msp.o
LOAD ./Core/Src/stm32h7xx_it.o
LOAD ./Core/Src/syscalls.o
LOAD ./Core/Src/sysmem.o
LOAD ./Core/Src/system_stm32h7xx.o
LOAD ./Core/Src/tim.o
LOAD ./Core/Src/usart.o
LOAD ./Core/Startup/startup_stm32h743zitx.o
LOAD ./Drivers/STM32H7xx_HAL_Driver/Src/stm32h7xx_hal.o
LOAD ./Drivers/STM32H7xx_HAL_Driver/Src/stm32h7xx_hal_cortex.o
LOAD ./Drivers/STM32H7xx_HAL_Driver/Src/stm32h7xx_hal_dma.o
LOAD ./Drivers/STM32H7xx_HAL_Driver/Src/stm32h7xx_hal_dma_ex.o
LOAD ./Drivers/STM32H7xx_HAL_Driver/Src/stm32h7xx_hal_exti.o
LOAD ./Drivers/STM32H7xx_HAL_Driver/Src/stm32h7xx_hal_flash.o
LOAD ./Drivers/STM32H7xx_HAL_Driver/Src/stm32h7xx_hal_flash_ex.o
LOAD ./Drivers/STM32H7xx_HAL_Driver/Src/stm32h7xx_hal_gpio.o
LOAD ./Drivers/STM32H7xx_HAL_Driver/Src/stm32h7xx_hal_hsem.o
LOAD ./Drivers/STM32H7xx_HAL_Driver/Src/stm32h7xx_hal_i2c.o
LOAD ./Drivers/STM32H7xx_HAL_Driver/Src/stm32h7xx_hal_i2c_ex.o
LOAD ./Drivers/STM32H7xx_HAL_Driver/Src/stm32h7xx_hal_mdma.o
LOAD ./Drivers/STM32H7xx_HAL_Driver/Src/stm32h7xx_hal_pwr.o
LOAD ./Drivers/STM32H7xx_HAL_Driver/Src/stm32h7xx_hal_pwr_ex.o
LOAD ./Drivers/STM32H7xx_HAL_Driver/Src/stm32h7xx_hal_rcc.o
LOAD ./Drivers/STM32H7xx_HAL_Driver/Src/stm32h7xx_hal_rcc_ex.o
LOAD ./Drivers/STM32H7xx_HAL_Driver/Src/stm32h7xx_hal_tim.o
LOAD ./Drivers/STM32H7xx_HAL_Driver/Src/stm32h7xx_hal_tim_ex.o
LOAD ./Drivers/STM32H7xx_HAL_Driver/Src/stm32h7xx_hal_uart.o
LOAD ./Drivers/STM32H7xx_HAL_Driver/Src/stm32h7xx_hal_uart_ex.o
START GROUP
LOAD /home/uboldee/st/stm32cubeide_1.16.1_2/plugins/com.st.stm32cube.ide.mcu.externaltools.gnu-tools-for-stm32.12.3.rel1.linux64_1.0.200.202406132123/tools/bin/../lib/gcc/arm-none-eabi/12.3.1/../../../../arm-none-eabi/lib/thumb/v7e-m+dp/hard/libc_nano.a
LOAD /home/uboldee/st/stm32cubeide_1.16.1_2/plugins/com.st.stm32cube.ide.mcu.externaltools.gnu-tools-for-stm32.12.3.rel1.linux64_1.0.200.202406132123/tools/bin/../lib/gcc/arm-none-eabi/12.3.1/../../../../arm-none-eabi/lib/thumb/v7e-m+dp/hard/libm.a
END GROUP
START GROUP
LOAD /home/uboldee/st/stm32cubeide_1.16.1_2/plugins/com.st.stm32cube.ide.mcu.externaltools.gnu-tools-for-stm32.12.3.rel1.linux64_1.0.200.202406132123/tools/bin/../lib/gcc/arm-none-eabi/12.3.1/thumb/v7e-m+dp/hard/libgcc.a
LOAD /home/uboldee/st/stm32cubeide_1.16.1_2/plugins/com.st.stm32cube.ide.mcu.externaltools.gnu-tools-for-stm32.12.3.rel1.linux64_1.0.200.202406132123/tools/bin/../lib/gcc/arm-none-eabi/12.3.1/../../../../arm-none-eabi/lib/thumb/v7e-m+dp/hard/libc_nano.a
END GROUP
START GROUP
LOAD /home/uboldee/st/stm32cubeide_1.16.1_2/plugins/com.st.stm32cube.ide.mcu.externaltools.gnu-tools-for-stm32.12.3.rel1.linux64_1.0.200.202406132123/tools/bin/../lib/gcc/arm-none-eabi/12.3.1/thumb/v7e-m+dp/hard/libgcc.a
LOAD /home/uboldee/st/stm32cubeide_1.16.1_2/plugins/com.st.stm32cube.ide.mcu.externaltools.gnu-tools-for-stm32.12.3.rel1.linux64_1.0.200.202406132123/tools/bin/../lib/gcc/arm-none-eabi/12.3.1/../../../../arm-none-eabi/lib/thumb/v7e-m+dp/hard/libc_nano.a
LOAD /home/uboldee/st/stm32cubeide_1.16.1_2/plugins/com.st.stm32cube.ide.mcu.externaltools.gnu-tools-for-stm32.12.3.rel1.linux64_1.0.200.202406132123/tools/bin/../lib/gcc/arm-none-eabi/12.3.1/../../../../arm-none-eabi/lib/thumb/v7e-m+dp/hard/libnosys.a
END GROUP
START GROUP
LOAD /home/uboldee/st/stm32cubeide_1.16.1_2/plugins/com.st.stm32cube.ide.mcu.externaltools.gnu-tools-for-stm32.12.3.rel1.linux64_1.0.200.202406132123/tools/bin/../lib/gcc/arm-none-eabi/12.3.1/thumb/v7e-m+dp/hard/libgcc.a
LOAD /home/uboldee/st/stm32cubeide_1.16.1_2/plugins/com.st.stm32cube.ide.mcu.externaltools.gnu-tools-for-stm32.12.3.rel1.linux64_1.0.200.202406132123/tools/bin/../lib/gcc/arm-none-eabi/12.3.1/../../../../arm-none-eabi/lib/thumb/v7e-m+dp/hard/libc_nano.a
LOAD /home/uboldee/st/stm32cubeide_1.16.1_2/plugins/com.st.stm32cube.ide.mcu.externaltools.gnu-tools-for-stm32.12.3.rel1.linux64_1.0.200.202406132123/tools/bin/../lib/gcc/arm-none-eabi/12.3.1/../../../../arm-none-eabi/lib/thumb/v7e-m+dp/hard/libnosys.a
END GROUP
LOAD /home/uboldee/st/stm32cubeide_1.16.1_2/plugins/com.st.stm32cube.ide.mcu.externaltools.gnu-tools-for-stm32.12.3.rel1.linux64_1.0.200.202406132123/tools/bin/../lib/gcc/arm-none-eabi/12.3.1/thumb/v7e-m+dp/hard/crtend.o
LOAD /home/uboldee/st/stm32cubeide_1.16.1_2/plugins/com.st.stm32cube.ide.mcu.externaltools.gnu-tools-for-stm32.12.3.rel1.linux64_1.0.200.202406132123/tools/bin/../lib/gcc/arm-none-eabi/12.3.1/thumb/v7e-m+dp/hard/crtn.o
                0x24080000                        _estack = (ORIGIN (RAM_D1) + LENGTH (RAM_D1))
                0x00000200                        _Min_Heap_Size = 0x200
                0x00000400                        _Min_Stack_Size = 0x400

.isr_vector     0x08000000      0x298
                0x08000000                        . = ALIGN (0x4)
 *(.isr_vector)
 .isr_vector    0x08000000      0x298 ./Core/Startup/startup_stm32h743zitx.o
                0x08000000                g_pfnVectors
                0x08000298                        . = ALIGN (0x4)

.text           0x08000298     0x574c
                0x08000298                        . = ALIGN (0x4)
 *(.text)
 .text          0x08000298       0x40 /home/uboldee/st/stm32cubeide_1.16.1_2/plugins/com.st.stm32cube.ide.mcu.externaltools.gnu-tools-for-stm32.12.3.rel1.linux64_1.0.200.202406132123/tools/bin/../lib/gcc/arm-none-eabi/12.3.1/thumb/v7e-m+dp/hard/crtbegin.o
 .text          0x080002d8       0x30 /home/uboldee/st/stm32cubeide_1.16.1_2/plugins/com.st.stm32cube.ide.mcu.externaltools.gnu-tools-for-stm32.12.3.rel1.linux64_1.0.200.202406132123/tools/bin/../lib/gcc/arm-none-eabi/12.3.1/thumb/v7e-m+dp/hard/libgcc.a(_aeabi_uldivmod.o)
                0x080002d8                __aeabi_uldivmod
 .text          0x08000308      0x2bc /home/uboldee/st/stm32cubeide_1.16.1_2/plugins/com.st.stm32cube.ide.mcu.externaltools.gnu-tools-for-stm32.12.3.rel1.linux64_1.0.200.202406132123/tools/bin/../lib/gcc/arm-none-eabi/12.3.1/thumb/v7e-m+dp/hard/libgcc.a(_udivmoddi4.o)
                0x08000308                __udivmoddi4
 .text          0x080005c4        0x4 /home/uboldee/st/stm32cubeide_1.16.1_2/plugins/com.st.stm32cube.ide.mcu.externaltools.gnu-tools-for-stm32.12.3.rel1.linux64_1.0.200.202406132123/tools/bin/../lib/gcc/arm-none-eabi/12.3.1/thumb/v7e-m+dp/hard/libgcc.a(_dvmd_tls.o)
                0x080005c4                __aeabi_ldiv0
                0x080005c4                __aeabi_idiv0
 *(.text*)
 .text.MX_GPIO_Init
                0x080005c8      0x274 ./Core/Src/gpio.o
                0x080005c8                MX_GPIO_Init
 .text.main     0x0800083c       0x50 ./Core/Src/main.o
                0x0800083c                main
 .text.SystemClock_Config
                0x0800088c       0xd4 ./Core/Src/main.o
                0x0800088c                SystemClock_Config
 .text.Error_Handler
                0x08000960        0xc ./Core/Src/main.o
                0x08000960                Error_Handler
 .text.HAL_MspInit
                0x0800096c       0x34 ./Core/Src/stm32h7xx_hal_msp.o
                0x0800096c                HAL_MspInit
 .text.NMI_Handler
                0x080009a0        0x8 ./Core/Src/stm32h7xx_it.o
                0x080009a0                NMI_Handler
 .text.HardFault_Handler
                0x080009a8        0x8 ./Core/Src/stm32h7xx_it.o
                0x080009a8                HardFault_Handler
 .text.MemManage_Handler
                0x080009b0        0x8 ./Core/Src/stm32h7xx_it.o
                0x080009b0                MemManage_Handler
 .text.BusFault_Handler
                0x080009b8        0x8 ./Core/Src/stm32h7xx_it.o
                0x080009b8                BusFault_Handler
 .text.UsageFault_Handler
                0x080009c0        0x8 ./Core/Src/stm32h7xx_it.o
                0x080009c0                UsageFault_Handler
 .text.SVC_Handler
                0x080009c8        0xe ./Core/Src/stm32h7xx_it.o
                0x080009c8                SVC_Handler
 .text.DebugMon_Handler
                0x080009d6        0xe ./Core/Src/stm32h7xx_it.o
                0x080009d6                DebugMon_Handler
 .text.PendSV_Handler
                0x080009e4        0xe ./Core/Src/stm32h7xx_it.o
                0x080009e4                PendSV_Handler
 .text.SysTick_Handler
                0x080009f2        0xc ./Core/Src/stm32h7xx_it.o
                0x080009f2                SysTick_Handler
 *fill*         0x080009fe        0x2 
 .text.EXTI15_10_IRQHandler
                0x08000a00       0x48 ./Core/Src/stm32h7xx_it.o
                0x08000a00                EXTI15_10_IRQHandler
 .text.TIM6_DAC_IRQHandler
                0x08000a48       0x54 ./Core/Src/stm32h7xx_it.o
                0x08000a48                TIM6_DAC_IRQHandler
 .text.SystemInit
                0x08000a9c      0x110 ./Core/Src/system_stm32h7xx.o
                0x08000a9c                SystemInit
 .text.MX_TIM6_Init
                0x08000bac       0x6c ./Core/Src/tim.o
                0x08000bac                MX_TIM6_Init
 .text.HAL_TIM_Base_MspInit
                0x08000c18       0x50 ./Core/Src/tim.o
                0x08000c18                HAL_TIM_Base_MspInit
 .text.MX_USART3_UART_Init
                0x08000c68       0x98 ./Core/Src/usart.o
                0x08000c68                MX_USART3_UART_Init
 .text.HAL_UART_MspInit
                0x08000d00       0xd4 ./Core/Src/usart.o
                0x08000d00                HAL_UART_MspInit
 .text.Reset_Handler
                0x08000dd4       0x50 ./Core/Startup/startup_stm32h743zitx.o
                0x08000dd4                Reset_Handler
 .text.Default_Handler
                0x08000e24        0x2 ./Core/Startup/startup_stm32h743zitx.o
                0x08000e24                RTC_Alarm_IRQHandler
                0x08000e24                EXTI2_IRQHandler
                0x08000e24                TIM8_CC_IRQHandler
                0x08000e24                HRTIM1_Master_IRQHandler
                0x08000e24                UART8_IRQHandler
                0x08000e24                SPI4_IRQHandler
                0x08000e24                TIM1_CC_IRQHandler
                0x08000e24                BDMA_Channel6_IRQHandler
                0x08000e24                DMA2_Stream5_IRQHandler
                0x08000e24                HRTIM1_FLT_IRQHandler
                0x08000e24                JPEG_IRQHandler
                0x08000e24                DMA1_Stream5_IRQHandler
                0x08000e24                BDMA_Channel1_IRQHandler
                0x08000e24                HRTIM1_TIMD_IRQHandler
                0x08000e24                TAMP_STAMP_IRQHandler
                0x08000e24                EXTI3_IRQHandler
                0x08000e24                LPTIM4_IRQHandler
                0x08000e24                TIM8_TRG_COM_TIM14_IRQHandler
                0x08000e24                LPTIM2_IRQHandler
                0x08000e24                DFSDM1_FLT1_IRQHandler
                0x08000e24                DMAMUX2_OVR_IRQHandler
                0x08000e24                TIM8_UP_TIM13_IRQHandler
                0x08000e24                I2C3_ER_IRQHandler
                0x08000e24                DFSDM1_FLT2_IRQHandler
                0x08000e24                MDMA_IRQHandler
                0x08000e24                LPTIM3_IRQHandler
                0x08000e24                HSEM1_IRQHandler
                0x08000e24                EXTI0_IRQHandler
                0x08000e24                I2C2_EV_IRQHandler
                0x08000e24                DMA1_Stream2_IRQHandler
                0x08000e24                FPU_IRQHandler
                0x08000e24                OTG_HS_WKUP_IRQHandler
                0x08000e24                FDCAN1_IT1_IRQHandler
                0x08000e24                LTDC_ER_IRQHandler
                0x08000e24                DMA2_Stream2_IRQHandler
                0x08000e24                HRTIM1_TIME_IRQHandler
                0x08000e24                SPI1_IRQHandler
                0x08000e24                DCMI_IRQHandler
                0x08000e24                HRTIM1_TIMC_IRQHandler
                0x08000e24                DMA2_Stream3_IRQHandler
                0x08000e24                SAI2_IRQHandler
                0x08000e24                DFSDM1_FLT3_IRQHandler
                0x08000e24                USART6_IRQHandler
                0x08000e24                TIM17_IRQHandler
                0x08000e24                USART3_IRQHandler
                0x08000e24                BDMA_Channel7_IRQHandler
                0x08000e24                LPTIM5_IRQHandler
                0x08000e24                UART5_IRQHandler
                0x08000e24                ADC3_IRQHandler
                0x08000e24                DMA2_Stream0_IRQHandler
                0x08000e24                TIM4_IRQHandler
                0x08000e24                BDMA_Channel2_IRQHandler
                0x08000e24                QUADSPI_IRQHandler
                0x08000e24                I2C1_EV_IRQHandler
                0x08000e24                DMA1_Stream6_IRQHandler
                0x08000e24                DMAMUX1_OVR_IRQHandler
                0x08000e24                DMA1_Stream1_IRQHandler
                0x08000e24                TIM16_IRQHandler
                0x08000e24                UART4_IRQHandler
                0x08000e24                BDMA_Channel5_IRQHandler
                0x08000e24                TIM3_IRQHandler
                0x08000e24                RCC_IRQHandler
                0x08000e24                TIM8_BRK_TIM12_IRQHandler
                0x08000e24                TIM1_TRG_COM_IRQHandler
                0x08000e24                Default_Handler
                0x08000e24                ECC_IRQHandler
                0x08000e24                CEC_IRQHandler
                0x08000e24                BDMA_Channel0_IRQHandler
                0x08000e24                ADC_IRQHandler
                0x08000e24                DMA1_Stream7_IRQHandler
                0x08000e24                HRTIM1_TIMA_IRQHandler
                0x08000e24                SPI5_IRQHandler
                0x08000e24                TIM7_IRQHandler
                0x08000e24                SDMMC1_IRQHandler
                0x08000e24                TIM5_IRQHandler
                0x08000e24                DMA2_Stream7_IRQHandler
                0x08000e24                TIM15_IRQHandler
                0x08000e24                PVD_AVD_IRQHandler
                0x08000e24                I2C3_EV_IRQHandler
                0x08000e24                EXTI9_5_IRQHandler
                0x08000e24                RTC_WKUP_IRQHandler
                0x08000e24                LTDC_IRQHandler
                0x08000e24                SAI3_IRQHandler
                0x08000e24                ETH_WKUP_IRQHandler
                0x08000e24                SPDIF_RX_IRQHandler
                0x08000e24                SPI2_IRQHandler
                0x08000e24                OTG_HS_EP1_IN_IRQHandler
                0x08000e24                DMA1_Stream0_IRQHandler
                0x08000e24                CRS_IRQHandler
                0x08000e24                EXTI4_IRQHandler
                0x08000e24                RNG_IRQHandler
                0x08000e24                HRTIM1_TIMB_IRQHandler
                0x08000e24                FDCAN2_IT1_IRQHandler
                0x08000e24                ETH_IRQHandler
                0x08000e24                TIM1_UP_IRQHandler
                0x08000e24                BDMA_Channel4_IRQHandler
                0x08000e24                OTG_HS_EP1_OUT_IRQHandler
                0x08000e24                WWDG_IRQHandler
                0x08000e24                SPI6_IRQHandler
                0x08000e24                MDIOS_IRQHandler
                0x08000e24                I2C4_EV_IRQHandler
                0x08000e24                FDCAN2_IT0_IRQHandler
                0x08000e24                LPUART1_IRQHandler
                0x08000e24                FDCAN1_IT0_IRQHandler
                0x08000e24                TIM2_IRQHandler
                0x08000e24                OTG_FS_WKUP_IRQHandler
                0x08000e24                OTG_HS_IRQHandler
                0x08000e24                DMA2D_IRQHandler
                0x08000e24                TIM1_BRK_IRQHandler
                0x08000e24                EXTI1_IRQHandler
                0x08000e24                SDMMC2_IRQHandler
                0x08000e24                OTG_FS_EP1_OUT_IRQHandler
                0x08000e24                BDMA_Channel3_IRQHandler
                0x08000e24                UART7_IRQHandler
                0x08000e24                MDIOS_WKUP_IRQHandler
                0x08000e24                USART2_IRQHandler
                0x08000e24                DFSDM1_FLT0_IRQHandler
                0x08000e24                SAI4_IRQHandler
                0x08000e24                I2C2_ER_IRQHandler
                0x08000e24                DMA2_Stream1_IRQHandler
                0x08000e24                FLASH_IRQHandler
                0x08000e24                DMA2_Stream4_IRQHandler
                0x08000e24                USART1_IRQHandler
                0x08000e24                OTG_FS_IRQHandler
                0x08000e24                SPI3_IRQHandler
                0x08000e24                WAKEUP_PIN_IRQHandler
                0x08000e24                DMA1_Stream4_IRQHandler
                0x08000e24                OTG_FS_EP1_IN_IRQHandler
                0x08000e24                I2C1_ER_IRQHandler
                0x08000e24                FMC_IRQHandler
                0x08000e24                FDCAN_CAL_IRQHandler
                0x08000e24                SWPMI1_IRQHandler
                0x08000e24                COMP1_IRQHandler
                0x08000e24                LPTIM1_IRQHandler
                0x08000e24                I2C4_ER_IRQHandler
                0x08000e24                DMA2_Stream6_IRQHandler
                0x08000e24                SAI1_IRQHandler
                0x08000e24                DMA1_Stream3_IRQHandler
 *fill*         0x08000e26        0x2 
 .text.HAL_Init
                0x08000e28       0x78 ./Drivers/STM32H7xx_HAL_Driver/Src/stm32h7xx_hal.o
                0x08000e28                HAL_Init
 .text.HAL_InitTick
                0x08000ea0       0x6c ./Drivers/STM32H7xx_HAL_Driver/Src/stm32h7xx_hal.o
                0x08000ea0                HAL_InitTick
 .text.HAL_IncTick
                0x08000f0c       0x28 ./Drivers/STM32H7xx_HAL_Driver/Src/stm32h7xx_hal.o
                0x08000f0c                HAL_IncTick
 .text.HAL_GetTick
                0x08000f34       0x18 ./Drivers/STM32H7xx_HAL_Driver/Src/stm32h7xx_hal.o
                0x08000f34                HAL_GetTick
 .text.HAL_GetREVID
                0x08000f4c       0x18 ./Drivers/STM32H7xx_HAL_Driver/Src/stm32h7xx_hal.o
                0x08000f4c                HAL_GetREVID
 .text.__NVIC_SetPriorityGrouping
                0x08000f64       0x48 ./Drivers/STM32H7xx_HAL_Driver/Src/stm32h7xx_hal_cortex.o
 .text.__NVIC_GetPriorityGrouping
                0x08000fac       0x1c ./Drivers/STM32H7xx_HAL_Driver/Src/stm32h7xx_hal_cortex.o
 .text.__NVIC_EnableIRQ
                0x08000fc8       0x3c ./Drivers/STM32H7xx_HAL_Driver/Src/stm32h7xx_hal_cortex.o
 .text.__NVIC_SetPriority
                0x08001004       0x54 ./Drivers/STM32H7xx_HAL_Driver/Src/stm32h7xx_hal_cortex.o
 .text.NVIC_EncodePriority
                0x08001058       0x66 ./Drivers/STM32H7xx_HAL_Driver/Src/stm32h7xx_hal_cortex.o
 *fill*         0x080010be        0x2 
 .text.SysTick_Config
                0x080010c0       0x44 ./Drivers/STM32H7xx_HAL_Driver/Src/stm32h7xx_hal_cortex.o
 .text.HAL_NVIC_SetPriorityGrouping
                0x08001104       0x16 ./Drivers/STM32H7xx_HAL_Driver/Src/stm32h7xx_hal_cortex.o
                0x08001104                HAL_NVIC_SetPriorityGrouping
 .text.HAL_NVIC_SetPriority
                0x0800111a       0x34 ./Drivers/STM32H7xx_HAL_Driver/Src/stm32h7xx_hal_cortex.o
                0x0800111a                HAL_NVIC_SetPriority
 .text.HAL_NVIC_EnableIRQ
                0x0800114e       0x1c ./Drivers/STM32H7xx_HAL_Driver/Src/stm32h7xx_hal_cortex.o
                0x0800114e                HAL_NVIC_EnableIRQ
 .text.HAL_SYSTICK_Config
                0x0800116a       0x18 ./Drivers/STM32H7xx_HAL_Driver/Src/stm32h7xx_hal_cortex.o
                0x0800116a                HAL_SYSTICK_Config
 *fill*         0x08001182        0x2 
 .text.HAL_GPIO_Init
                0x08001184      0x360 ./Drivers/STM32H7xx_HAL_Driver/Src/stm32h7xx_hal_gpio.o
                0x08001184                HAL_GPIO_Init
 .text.HAL_GPIO_WritePin
                0x080014e4       0x32 ./Drivers/STM32H7xx_HAL_Driver/Src/stm32h7xx_hal_gpio.o
                0x080014e4                HAL_GPIO_WritePin
 .text.HAL_GPIO_EXTI_IRQHandler
                0x08001516       0x34 ./Drivers/STM32H7xx_HAL_Driver/Src/stm32h7xx_hal_gpio.o
                0x08001516                HAL_GPIO_EXTI_IRQHandler
 .text.HAL_GPIO_EXTI_Callback
                0x0800154a       0x16 ./Drivers/STM32H7xx_HAL_Driver/Src/stm32h7xx_hal_gpio.o
                0x0800154a                HAL_GPIO_EXTI_Callback
 .text.HAL_PWREx_ConfigSupply
                0x08001560       0x74 ./Drivers/STM32H7xx_HAL_Driver/Src/stm32h7xx_hal_pwr_ex.o
                0x08001560                HAL_PWREx_ConfigSupply
 .text.HAL_RCC_OscConfig
                0x080015d4      0x8b4 ./Drivers/STM32H7xx_HAL_Driver/Src/stm32h7xx_hal_rcc.o
                0x080015d4                HAL_RCC_OscConfig
 .text.HAL_RCC_ClockConfig
                0x08001e88      0x36c ./Drivers/STM32H7xx_HAL_Driver/Src/stm32h7xx_hal_rcc.o
                0x08001e88                HAL_RCC_ClockConfig
 .text.HAL_RCC_GetSysClockFreq
                0x080021f4      0x2f4 ./Drivers/STM32H7xx_HAL_Driver/Src/stm32h7xx_hal_rcc.o
                0x080021f4                HAL_RCC_GetSysClockFreq
 .text.HAL_RCC_GetHCLKFreq
                0x080024e8       0x60 ./Drivers/STM32H7xx_HAL_Driver/Src/stm32h7xx_hal_rcc.o
                0x080024e8                HAL_RCC_GetHCLKFreq
 .text.HAL_RCC_GetPCLK1Freq
                0x08002548       0x2c ./Drivers/STM32H7xx_HAL_Driver/Src/stm32h7xx_hal_rcc.o
                0x08002548                HAL_RCC_GetPCLK1Freq
 .text.HAL_RCC_GetPCLK2Freq
                0x08002574       0x2c ./Drivers/STM32H7xx_HAL_Driver/Src/stm32h7xx_hal_rcc.o
                0x08002574                HAL_RCC_GetPCLK2Freq
 .text.HAL_RCCEx_PeriphCLKConfig
                0x080025a0     0x1414 ./Drivers/STM32H7xx_HAL_Driver/Src/stm32h7xx_hal_rcc_ex.o
                0x080025a0                HAL_RCCEx_PeriphCLKConfig
 .text.HAL_RCCEx_GetD3PCLK1Freq
                0x080039b4       0x2c ./Drivers/STM32H7xx_HAL_Driver/Src/stm32h7xx_hal_rcc_ex.o
                0x080039b4                HAL_RCCEx_GetD3PCLK1Freq
 .text.HAL_RCCEx_GetPLL2ClockFreq
                0x080039e0      0x2a8 ./Drivers/STM32H7xx_HAL_Driver/Src/stm32h7xx_hal_rcc_ex.o
                0x080039e0                HAL_RCCEx_GetPLL2ClockFreq
 .text.HAL_RCCEx_GetPLL3ClockFreq
                0x08003c88      0x2a8 ./Drivers/STM32H7xx_HAL_Driver/Src/stm32h7xx_hal_rcc_ex.o
                0x08003c88                HAL_RCCEx_GetPLL3ClockFreq
 .text.RCCEx_PLL2_Config
                0x08003f30      0x164 ./Drivers/STM32H7xx_HAL_Driver/Src/stm32h7xx_hal_rcc_ex.o
 .text.RCCEx_PLL3_Config
                0x08004094      0x164 ./Drivers/STM32H7xx_HAL_Driver/Src/stm32h7xx_hal_rcc_ex.o
 .text.HAL_TIM_Base_Init
                0x080041f8       0xae ./Drivers/STM32H7xx_HAL_Driver/Src/stm32h7xx_hal_tim.o
                0x080041f8                HAL_TIM_Base_Init
 .text.HAL_TIM_IRQHandler
                0x080042a6      0x20e ./Drivers/STM32H7xx_HAL_Driver/Src/stm32h7xx_hal_tim.o
                0x080042a6                HAL_TIM_IRQHandler
 .text.HAL_TIM_PeriodElapsedCallback
                0x080044b4       0x14 ./Drivers/STM32H7xx_HAL_Driver/Src/stm32h7xx_hal_tim.o
                0x080044b4                HAL_TIM_PeriodElapsedCallback
 .text.HAL_TIM_OC_DelayElapsedCallback
                0x080044c8       0x14 ./Drivers/STM32H7xx_HAL_Driver/Src/stm32h7xx_hal_tim.o
                0x080044c8                HAL_TIM_OC_DelayElapsedCallback
 .text.HAL_TIM_IC_CaptureCallback
                0x080044dc       0x14 ./Drivers/STM32H7xx_HAL_Driver/Src/stm32h7xx_hal_tim.o
                0x080044dc                HAL_TIM_IC_CaptureCallback
 .text.HAL_TIM_PWM_PulseFinishedCallback
                0x080044f0       0x14 ./Drivers/STM32H7xx_HAL_Driver/Src/stm32h7xx_hal_tim.o
                0x080044f0                HAL_TIM_PWM_PulseFinishedCallback
 .text.HAL_TIM_TriggerCallback
                0x08004504       0x14 ./Drivers/STM32H7xx_HAL_Driver/Src/stm32h7xx_hal_tim.o
                0x08004504                HAL_TIM_TriggerCallback
 .text.TIM_Base_SetConfig
                0x08004518      0x14c ./Drivers/STM32H7xx_HAL_Driver/Src/stm32h7xx_hal_tim.o
                0x08004518                TIM_Base_SetConfig
 .text.HAL_TIMEx_MasterConfigSynchronization
                0x08004664      0x11c ./Drivers/STM32H7xx_HAL_Driver/Src/stm32h7xx_hal_tim_ex.o
                0x08004664                HAL_TIMEx_MasterConfigSynchronization
 .text.HAL_TIMEx_CommutCallback
                0x08004780       0x14 ./Drivers/STM32H7xx_HAL_Driver/Src/stm32h7xx_hal_tim_ex.o
                0x08004780                HAL_TIMEx_CommutCallback
 .text.HAL_TIMEx_BreakCallback
                0x08004794       0x14 ./Drivers/STM32H7xx_HAL_Driver/Src/stm32h7xx_hal_tim_ex.o
                0x08004794                HAL_TIMEx_BreakCallback
 .text.HAL_TIMEx_Break2Callback
                0x080047a8       0x14 ./Drivers/STM32H7xx_HAL_Driver/Src/stm32h7xx_hal_tim_ex.o
                0x080047a8                HAL_TIMEx_Break2Callback
 .text.HAL_UART_Init
                0x080047bc       0xa0 ./Drivers/STM32H7xx_HAL_Driver/Src/stm32h7xx_hal_uart.o
                0x080047bc                HAL_UART_Init
 .text.UART_SetConfig
                0x0800485c      0xad0 ./Drivers/STM32H7xx_HAL_Driver/Src/stm32h7xx_hal_uart.o
                0x0800485c                UART_SetConfig
 .text.UART_AdvFeatureConfig
                0x0800532c      0x144 ./Drivers/STM32H7xx_HAL_Driver/Src/stm32h7xx_hal_uart.o
                0x0800532c                UART_AdvFeatureConfig
 .text.UART_CheckIdleState
                0x08005470      0x154 ./Drivers/STM32H7xx_HAL_Driver/Src/stm32h7xx_hal_uart.o
                0x08005470                UART_CheckIdleState
 .text.UART_WaitOnFlagUntilTimeout
                0x080055c4       0xda ./Drivers/STM32H7xx_HAL_Driver/Src/stm32h7xx_hal_uart.o
                0x080055c4                UART_WaitOnFlagUntilTimeout
 *fill*         0x0800569e        0x2 
 .text.UART_EndRxTransfer
                0x080056a0       0xcc ./Drivers/STM32H7xx_HAL_Driver/Src/stm32h7xx_hal_uart.o
 .text.HAL_UARTEx_DisableFifoMode
                0x0800576c       0x72 ./Drivers/STM32H7xx_HAL_Driver/Src/stm32h7xx_hal_uart_ex.o
                0x0800576c                HAL_UARTEx_DisableFifoMode
 .text.HAL_UARTEx_SetTxFifoThreshold
                0x080057de       0x7c ./Drivers/STM32H7xx_HAL_Driver/Src/stm32h7xx_hal_uart_ex.o
                0x080057de                HAL_UARTEx_SetTxFifoThreshold
 .text.HAL_UARTEx_SetRxFifoThreshold
                0x0800585a       0x7c ./Drivers/STM32H7xx_HAL_Driver/Src/stm32h7xx_hal_uart_ex.o
                0x0800585a                HAL_UARTEx_SetRxFifoThreshold
 *fill*         0x080058d6        0x2 
 .text.UARTEx_SetNbDataToProcess
                0x080058d8       0x9c ./Drivers/STM32H7xx_HAL_Driver/Src/stm32h7xx_hal_uart_ex.o
 .text.memset   0x08005974       0x10 /home/uboldee/st/stm32cubeide_1.16.1_2/plugins/com.st.stm32cube.ide.mcu.externaltools.gnu-tools-for-stm32.12.3.rel1.linux64_1.0.200.202406132123/tools/bin/../lib/gcc/arm-none-eabi/12.3.1/../../../../arm-none-eabi/lib/thumb/v7e-m+dp/hard/libc_nano.a(libc_a-memset.o)
                0x08005974                memset
 .text.__libc_init_array
                0x08005984       0x48 /home/uboldee/st/stm32cubeide_1.16.1_2/plugins/com.st.stm32cube.ide.mcu.externaltools.gnu-tools-for-stm32.12.3.rel1.linux64_1.0.200.202406132123/tools/bin/../lib/gcc/arm-none-eabi/12.3.1/../../../../arm-none-eabi/lib/thumb/v7e-m+dp/hard/libc_nano.a(libc_a-init.o)
                0x08005984                __libc_init_array
 *(.glue_7)
 .glue_7        0x080059cc        0x0 linker stubs
 *(.glue_7t)
 .glue_7t       0x080059cc        0x0 linker stubs
 *(.eh_frame)
 .eh_frame      0x080059cc        0x0 /home/uboldee/st/stm32cubeide_1.16.1_2/plugins/com.st.stm32cube.ide.mcu.externaltools.gnu-tools-for-stm32.12.3.rel1.linux64_1.0.200.202406132123/tools/bin/../lib/gcc/arm-none-eabi/12.3.1/thumb/v7e-m+dp/hard/crtbegin.o
 *(.init)
 .init          0x080059cc        0x4 /home/uboldee/st/stm32cubeide_1.16.1_2/plugins/com.st.stm32cube.ide.mcu.externaltools.gnu-tools-for-stm32.12.3.rel1.linux64_1.0.200.202406132123/tools/bin/../lib/gcc/arm-none-eabi/12.3.1/thumb/v7e-m+dp/hard/crti.o
                0x080059cc                _init
 .init          0x080059d0        0x8 /home/uboldee/st/stm32cubeide_1.16.1_2/plugins/com.st.stm32cube.ide.mcu.externaltools.gnu-tools-for-stm32.12.3.rel1.linux64_1.0.200.202406132123/tools/bin/../lib/gcc/arm-none-eabi/12.3.1/thumb/v7e-m+dp/hard/crtn.o
 *(.fini)
 .fini          0x080059d8        0x4 /home/uboldee/st/stm32cubeide_1.16.1_2/plugins/com.st.stm32cube.ide.mcu.externaltools.gnu-tools-for-stm32.12.3.rel1.linux64_1.0.200.202406132123/tools/bin/../lib/gcc/arm-none-eabi/12.3.1/thumb/v7e-m+dp/hard/crti.o
                0x080059d8                _fini
 .fini          0x080059dc        0x8 /home/uboldee/st/stm32cubeide_1.16.1_2/plugins/com.st.stm32cube.ide.mcu.externaltools.gnu-tools-for-stm32.12.3.rel1.linux64_1.0.200.202406132123/tools/bin/../lib/gcc/arm-none-eabi/12.3.1/thumb/v7e-m+dp/hard/crtn.o
                0x080059e4                        . = ALIGN (0x4)
                0x080059e4                        _etext = .

.vfp11_veneer   0x080059e4        0x0
 .vfp11_veneer  0x080059e4        0x0 linker stubs

.v4_bx          0x080059e4        0x0
 .v4_bx         0x080059e4        0x0 linker stubs

.iplt           0x080059e4        0x0
 .iplt          0x080059e4        0x0 /home/uboldee/st/stm32cubeide_1.16.1_2/plugins/com.st.stm32cube.ide.mcu.externaltools.gnu-tools-for-stm32.12.3.rel1.linux64_1.0.200.202406132123/tools/bin/../lib/gcc/arm-none-eabi/12.3.1/thumb/v7e-m+dp/hard/crtbegin.o

.rodata         0x080059e4       0x38
                0x080059e4                        . = ALIGN (0x4)
 *(.rodata)
 *(.rodata*)
 .rodata.D1CorePrescTable
                0x080059e4       0x10 ./Core/Src/system_stm32h7xx.o
                0x080059e4                D1CorePrescTable
 .rodata.UARTPrescTable
                0x080059f4       0x18 ./Drivers/STM32H7xx_HAL_Driver/Src/stm32h7xx_hal_uart.o
                0x080059f4                UARTPrescTable
 .rodata.numerator.1
                0x08005a0c        0x8 ./Drivers/STM32H7xx_HAL_Driver/Src/stm32h7xx_hal_uart_ex.o
 .rodata.denominator.0
                0x08005a14        0x8 ./Drivers/STM32H7xx_HAL_Driver/Src/stm32h7xx_hal_uart_ex.o
                0x08005a1c                        . = ALIGN (0x4)

.ARM.extab
 *(.ARM.extab* .gnu.linkonce.armextab.*)

.ARM            0x08005a1c        0x8
                0x08005a1c                        __exidx_start = .
 *(.ARM.exidx*)
 .ARM.exidx     0x08005a1c        0x8 /home/uboldee/st/stm32cubeide_1.16.1_2/plugins/com.st.stm32cube.ide.mcu.externaltools.gnu-tools-for-stm32.12.3.rel1.linux64_1.0.200.202406132123/tools/bin/../lib/gcc/arm-none-eabi/12.3.1/thumb/v7e-m+dp/hard/libgcc.a(_udivmoddi4.o)
                0x08005a24                        __exidx_end = .

.preinit_array  0x08005a24        0x0
                0x08005a24                        PROVIDE (__preinit_array_start = .)
 *(.preinit_array*)
                0x08005a24                        PROVIDE (__preinit_array_end = .)

.init_array     0x08005a24        0x4
                0x08005a24                        PROVIDE (__init_array_start = .)
 *(SORT_BY_NAME(.init_array.*))
 *(.init_array*)
 .init_array    0x08005a24        0x4 /home/uboldee/st/stm32cubeide_1.16.1_2/plugins/com.st.stm32cube.ide.mcu.externaltools.gnu-tools-for-stm32.12.3.rel1.linux64_1.0.200.202406132123/tools/bin/../lib/gcc/arm-none-eabi/12.3.1/thumb/v7e-m+dp/hard/crtbegin.o
                0x08005a28                        PROVIDE (__init_array_end = .)

.fini_array     0x08005a28        0x4
                [!provide]                        PROVIDE (__fini_array_start = .)
 *(SORT_BY_NAME(.fini_array.*))
 *(.fini_array*)
 .fini_array    0x08005a28        0x4 /home/uboldee/st/stm32cubeide_1.16.1_2/plugins/com.st.stm32cube.ide.mcu.externaltools.gnu-tools-for-stm32.12.3.rel1.linux64_1.0.200.202406132123/tools/bin/../lib/gcc/arm-none-eabi/12.3.1/thumb/v7e-m+dp/hard/crtbegin.o
                [!provide]                        PROVIDE (__fini_array_end = .)
                0x08005a2c                        _sidata = LOADADDR (.data)

.rel.dyn        0x08005a2c        0x0
 .rel.iplt      0x08005a2c        0x0 /home/uboldee/st/stm32cubeide_1.16.1_2/plugins/com.st.stm32cube.ide.mcu.externaltools.gnu-tools-for-stm32.12.3.rel1.linux64_1.0.200.202406132123/tools/bin/../lib/gcc/arm-none-eabi/12.3.1/thumb/v7e-m+dp/hard/crtbegin.o

.data           0x24000000       0x14 load address 0x08005a2c
                0x24000000                        . = ALIGN (0x4)
                0x24000000                        _sdata = .
 *(.data)
 *(.data*)
 .data.flag     0x24000000        0x4 ./Core/Src/stm32h7xx_it.o
                0x24000000                flag
 .data.SystemCoreClock
                0x24000004        0x4 ./Core/Src/system_stm32h7xx.o
                0x24000004                SystemCoreClock
 .data.SystemD2Clock
                0x24000008        0x4 ./Core/Src/system_stm32h7xx.o
                0x24000008                SystemD2Clock
 .data.uwTickPrio
                0x2400000c        0x4 ./Drivers/STM32H7xx_HAL_Driver/Src/stm32h7xx_hal.o
                0x2400000c                uwTickPrio
 .data.uwTickFreq
                0x24000010        0x1 ./Drivers/STM32H7xx_HAL_Driver/Src/stm32h7xx_hal.o
                0x24000010                uwTickFreq
 *(.RamFunc)
 *(.RamFunc*)
                0x24000014                        . = ALIGN (0x4)
 *fill*         0x24000011        0x3 
                0x24000014                        _edata = .

.igot.plt       0x24000014        0x0 load address 0x08005a40
 .igot.plt      0x24000014        0x0 /home/uboldee/st/stm32cubeide_1.16.1_2/plugins/com.st.stm32cube.ide.mcu.externaltools.gnu-tools-for-stm32.12.3.rel1.linux64_1.0.200.202406132123/tools/bin/../lib/gcc/arm-none-eabi/12.3.1/thumb/v7e-m+dp/hard/crtbegin.o
                0x24000014                        . = ALIGN (0x4)

.bss            0x24000014      0x100 load address 0x08005a40
                0x24000014                        _sbss = .
                0x24000014                        __bss_start__ = _sbss
 *(.bss)
 .bss           0x24000014       0x1c /home/uboldee/st/stm32cubeide_1.16.1_2/plugins/com.st.stm32cube.ide.mcu.externaltools.gnu-tools-for-stm32.12.3.rel1.linux64_1.0.200.202406132123/tools/bin/../lib/gcc/arm-none-eabi/12.3.1/thumb/v7e-m+dp/hard/crtbegin.o
 *(.bss*)
 .bss.htim6     0x24000030       0x4c ./Core/Src/tim.o
                0x24000030                htim6
 .bss.huart3    0x2400007c       0x94 ./Core/Src/usart.o
                0x2400007c                huart3
 .bss.uwTick    0x24000110        0x4 ./Drivers/STM32H7xx_HAL_Driver/Src/stm32h7xx_hal.o
                0x24000110                uwTick
 *(COMMON)
                0x24000114                        . = ALIGN (0x4)
                0x24000114                        _ebss = .
                0x24000114                        __bss_end__ = _ebss

._user_heap_stack
                0x24000114      0x604 load address 0x08005a40
                0x24000118                        . = ALIGN (0x8)
 *fill*         0x24000114        0x4 
                [!provide]                        PROVIDE (end = .)
                0x24000118                        PROVIDE (_end = .)
                0x24000318                        . = (. + _Min_Heap_Size)
 *fill*         0x24000118      0x200 
                0x24000718                        . = (. + _Min_Stack_Size)
 *fill*         0x24000318      0x400 
                0x24000718                        . = ALIGN (0x8)

/DISCARD/
 libc.a(*)
 libm.a(*)
 libgcc.a(*)

.ARM.attributes
                0x00000000       0x2e
 *(.ARM.attributes)
 .ARM.attributes
                0x00000000       0x20 /home/uboldee/st/stm32cubeide_1.16.1_2/plugins/com.st.stm32cube.ide.mcu.externaltools.gnu-tools-for-stm32.12.3.rel1.linux64_1.0.200.202406132123/tools/bin/../lib/gcc/arm-none-eabi/12.3.1/thumb/v7e-m+dp/hard/crti.o
 .ARM.attributes
                0x00000020       0x32 /home/uboldee/st/stm32cubeide_1.16.1_2/plugins/com.st.stm32cube.ide.mcu.externaltools.gnu-tools-for-stm32.12.3.rel1.linux64_1.0.200.202406132123/tools/bin/../lib/gcc/arm-none-eabi/12.3.1/thumb/v7e-m+dp/hard/crtbegin.o
 .ARM.attributes
                0x00000052       0x32 ./Core/Src/gpio.o
 .ARM.attributes
                0x00000084       0x32 ./Core/Src/main.o
 .ARM.attributes
                0x000000b6       0x32 ./Core/Src/stm32h7xx_hal_msp.o
 .ARM.attributes
                0x000000e8       0x32 ./Core/Src/stm32h7xx_it.o
 .ARM.attributes
                0x0000011a       0x32 ./Core/Src/system_stm32h7xx.o
 .ARM.attributes
                0x0000014c       0x32 ./Core/Src/tim.o
 .ARM.attributes
                0x0000017e       0x32 ./Core/Src/usart.o
 .ARM.attributes
                0x000001b0       0x21 ./Core/Startup/startup_stm32h743zitx.o
 .ARM.attributes
                0x000001d1       0x32 ./Drivers/STM32H7xx_HAL_Driver/Src/stm32h7xx_hal.o
 .ARM.attributes
                0x00000203       0x32 ./Drivers/STM32H7xx_HAL_Driver/Src/stm32h7xx_hal_cortex.o
 .ARM.attributes
                0x00000235       0x32 ./Drivers/STM32H7xx_HAL_Driver/Src/stm32h7xx_hal_gpio.o
 .ARM.attributes
                0x00000267       0x32 ./Drivers/STM32H7xx_HAL_Driver/Src/stm32h7xx_hal_pwr_ex.o
 .ARM.attributes
                0x00000299       0x32 ./Drivers/STM32H7xx_HAL_Driver/Src/stm32h7xx_hal_rcc.o
 .ARM.attributes
                0x000002cb       0x32 ./Drivers/STM32H7xx_HAL_Driver/Src/stm32h7xx_hal_rcc_ex.o
 .ARM.attributes
                0x000002fd       0x32 ./Drivers/STM32H7xx_HAL_Driver/Src/stm32h7xx_hal_tim.o
 .ARM.attributes
                0x0000032f       0x32 ./Drivers/STM32H7xx_HAL_Driver/Src/stm32h7xx_hal_tim_ex.o
 .ARM.attributes
                0x00000361       0x32 ./Drivers/STM32H7xx_HAL_Driver/Src/stm32h7xx_hal_uart.o
 .ARM.attributes
                0x00000393       0x32 ./Drivers/STM32H7xx_HAL_Driver/Src/stm32h7xx_hal_uart_ex.o
 .ARM.attributes
                0x000003c5       0x32 /home/uboldee/st/stm32cubeide_1.16.1_2/plugins/com.st.stm32cube.ide.mcu.externaltools.gnu-tools-for-stm32.12.3.rel1.linux64_1.0.200.202406132123/tools/bin/../lib/gcc/arm-none-eabi/12.3.1/../../../../arm-none-eabi/lib/thumb/v7e-m+dp/hard/libc_nano.a(libc_a-memset.o)
 .ARM.attributes
                0x000003f7       0x32 /home/uboldee/st/stm32cubeide_1.16.1_2/plugins/com.st.stm32cube.ide.mcu.externaltools.gnu-tools-for-stm32.12.3.rel1.linux64_1.0.200.202406132123/tools/bin/../lib/gcc/arm-none-eabi/12.3.1/../../../../arm-none-eabi/lib/thumb/v7e-m+dp/hard/libc_nano.a(libc_a-init.o)
 .ARM.attributes
                0x00000429       0x20 /home/uboldee/st/stm32cubeide_1.16.1_2/plugins/com.st.stm32cube.ide.mcu.externaltools.gnu-tools-for-stm32.12.3.rel1.linux64_1.0.200.202406132123/tools/bin/../lib/gcc/arm-none-eabi/12.3.1/thumb/v7e-m+dp/hard/libgcc.a(_aeabi_uldivmod.o)
 .ARM.attributes
                0x00000449       0x32 /home/uboldee/st/stm32cubeide_1.16.1_2/plugins/com.st.stm32cube.ide.mcu.externaltools.gnu-tools-for-stm32.12.3.rel1.linux64_1.0.200.202406132123/tools/bin/../lib/gcc/arm-none-eabi/12.3.1/thumb/v7e-m+dp/hard/libgcc.a(_udivmoddi4.o)
 .ARM.attributes
                0x0000047b       0x20 /home/uboldee/st/stm32cubeide_1.16.1_2/plugins/com.st.stm32cube.ide.mcu.externaltools.gnu-tools-for-stm32.12.3.rel1.linux64_1.0.200.202406132123/tools/bin/../lib/gcc/arm-none-eabi/12.3.1/thumb/v7e-m+dp/hard/libgcc.a(_dvmd_tls.o)
 .ARM.attributes
                0x0000049b       0x20 /home/uboldee/st/stm32cubeide_1.16.1_2/plugins/com.st.stm32cube.ide.mcu.externaltools.gnu-tools-for-stm32.12.3.rel1.linux64_1.0.200.202406132123/tools/bin/../lib/gcc/arm-none-eabi/12.3.1/thumb/v7e-m+dp/hard/crtn.o
OUTPUT(new_project.elf elf32-littlearm)
LOAD linker stubs
LOAD /home/uboldee/st/stm32cubeide_1.16.1_2/plugins/com.st.stm32cube.ide.mcu.externaltools.gnu-tools-for-stm32.12.3.rel1.linux64_1.0.200.202406132123/tools/bin/../lib/gcc/arm-none-eabi/12.3.1/../../../../arm-none-eabi/lib/thumb/v7e-m+dp/hard/libc.a
LOAD /home/uboldee/st/stm32cubeide_1.16.1_2/plugins/com.st.stm32cube.ide.mcu.externaltools.gnu-tools-for-stm32.12.3.rel1.linux64_1.0.200.202406132123/tools/bin/../lib/gcc/arm-none-eabi/12.3.1/../../../../arm-none-eabi/lib/thumb/v7e-m+dp/hard/libm.a
LOAD /home/uboldee/st/stm32cubeide_1.16.1_2/plugins/com.st.stm32cube.ide.mcu.externaltools.gnu-tools-for-stm32.12.3.rel1.linux64_1.0.200.202406132123/tools/bin/../lib/gcc/arm-none-eabi/12.3.1/thumb/v7e-m+dp/hard/libgcc.a

.debug_info     0x00000000    0x14e1e
 .debug_info    0x00000000      0xa59 ./Core/Src/gpio.o
 .debug_info    0x00000a59      0x739 ./Core/Src/main.o
 .debug_info    0x00001192      0x464 ./Core/Src/stm32h7xx_hal_msp.o
 .debug_info    0x000015f6      0x90f ./Core/Src/stm32h7xx_it.o
 .debug_info    0x00001f05      0xcef ./Core/Src/system_stm32h7xx.o
 .debug_info    0x00002bf4     0x1034 ./Core/Src/tim.o
 .debug_info    0x00003c28     0x10b0 ./Core/Src/usart.o
 .debug_info    0x00004cd8       0x30 ./Core/Startup/startup_stm32h743zitx.o
 .debug_info    0x00004d08     0x153b ./Drivers/STM32H7xx_HAL_Driver/Src/stm32h7xx_hal.o
 .debug_info    0x00006243     0x10ac ./Drivers/STM32H7xx_HAL_Driver/Src/stm32h7xx_hal_cortex.o
 .debug_info    0x000072ef      0xc4b ./Drivers/STM32H7xx_HAL_Driver/Src/stm32h7xx_hal_gpio.o
 .debug_info    0x00007f3a     0x1008 ./Drivers/STM32H7xx_HAL_Driver/Src/stm32h7xx_hal_pwr_ex.o
 .debug_info    0x00008f42      0xe5b ./Drivers/STM32H7xx_HAL_Driver/Src/stm32h7xx_hal_rcc.o
 .debug_info    0x00009d9d     0x1216 ./Drivers/STM32H7xx_HAL_Driver/Src/stm32h7xx_hal_rcc_ex.o
 .debug_info    0x0000afb3     0x2bae ./Drivers/STM32H7xx_HAL_Driver/Src/stm32h7xx_hal_tim.o
 .debug_info    0x0000db61     0x17eb ./Drivers/STM32H7xx_HAL_Driver/Src/stm32h7xx_hal_tim_ex.o
 .debug_info    0x0000f34c     0x4b13 ./Drivers/STM32H7xx_HAL_Driver/Src/stm32h7xx_hal_uart.o
 .debug_info    0x00013e5f      0xfbf ./Drivers/STM32H7xx_HAL_Driver/Src/stm32h7xx_hal_uart_ex.o

.debug_abbrev   0x00000000     0x267c
 .debug_abbrev  0x00000000      0x18d ./Core/Src/gpio.o
 .debug_abbrev  0x0000018d      0x200 ./Core/Src/main.o
 .debug_abbrev  0x0000038d       0xdb ./Core/Src/stm32h7xx_hal_msp.o
 .debug_abbrev  0x00000468      0x1a4 ./Core/Src/stm32h7xx_it.o
 .debug_abbrev  0x0000060c      0x14c ./Core/Src/system_stm32h7xx.o
 .debug_abbrev  0x00000758      0x215 ./Core/Src/tim.o
 .debug_abbrev  0x0000096d      0x241 ./Core/Src/usart.o
 .debug_abbrev  0x00000bae       0x24 ./Core/Startup/startup_stm32h743zitx.o
 .debug_abbrev  0x00000bd2      0x295 ./Drivers/STM32H7xx_HAL_Driver/Src/stm32h7xx_hal.o
 .debug_abbrev  0x00000e67      0x339 ./Drivers/STM32H7xx_HAL_Driver/Src/stm32h7xx_hal_cortex.o
 .debug_abbrev  0x000011a0      0x1fe ./Drivers/STM32H7xx_HAL_Driver/Src/stm32h7xx_hal_gpio.o
 .debug_abbrev  0x0000139e      0x2a7 ./Drivers/STM32H7xx_HAL_Driver/Src/stm32h7xx_hal_pwr_ex.o
 .debug_abbrev  0x00001645      0x2c8 ./Drivers/STM32H7xx_HAL_Driver/Src/stm32h7xx_hal_rcc.o
 .debug_abbrev  0x0000190d      0x269 ./Drivers/STM32H7xx_HAL_Driver/Src/stm32h7xx_hal_rcc_ex.o
 .debug_abbrev  0x00001b76      0x276 ./Drivers/STM32H7xx_HAL_Driver/Src/stm32h7xx_hal_tim.o
 .debug_abbrev  0x00001dec      0x281 ./Drivers/STM32H7xx_HAL_Driver/Src/stm32h7xx_hal_tim_ex.o
 .debug_abbrev  0x0000206d      0x33d ./Drivers/STM32H7xx_HAL_Driver/Src/stm32h7xx_hal_uart.o
 .debug_abbrev  0x000023aa      0x2d2 ./Drivers/STM32H7xx_HAL_Driver/Src/stm32h7xx_hal_uart_ex.o

.debug_aranges  0x00000000      0xfe0
 .debug_aranges
                0x00000000       0x20 ./Core/Src/gpio.o
 .debug_aranges
                0x00000020       0x30 ./Core/Src/main.o
 .debug_aranges
                0x00000050       0x20 ./Core/Src/stm32h7xx_hal_msp.o
 .debug_aranges
                0x00000070       0x70 ./Core/Src/stm32h7xx_it.o
 .debug_aranges
                0x000000e0       0x28 ./Core/Src/system_stm32h7xx.o
 .debug_aranges
                0x00000108       0x30 ./Core/Src/tim.o
 .debug_aranges
                0x00000138       0x30 ./Core/Src/usart.o
 .debug_aranges
                0x00000168       0x28 ./Core/Startup/startup_stm32h743zitx.o
 .debug_aranges
                0x00000190      0x198 ./Drivers/STM32H7xx_HAL_Driver/Src/stm32h7xx_hal.o
 .debug_aranges
                0x00000328      0x130 ./Drivers/STM32H7xx_HAL_Driver/Src/stm32h7xx_hal_cortex.o
 .debug_aranges
                0x00000458       0x58 ./Drivers/STM32H7xx_HAL_Driver/Src/stm32h7xx_hal_gpio.o
 .debug_aranges
                0x000004b0      0x158 ./Drivers/STM32H7xx_HAL_Driver/Src/stm32h7xx_hal_pwr_ex.o
 .debug_aranges
                0x00000608       0x88 ./Drivers/STM32H7xx_HAL_Driver/Src/stm32h7xx_hal_rcc.o
 .debug_aranges
                0x00000690       0xf8 ./Drivers/STM32H7xx_HAL_Driver/Src/stm32h7xx_hal_rcc_ex.o
 .debug_aranges
                0x00000788      0x3e0 ./Drivers/STM32H7xx_HAL_Driver/Src/stm32h7xx_hal_tim.o
 .debug_aranges
                0x00000b68      0x188 ./Drivers/STM32H7xx_HAL_Driver/Src/stm32h7xx_hal_tim_ex.o
 .debug_aranges
                0x00000cf0      0x248 ./Drivers/STM32H7xx_HAL_Driver/Src/stm32h7xx_hal_uart.o
 .debug_aranges
                0x00000f38       0xa8 ./Drivers/STM32H7xx_HAL_Driver/Src/stm32h7xx_hal_uart_ex.o

.debug_rnglists
                0x00000000      0xc65
 .debug_rnglists
                0x00000000       0x14 ./Core/Src/gpio.o
 .debug_rnglists
                0x00000014       0x20 ./Core/Src/main.o
 .debug_rnglists
                0x00000034       0x13 ./Core/Src/stm32h7xx_hal_msp.o
 .debug_rnglists
                0x00000047       0x4f ./Core/Src/stm32h7xx_it.o
 .debug_rnglists
                0x00000096       0x1b ./Core/Src/system_stm32h7xx.o
 .debug_rnglists
                0x000000b1       0x1f ./Core/Src/tim.o
 .debug_rnglists
                0x000000d0       0x21 ./Core/Src/usart.o
 .debug_rnglists
                0x000000f1       0x19 ./Core/Startup/startup_stm32h743zitx.o
 .debug_rnglists
                0x0000010a      0x131 ./Drivers/STM32H7xx_HAL_Driver/Src/stm32h7xx_hal.o
 .debug_rnglists
                0x0000023b       0xe0 ./Drivers/STM32H7xx_HAL_Driver/Src/stm32h7xx_hal_cortex.o
 .debug_rnglists
                0x0000031b       0x3f ./Drivers/STM32H7xx_HAL_Driver/Src/stm32h7xx_hal_gpio.o
 .debug_rnglists
                0x0000035a      0x103 ./Drivers/STM32H7xx_HAL_Driver/Src/stm32h7xx_hal_pwr_ex.o
 .debug_rnglists
                0x0000045d       0x68 ./Drivers/STM32H7xx_HAL_Driver/Src/stm32h7xx_hal_rcc.o
 .debug_rnglists
                0x000004c5       0xc0 ./Drivers/STM32H7xx_HAL_Driver/Src/stm32h7xx_hal_rcc_ex.o
 .debug_rnglists
                0x00000585      0x328 ./Drivers/STM32H7xx_HAL_Driver/Src/stm32h7xx_hal_tim.o
 .debug_rnglists
                0x000008ad      0x13f ./Drivers/STM32H7xx_HAL_Driver/Src/stm32h7xx_hal_tim_ex.o
 .debug_rnglists
                0x000009ec      0x1fa ./Drivers/STM32H7xx_HAL_Driver/Src/stm32h7xx_hal_uart.o
 .debug_rnglists
                0x00000be6       0x7f ./Drivers/STM32H7xx_HAL_Driver/Src/stm32h7xx_hal_uart_ex.o

.debug_macro    0x00000000    0x370c8
 .debug_macro   0x00000000      0x2c0 ./Core/Src/gpio.o
 .debug_macro   0x000002c0      0xacc ./Core/Src/gpio.o
 .debug_macro   0x00000d8c      0x238 ./Core/Src/gpio.o
 .debug_macro   0x00000fc4       0x2e ./Core/Src/gpio.o
 .debug_macro   0x00000ff2       0x3b ./Core/Src/gpio.o
 .debug_macro   0x0000102d       0x22 ./Core/Src/gpio.o
 .debug_macro   0x0000104f       0x8e ./Core/Src/gpio.o
 .debug_macro   0x000010dd       0x51 ./Core/Src/gpio.o
 .debug_macro   0x0000112e      0x103 ./Core/Src/gpio.o
 .debug_macro   0x00001231       0x6a ./Core/Src/gpio.o
 .debug_macro   0x0000129b      0x1df ./Core/Src/gpio.o
 .debug_macro   0x0000147a       0x1c ./Core/Src/gpio.o
 .debug_macro   0x00001496       0x22 ./Core/Src/gpio.o
 .debug_macro   0x000014b8       0xfb ./Core/Src/gpio.o
 .debug_macro   0x000015b3     0x1305 ./Core/Src/gpio.o
 .debug_macro   0x000028b8      0x11f ./Core/Src/gpio.o
 .debug_macro   0x000029d7       0x27 ./Core/Src/gpio.o
 .debug_macro   0x000029fe    0x258f9 ./Core/Src/gpio.o
 .debug_macro   0x000282f7       0x6d ./Core/Src/gpio.o
 .debug_macro   0x00028364     0x3d79 ./Core/Src/gpio.o
 .debug_macro   0x0002c0dd      0x189 ./Core/Src/gpio.o
 .debug_macro   0x0002c266       0x61 ./Core/Src/gpio.o
 .debug_macro   0x0002c2c7       0x29 ./Core/Src/gpio.o
 .debug_macro   0x0002c2f0       0x43 ./Core/Src/gpio.o
 .debug_macro   0x0002c333       0x34 ./Core/Src/gpio.o
 .debug_macro   0x0002c367       0x16 ./Core/Src/gpio.o
 .debug_macro   0x0002c37d       0x43 ./Core/Src/gpio.o
 .debug_macro   0x0002c3c0       0x34 ./Core/Src/gpio.o
 .debug_macro   0x0002c3f4       0x10 ./Core/Src/gpio.o
 .debug_macro   0x0002c404       0x58 ./Core/Src/gpio.o
 .debug_macro   0x0002c45c       0x8e ./Core/Src/gpio.o
 .debug_macro   0x0002c4ea       0x1c ./Core/Src/gpio.o
 .debug_macro   0x0002c506      0x177 ./Core/Src/gpio.o
 .debug_macro   0x0002c67d      0x369 ./Core/Src/gpio.o
 .debug_macro   0x0002c9e6      0x19b ./Core/Src/gpio.o
 .debug_macro   0x0002cb81       0x5d ./Core/Src/gpio.o
 .debug_macro   0x0002cbde     0x2382 ./Core/Src/gpio.o
 .debug_macro   0x0002ef60     0x102c ./Core/Src/gpio.o
 .debug_macro   0x0002ff8c      0x154 ./Core/Src/gpio.o
 .debug_macro   0x000300e0      0x114 ./Core/Src/gpio.o
 .debug_macro   0x000301f4      0x3b6 ./Core/Src/gpio.o
 .debug_macro   0x000305aa       0xac ./Core/Src/gpio.o
 .debug_macro   0x00030656      0x72d ./Core/Src/gpio.o
 .debug_macro   0x00030d83      0x228 ./Core/Src/gpio.o
 .debug_macro   0x00030fab       0x66 ./Core/Src/gpio.o
 .debug_macro   0x00031011      0x3bb ./Core/Src/gpio.o
 .debug_macro   0x000313cc      0x3e4 ./Core/Src/gpio.o
 .debug_macro   0x000317b0      0x275 ./Core/Src/gpio.o
 .debug_macro   0x00031a25      0x3ca ./Core/Src/gpio.o
 .debug_macro   0x00031def      0x408 ./Core/Src/gpio.o
 .debug_macro   0x000321f7       0x51 ./Core/Src/gpio.o
 .debug_macro   0x00032248       0x4a ./Core/Src/gpio.o
 .debug_macro   0x00032292      0x22c ./Core/Src/gpio.o
 .debug_macro   0x000324be       0x67 ./Core/Src/gpio.o
 .debug_macro   0x00032525       0xa5 ./Core/Src/gpio.o
 .debug_macro   0x000325ca      0x1c4 ./Core/Src/gpio.o
 .debug_macro   0x0003278e      0x25e ./Core/Src/gpio.o
 .debug_macro   0x000329ec       0x35 ./Core/Src/gpio.o
 .debug_macro   0x00032a21      0xafa ./Core/Src/gpio.o
 .debug_macro   0x0003351b      0x29f ./Core/Src/gpio.o
 .debug_macro   0x000337ba      0x693 ./Core/Src/gpio.o
 .debug_macro   0x00033e4d       0xa6 ./Core/Src/gpio.o
 .debug_macro   0x00033ef3      0x5a0 ./Core/Src/gpio.o
 .debug_macro   0x00034493       0x4c ./Core/Src/gpio.o
 .debug_macro   0x000344df      0x2e2 ./Core/Src/main.o
 .debug_macro   0x000347c1      0x2b6 ./Core/Src/stm32h7xx_hal_msp.o
 .debug_macro   0x00034a77      0x2c0 ./Core/Src/stm32h7xx_it.o
 .debug_macro   0x00034d37      0x2a7 ./Core/Src/system_stm32h7xx.o
 .debug_macro   0x00034fde      0x2c0 ./Core/Src/tim.o
 .debug_macro   0x0003529e      0x2c0 ./Core/Src/usart.o
 .debug_macro   0x0003555e      0x2d1 ./Drivers/STM32H7xx_HAL_Driver/Src/stm32h7xx_hal.o
 .debug_macro   0x0003582f      0x2a7 ./Drivers/STM32H7xx_HAL_Driver/Src/stm32h7xx_hal_cortex.o
 .debug_macro   0x00035ad6      0x2ae ./Drivers/STM32H7xx_HAL_Driver/Src/stm32h7xx_hal_gpio.o
 .debug_macro   0x00035d84      0x2e0 ./Drivers/STM32H7xx_HAL_Driver/Src/stm32h7xx_hal_pwr_ex.o
 .debug_macro   0x00036064      0x2cb ./Drivers/STM32H7xx_HAL_Driver/Src/stm32h7xx_hal_rcc.o
 .debug_macro   0x0003632f      0x2c5 ./Drivers/STM32H7xx_HAL_Driver/Src/stm32h7xx_hal_rcc_ex.o
 .debug_macro   0x000365f4      0x2a8 ./Drivers/STM32H7xx_HAL_Driver/Src/stm32h7xx_hal_tim.o
 .debug_macro   0x0003689c      0x2a7 ./Drivers/STM32H7xx_HAL_Driver/Src/stm32h7xx_hal_tim_ex.o
 .debug_macro   0x00036b43      0x2d2 ./Drivers/STM32H7xx_HAL_Driver/Src/stm32h7xx_hal_uart.o
 .debug_macro   0x00036e15      0x2b3 ./Drivers/STM32H7xx_HAL_Driver/Src/stm32h7xx_hal_uart_ex.o

.debug_line     0x00000000    0x1533d
 .debug_line    0x00000000      0x8e5 ./Core/Src/gpio.o
 .debug_line    0x000008e5      0x91c ./Core/Src/main.o
 .debug_line    0x00001201      0x850 ./Core/Src/stm32h7xx_hal_msp.o
 .debug_line    0x00001a51      0x97c ./Core/Src/stm32h7xx_it.o
 .debug_line    0x000023cd      0xa0c ./Core/Src/system_stm32h7xx.o
 .debug_line    0x00002dd9      0x8ab ./Core/Src/tim.o
 .debug_line    0x00003684      0x8f1 ./Core/Src/usart.o
 .debug_line    0x00003f75       0x7a ./Core/Startup/startup_stm32h743zitx.o
 .debug_line    0x00003fef      0xe01 ./Drivers/STM32H7xx_HAL_Driver/Src/stm32h7xx_hal.o
 .debug_line    0x00004df0      0xe30 ./Drivers/STM32H7xx_HAL_Driver/Src/stm32h7xx_hal_cortex.o
 .debug_line    0x00005c20      0xcd9 ./Drivers/STM32H7xx_HAL_Driver/Src/stm32h7xx_hal_gpio.o
 .debug_line    0x000068f9      0xf24 ./Drivers/STM32H7xx_HAL_Driver/Src/stm32h7xx_hal_pwr_ex.o
 .debug_line    0x0000781d     0x13d1 ./Drivers/STM32H7xx_HAL_Driver/Src/stm32h7xx_hal_rcc.o
 .debug_line    0x00008bee     0x1ce9 ./Drivers/STM32H7xx_HAL_Driver/Src/stm32h7xx_hal_rcc_ex.o
 .debug_line    0x0000a8d7     0x3f97 ./Drivers/STM32H7xx_HAL_Driver/Src/stm32h7xx_hal_tim.o
 .debug_line    0x0000e86e     0x1da1 ./Drivers/STM32H7xx_HAL_Driver/Src/stm32h7xx_hal_tim_ex.o
 .debug_line    0x0001060f     0x3e8f ./Drivers/STM32H7xx_HAL_Driver/Src/stm32h7xx_hal_uart.o
 .debug_line    0x0001449e      0xe9f ./Drivers/STM32H7xx_HAL_Driver/Src/stm32h7xx_hal_uart_ex.o

.debug_str      0x00000000   0x1619df
 .debug_str     0x00000000   0x15c977 ./Core/Src/gpio.o
                             0x15ce37 (size before relaxing)
 .debug_str     0x0015c977      0x332 ./Core/Src/main.o
                             0x15c687 (size before relaxing)
 .debug_str     0x0015cca9       0x2c ./Core/Src/stm32h7xx_hal_msp.o
                             0x15c50b (size before relaxing)
 .debug_str     0x0015ccd5      0x688 ./Core/Src/stm32h7xx_it.o
                             0x15ca62 (size before relaxing)
 .debug_str     0x0015d35d      0x344 ./Core/Src/system_stm32h7xx.o
                             0x15c707 (size before relaxing)
 .debug_str     0x0015d6a1       0xf8 ./Core/Src/tim.o
                             0x15d4be (size before relaxing)
 .debug_str     0x0015d799      0x61d ./Core/Src/usart.o
                             0x15cf8e (size before relaxing)
 .debug_str     0x0015ddb6       0x44 ./Core/Startup/startup_stm32h743zitx.o
                                 0x83 (size before relaxing)
 .debug_str     0x0015ddfa      0x7f9 ./Drivers/STM32H7xx_HAL_Driver/Src/stm32h7xx_hal.o
                             0x15d61d (size before relaxing)
 .debug_str     0x0015e5f3      0x364 ./Drivers/STM32H7xx_HAL_Driver/Src/stm32h7xx_hal_cortex.o
                             0x15d058 (size before relaxing)
 .debug_str     0x0015e957       0xd3 ./Drivers/STM32H7xx_HAL_Driver/Src/stm32h7xx_hal_gpio.o
                             0x15c6be (size before relaxing)
 .debug_str     0x0015ea2a      0x642 ./Drivers/STM32H7xx_HAL_Driver/Src/stm32h7xx_hal_pwr_ex.o
                             0x15cb7f (size before relaxing)
 .debug_str     0x0015f06c      0x22e ./Drivers/STM32H7xx_HAL_Driver/Src/stm32h7xx_hal_rcc.o
                             0x15caa2 (size before relaxing)
 .debug_str     0x0015f29a      0x64b ./Drivers/STM32H7xx_HAL_Driver/Src/stm32h7xx_hal_rcc_ex.o
                             0x15cf83 (size before relaxing)
 .debug_str     0x0015f8e5      0xeac ./Drivers/STM32H7xx_HAL_Driver/Src/stm32h7xx_hal_tim.o
                             0x15d841 (size before relaxing)
 .debug_str     0x00160791      0x590 ./Drivers/STM32H7xx_HAL_Driver/Src/stm32h7xx_hal_tim_ex.o
                             0x15d169 (size before relaxing)
 .debug_str     0x00160d21      0xa58 ./Drivers/STM32H7xx_HAL_Driver/Src/stm32h7xx_hal_uart.o
                             0x15d5e3 (size before relaxing)
 .debug_str     0x00161779      0x266 ./Drivers/STM32H7xx_HAL_Driver/Src/stm32h7xx_hal_uart_ex.o
                             0x15cba3 (size before relaxing)

.comment        0x00000000       0x43
 .comment       0x00000000       0x43 ./Core/Src/gpio.o
                                 0x44 (size before relaxing)
 .comment       0x00000043       0x44 ./Core/Src/main.o
 .comment       0x00000043       0x44 ./Core/Src/stm32h7xx_hal_msp.o
 .comment       0x00000043       0x44 ./Core/Src/stm32h7xx_it.o
 .comment       0x00000043       0x44 ./Core/Src/system_stm32h7xx.o
 .comment       0x00000043       0x44 ./Core/Src/tim.o
 .comment       0x00000043       0x44 ./Core/Src/usart.o
 .comment       0x00000043       0x44 ./Drivers/STM32H7xx_HAL_Driver/Src/stm32h7xx_hal.o
 .comment       0x00000043       0x44 ./Drivers/STM32H7xx_HAL_Driver/Src/stm32h7xx_hal_cortex.o
 .comment       0x00000043       0x44 ./Drivers/STM32H7xx_HAL_Driver/Src/stm32h7xx_hal_gpio.o
 .comment       0x00000043       0x44 ./Drivers/STM32H7xx_HAL_Driver/Src/stm32h7xx_hal_pwr_ex.o
 .comment       0x00000043       0x44 ./Drivers/STM32H7xx_HAL_Driver/Src/stm32h7xx_hal_rcc.o
 .comment       0x00000043       0x44 ./Drivers/STM32H7xx_HAL_Driver/Src/stm32h7xx_hal_rcc_ex.o
 .comment       0x00000043       0x44 ./Drivers/STM32H7xx_HAL_Driver/Src/stm32h7xx_hal_tim.o
 .comment       0x00000043       0x44 ./Drivers/STM32H7xx_HAL_Driver/Src/stm32h7xx_hal_tim_ex.o
 .comment       0x00000043       0x44 ./Drivers/STM32H7xx_HAL_Driver/Src/stm32h7xx_hal_uart.o
 .comment       0x00000043       0x44 ./Drivers/STM32H7xx_HAL_Driver/Src/stm32h7xx_hal_uart_ex.o

.debug_frame    0x00000000     0x42c4
 .debug_frame   0x00000000       0x38 ./Core/Src/gpio.o
 .debug_frame   0x00000038       0x68 ./Core/Src/main.o
 .debug_frame   0x000000a0       0x38 ./Core/Src/stm32h7xx_hal_msp.o
 .debug_frame   0x000000d8      0x13c ./Core/Src/stm32h7xx_it.o
 .debug_frame   0x00000214       0x58 ./Core/Src/system_stm32h7xx.o
 .debug_frame   0x0000026c       0x7c ./Core/Src/tim.o
 .debug_frame   0x000002e8       0x78 ./Core/Src/usart.o
 .debug_frame   0x00000360      0x690 ./Drivers/STM32H7xx_HAL_Driver/Src/stm32h7xx_hal.o
 .debug_frame   0x000009f0      0x508 ./Drivers/STM32H7xx_HAL_Driver/Src/stm32h7xx_hal_cortex.o
 .debug_frame   0x00000ef8      0x14c ./Drivers/STM32H7xx_HAL_Driver/Src/stm32h7xx_hal_gpio.o
 .debug_frame   0x00001044      0x580 ./Drivers/STM32H7xx_HAL_Driver/Src/stm32h7xx_hal_pwr_ex.o
 .debug_frame   0x000015c4      0x1f8 ./Drivers/STM32H7xx_HAL_Driver/Src/stm32h7xx_hal_rcc.o
 .debug_frame   0x000017bc      0x414 ./Drivers/STM32H7xx_HAL_Driver/Src/stm32h7xx_hal_rcc_ex.o
 .debug_frame   0x00001bd0     0x121c ./Drivers/STM32H7xx_HAL_Driver/Src/stm32h7xx_hal_tim.o
 .debug_frame   0x00002dec      0x6d8 ./Drivers/STM32H7xx_HAL_Driver/Src/stm32h7xx_hal_tim_ex.o
 .debug_frame   0x000034c4      0xa94 ./Drivers/STM32H7xx_HAL_Driver/Src/stm32h7xx_hal_uart.o
 .debug_frame   0x00003f58      0x2c0 ./Drivers/STM32H7xx_HAL_Driver/Src/stm32h7xx_hal_uart_ex.o
 .debug_frame   0x00004218       0x20 /home/uboldee/st/stm32cubeide_1.16.1_2/plugins/com.st.stm32cube.ide.mcu.externaltools.gnu-tools-for-stm32.12.3.rel1.linux64_1.0.200.202406132123/tools/bin/../lib/gcc/arm-none-eabi/12.3.1/../../../../arm-none-eabi/lib/thumb/v7e-m+dp/hard/libc_nano.a(libc_a-memset.o)
 .debug_frame   0x00004238       0x2c /home/uboldee/st/stm32cubeide_1.16.1_2/plugins/com.st.stm32cube.ide.mcu.externaltools.gnu-tools-for-stm32.12.3.rel1.linux64_1.0.200.202406132123/tools/bin/../lib/gcc/arm-none-eabi/12.3.1/../../../../arm-none-eabi/lib/thumb/v7e-m+dp/hard/libc_nano.a(libc_a-init.o)
 .debug_frame   0x00004264       0x2c /home/uboldee/st/stm32cubeide_1.16.1_2/plugins/com.st.stm32cube.ide.mcu.externaltools.gnu-tools-for-stm32.12.3.rel1.linux64_1.0.200.202406132123/tools/bin/../lib/gcc/arm-none-eabi/12.3.1/thumb/v7e-m+dp/hard/libgcc.a(_aeabi_uldivmod.o)
 .debug_frame   0x00004290       0x34 /home/uboldee/st/stm32cubeide_1.16.1_2/plugins/com.st.stm32cube.ide.mcu.externaltools.gnu-tools-for-stm32.12.3.rel1.linux64_1.0.200.202406132123/tools/bin/../lib/gcc/arm-none-eabi/12.3.1/thumb/v7e-m+dp/hard/libgcc.a(_udivmoddi4.o)

.debug_line_str
                0x00000000       0x67
 .debug_line_str
                0x00000000       0x67 ./Core/Startup/startup_stm32h743zitx.o
