Archive member included to satisfy reference by file (symbol)

C:/ST/STM32CubeIDE_1.16.1/STM32CubeIDE/plugins/com.st.stm32cube.ide.mcu.externaltools.gnu-tools-for-stm32.12.3.rel1.win32_1.0.200.202406191623/tools/bin/../lib/gcc/arm-none-eabi/12.3.1/../../../../arm-none-eabi/lib/thumb/v7e-m+dp/hard\libc_nano.a(libc_a-exit.o)
                              C:/ST/STM32CubeIDE_1.16.1/STM32CubeIDE/plugins/com.st.stm32cube.ide.mcu.externaltools.gnu-tools-for-stm32.12.3.rel1.win32_1.0.200.202406191623/tools/bin/../lib/gcc/arm-none-eabi/12.3.1/../../../../arm-none-eabi/lib/thumb/v7e-m+dp/hard/crt0.o (exit)
C:/ST/STM32CubeIDE_1.16.1/STM32CubeIDE/plugins/com.st.stm32cube.ide.mcu.externaltools.gnu-tools-for-stm32.12.3.rel1.win32_1.0.200.202406191623/tools/bin/../lib/gcc/arm-none-eabi/12.3.1/../../../../arm-none-eabi/lib/thumb/v7e-m+dp/hard\libc_nano.a(libc_a-findfp.o)
                              C:/ST/STM32CubeIDE_1.16.1/STM32CubeIDE/plugins/com.st.stm32cube.ide.mcu.externaltools.gnu-tools-for-stm32.12.3.rel1.win32_1.0.200.202406191623/tools/bin/../lib/gcc/arm-none-eabi/12.3.1/../../../../arm-none-eabi/lib/thumb/v7e-m+dp/hard\libc_nano.a(libc_a-exit.o) (__stdio_exit_handler)
C:/ST/STM32CubeIDE_1.16.1/STM32CubeIDE/plugins/com.st.stm32cube.ide.mcu.externaltools.gnu-tools-for-stm32.12.3.rel1.win32_1.0.200.202406191623/tools/bin/../lib/gcc/arm-none-eabi/12.3.1/../../../../arm-none-eabi/lib/thumb/v7e-m+dp/hard\libc_nano.a(libc_a-fwalk.o)
                              C:/ST/STM32CubeIDE_1.16.1/STM32CubeIDE/plugins/com.st.stm32cube.ide.mcu.externaltools.gnu-tools-for-stm32.12.3.rel1.win32_1.0.200.202406191623/tools/bin/../lib/gcc/arm-none-eabi/12.3.1/../../../../arm-none-eabi/lib/thumb/v7e-m+dp/hard\libc_nano.a(libc_a-findfp.o) (_fwalk_sglue)
C:/ST/STM32CubeIDE_1.16.1/STM32CubeIDE/plugins/com.st.stm32cube.ide.mcu.externaltools.gnu-tools-for-stm32.12.3.rel1.win32_1.0.200.202406191623/tools/bin/../lib/gcc/arm-none-eabi/12.3.1/../../../../arm-none-eabi/lib/thumb/v7e-m+dp/hard\libc_nano.a(libc_a-stdio.o)
                              C:/ST/STM32CubeIDE_1.16.1/STM32CubeIDE/plugins/com.st.stm32cube.ide.mcu.externaltools.gnu-tools-for-stm32.12.3.rel1.win32_1.0.200.202406191623/tools/bin/../lib/gcc/arm-none-eabi/12.3.1/../../../../arm-none-eabi/lib/thumb/v7e-m+dp/hard\libc_nano.a(libc_a-findfp.o) (__sread)
C:/ST/STM32CubeIDE_1.16.1/STM32CubeIDE/plugins/com.st.stm32cube.ide.mcu.externaltools.gnu-tools-for-stm32.12.3.rel1.win32_1.0.200.202406191623/tools/bin/../lib/gcc/arm-none-eabi/12.3.1/../../../../arm-none-eabi/lib/thumb/v7e-m+dp/hard\libc_nano.a(libc_a-memset.o)
                              C:/ST/STM32CubeIDE_1.16.1/STM32CubeIDE/plugins/com.st.stm32cube.ide.mcu.externaltools.gnu-tools-for-stm32.12.3.rel1.win32_1.0.200.202406191623/tools/bin/../lib/gcc/arm-none-eabi/12.3.1/../../../../arm-none-eabi/lib/thumb/v7e-m+dp/hard/crt0.o (memset)
C:/ST/STM32CubeIDE_1.16.1/STM32CubeIDE/plugins/com.st.stm32cube.ide.mcu.externaltools.gnu-tools-for-stm32.12.3.rel1.win32_1.0.200.202406191623/tools/bin/../lib/gcc/arm-none-eabi/12.3.1/../../../../arm-none-eabi/lib/thumb/v7e-m+dp/hard\libc_nano.a(libc_a-closer.o)
                              C:/ST/STM32CubeIDE_1.16.1/STM32CubeIDE/plugins/com.st.stm32cube.ide.mcu.externaltools.gnu-tools-for-stm32.12.3.rel1.win32_1.0.200.202406191623/tools/bin/../lib/gcc/arm-none-eabi/12.3.1/../../../../arm-none-eabi/lib/thumb/v7e-m+dp/hard\libc_nano.a(libc_a-stdio.o) (_close_r)
C:/ST/STM32CubeIDE_1.16.1/STM32CubeIDE/plugins/com.st.stm32cube.ide.mcu.externaltools.gnu-tools-for-stm32.12.3.rel1.win32_1.0.200.202406191623/tools/bin/../lib/gcc/arm-none-eabi/12.3.1/../../../../arm-none-eabi/lib/thumb/v7e-m+dp/hard\libc_nano.a(libc_a-reent.o)
                              C:/ST/STM32CubeIDE_1.16.1/STM32CubeIDE/plugins/com.st.stm32cube.ide.mcu.externaltools.gnu-tools-for-stm32.12.3.rel1.win32_1.0.200.202406191623/tools/bin/../lib/gcc/arm-none-eabi/12.3.1/../../../../arm-none-eabi/lib/thumb/v7e-m+dp/hard\libc_nano.a(libc_a-closer.o) (errno)
C:/ST/STM32CubeIDE_1.16.1/STM32CubeIDE/plugins/com.st.stm32cube.ide.mcu.externaltools.gnu-tools-for-stm32.12.3.rel1.win32_1.0.200.202406191623/tools/bin/../lib/gcc/arm-none-eabi/12.3.1/../../../../arm-none-eabi/lib/thumb/v7e-m+dp/hard\libc_nano.a(libc_a-impure.o)
                              C:/ST/STM32CubeIDE_1.16.1/STM32CubeIDE/plugins/com.st.stm32cube.ide.mcu.externaltools.gnu-tools-for-stm32.12.3.rel1.win32_1.0.200.202406191623/tools/bin/../lib/gcc/arm-none-eabi/12.3.1/../../../../arm-none-eabi/lib/thumb/v7e-m+dp/hard\libc_nano.a(libc_a-reent.o) (_impure_ptr)
C:/ST/STM32CubeIDE_1.16.1/STM32CubeIDE/plugins/com.st.stm32cube.ide.mcu.externaltools.gnu-tools-for-stm32.12.3.rel1.win32_1.0.200.202406191623/tools/bin/../lib/gcc/arm-none-eabi/12.3.1/../../../../arm-none-eabi/lib/thumb/v7e-m+dp/hard\libc_nano.a(libc_a-lseekr.o)
[...]
Memory Configuration

Name             Origin             Length             Attributes
FLASH            0x08000000         0x00200000         xr
DTCMRAM          0x20000000         0x00020000         xrw
RAM_D1           0x24000000         0x00080000         xrw
RAM_D2           0x30000000         0x00048000         xrw
RAM_D3           0x38000000         0x00010000         xrw
ITCMRAM          0x00000000         0x00010000         xrw
*default*        0x00000000         0xffffffff

Linker script and memory map

LOAD C:/ST/STM32CubeIDE_1.16.1/STM32CubeIDE/plugins/com.st.stm32cube.ide.mcu.externaltools.gnu-tools-for-stm32.12.3.rel1.win32_1.0.200.202406191623/tools/bin/../lib/gcc/arm-none-eabi/12.3.1/thumb/v7e-m+dp/hard/crti.o
LOAD C:/ST/STM32CubeIDE_1.16.1/STM32CubeIDE/plugins/com.st.stm32cube.ide.mcu.externaltools.gnu-tools-for-stm32.12.3.rel1.win32_1.0.200.202406191623/tools/bin/../lib/gcc/arm-none-eabi/12.3.1/thumb/v7e-m+dp/hard/crtbegin.o
LOAD C:/ST/STM32CubeIDE_1.16.1/STM32CubeIDE/plugins/com.st.stm32cube.ide.mcu.externaltools.gnu-tools-for-stm32.12.3.rel1.win32_1.0.200.202406191623/tools/bin/../lib/gcc/arm-none-eabi/12.3.1/../../../../arm-none-eabi/lib/thumb/v7e-m+dp/hard/crt0.o
LOAD ./Core/Src/ESPE_my_DMA.o
LOAD ./Core/Src/adc.o
LOAD ./Core/Src/comp.o
LOAD ./Core/Src/dac.o
LOAD ./Core/Src/dma.o
LOAD ./Core/Src/gpio.o
LOAD ./Core/Src/main.o
LOAD ./Core/Src/memorymap.o
LOAD ./Core/Src/stm32h7xx_hal_msp.o
LOAD ./Core/Src/stm32h7xx_it.o
LOAD ./Core/Src/syscalls.o
LOAD ./Core/Src/sysmem.o
LOAD ./Core/Src/system_stm32h7xx.o
LOAD ./Core/Src/tim.o
LOAD ./Core/Src/usart.o
LOAD ./Core/Src/usb_otg.o
LOAD ./Core/Startup/startup_stm32h743zitx.o
LOAD ./Drivers/STM32H7xx_HAL_Driver/Src/stm32h7xx_hal.o
LOAD ./Drivers/STM32H7xx_HAL_Driver/Src/stm32h7xx_hal_adc.o
LOAD ./Drivers/STM32H7xx_HAL_Driver/Src/stm32h7xx_hal_adc_ex.o
LOAD ./Drivers/STM32H7xx_HAL_Driver/Src/stm32h7xx_hal_comp.o
LOAD ./Drivers/STM32H7xx_HAL_Driver/Src/stm32h7xx_hal_cortex.o
LOAD ./Drivers/STM32H7xx_HAL_Driver/Src/stm32h7xx_hal_dac.o
LOAD ./Drivers/STM32H7xx_HAL_Driver/Src/stm32h7xx_hal_dac_ex.o
LOAD ./Drivers/STM32H7xx_HAL_Driver/Src/stm32h7xx_hal_dma.o
LOAD ./Drivers/STM32H7xx_HAL_Driver/Src/stm32h7xx_hal_dma_ex.o
LOAD ./Drivers/STM32H7xx_HAL_Driver/Src/stm32h7xx_hal_exti.o
LOAD ./Drivers/STM32H7xx_HAL_Driver/Src/stm32h7xx_hal_flash.o
LOAD ./Drivers/STM32H7xx_HAL_Driver/Src/stm32h7xx_hal_flash_ex.o
LOAD ./Drivers/STM32H7xx_HAL_Driver/Src/stm32h7xx_hal_gpio.o
LOAD ./Drivers/STM32H7xx_HAL_Driver/Src/stm32h7xx_hal_hsem.o
LOAD ./Drivers/STM32H7xx_HAL_Driver/Src/stm32h7xx_hal_i2c.o
LOAD ./Drivers/STM32H7xx_HAL_Driver/Src/stm32h7xx_hal_i2c_ex.o
LOAD ./Drivers/STM32H7xx_HAL_Driver/Src/stm32h7xx_hal_mdma.o
LOAD ./Drivers/STM32H7xx_HAL_Driver/Src/stm32h7xx_hal_pcd.o
LOAD ./Drivers/STM32H7xx_HAL_Driver/Src/stm32h7xx_hal_pcd_ex.o
LOAD ./Drivers/STM32H7xx_HAL_Driver/Src/stm32h7xx_hal_pwr.o
LOAD ./Drivers/STM32H7xx_HAL_Driver/Src/stm32h7xx_hal_pwr_ex.o
LOAD ./Drivers/STM32H7xx_HAL_Driver/Src/stm32h7xx_hal_rcc.o
LOAD ./Drivers/STM32H7xx_HAL_Driver/Src/stm32h7xx_hal_rcc_ex.o
LOAD ./Drivers/STM32H7xx_HAL_Driver/Src/stm32h7xx_hal_tim.o
LOAD ./Drivers/STM32H7xx_HAL_Driver/Src/stm32h7xx_hal_tim_ex.o
LOAD ./Drivers/STM32H7xx_HAL_Driver/Src/stm32h7xx_hal_uart.o
LOAD ./Drivers/STM32H7xx_HAL_Driver/Src/stm32h7xx_hal_uart_ex.o
LOAD ./Drivers/STM32H7xx_HAL_Driver/Src/stm32h7xx_ll_usb.o
START GROUP
LOAD C:/ST/STM32CubeIDE_1.16.1/STM32CubeIDE/plugins/com.st.stm32cube.ide.mcu.externaltools.gnu-tools-for-stm32.12.3.rel1.win32_1.0.200.202406191623/tools/bin/../lib/gcc/arm-none-eabi/12.3.1/../../../../arm-none-eabi/lib/thumb/v7e-m+dp/hard\libc_nano.a
LOAD C:/ST/STM32CubeIDE_1.16.1/STM32CubeIDE/plugins/com.st.stm32cube.ide.mcu.externaltools.gnu-tools-for-stm32.12.3.rel1.win32_1.0.200.202406191623/tools/bin/../lib/gcc/arm-none-eabi/12.3.1/../../../../arm-none-eabi/lib/thumb/v7e-m+dp/hard\libm.a
END GROUP
START GROUP
LOAD C:/ST/STM32CubeIDE_1.16.1/STM32CubeIDE/plugins/com.st.stm32cube.ide.mcu.externaltools.gnu-tools-for-stm32.12.3.rel1.win32_1.0.200.202406191623/tools/bin/../lib/gcc/arm-none-eabi/12.3.1/thumb/v7e-m+dp/hard\libgcc.a
LOAD C:/ST/STM32CubeIDE_1.16.1/STM32CubeIDE/plugins/com.st.stm32cube.ide.mcu.externaltools.gnu-tools-for-stm32.12.3.rel1.win32_1.0.200.202406191623/tools/bin/../lib/gcc/arm-none-eabi/12.3.1/../../../../arm-none-eabi/lib/thumb/v7e-m+dp/hard\libc_nano.a
END GROUP
START GROUP
LOAD C:/ST/STM32CubeIDE_1.16.1/STM32CubeIDE/plugins/com.st.stm32cube.ide.mcu.externaltools.gnu-tools-for-stm32.12.3.rel1.win32_1.0.200.202406191623/tools/bin/../lib/gcc/arm-none-eabi/12.3.1/thumb/v7e-m+dp/hard\libgcc.a
LOAD C:/ST/STM32CubeIDE_1.16.1/STM32CubeIDE/plugins/com.st.stm32cube.ide.mcu.externaltools.gnu-tools-for-stm32.12.3.rel1.win32_1.0.200.202406191623/tools/bin/../lib/gcc/arm-none-eabi/12.3.1/../../../../arm-none-eabi/lib/thumb/v7e-m+dp/hard\libc_nano.a
LOAD C:/ST/STM32CubeIDE_1.16.1/STM32CubeIDE/plugins/com.st.stm32cube.ide.mcu.externaltools.gnu-tools-for-stm32.12.3.rel1.win32_1.0.200.202406191623/tools/bin/../lib/gcc/arm-none-eabi/12.3.1/../../../../arm-none-eabi/lib/thumb/v7e-m+dp/hard\libnosys.a
END GROUP
START GROUP
LOAD C:/ST/STM32CubeIDE_1.16.1/STM32CubeIDE/plugins/com.st.stm32cube.ide.mcu.externaltools.gnu-tools-for-stm32.12.3.rel1.win32_1.0.200.202406191623/tools/bin/../lib/gcc/arm-none-eabi/12.3.1/thumb/v7e-m+dp/hard\libgcc.a
LOAD C:/ST/STM32CubeIDE_1.16.1/STM32CubeIDE/plugins/com.st.stm32cube.ide.mcu.externaltools.gnu-tools-for-stm32.12.3.rel1.win32_1.0.200.202406191623/tools/bin/../lib/gcc/arm-none-eabi/12.3.1/../../../../arm-none-eabi/lib/thumb/v7e-m+dp/hard\libc_nano.a
LOAD C:/ST/STM32CubeIDE_1.16.1/STM32CubeIDE/plugins/com.st.stm32cube.ide.mcu.externaltools.gnu-tools-for-stm32.12.3.rel1.win32_1.0.200.202406191623/tools/bin/../lib/gcc/arm-none-eabi/12.3.1/../../../../arm-none-eabi/lib/thumb/v7e-m+dp/hard\libnosys.a
END GROUP
LOAD C:/ST/STM32CubeIDE_1.16.1/STM32CubeIDE/plugins/com.st.stm32cube.ide.mcu.externaltools.gnu-tools-for-stm32.12.3.rel1.win32_1.0.200.202406191623/tools/bin/../lib/gcc/arm-none-eabi/12.3.1/thumb/v7e-m+dp/hard/crtend.o
LOAD C:/ST/STM32CubeIDE_1.16.1/STM32CubeIDE/plugins/com.st.stm32cube.ide.mcu.externaltools.gnu-tools-for-stm32.12.3.rel1.win32_1.0.200.202406191623/tools/bin/../lib/gcc/arm-none-eabi/12.3.1/thumb/v7e-m+dp/hard/crtn.o
                0x24080000                        _estack = (ORIGIN (RAM_D1) + LENGTH (RAM_D1))
                0x00000200                        _Min_Heap_Size = 0x200
                0x00000400                        _Min_Stack_Size = 0x400

.isr_vector     0x08000000      0x298
                0x08000000                        . = ALIGN (0x4)
 *(.isr_vector)
 .isr_vector    0x08000000      0x298 ./Core/Startup/startup_stm32h743zitx.o
                0x08000000                g_pfnVectors
                0x08000298                        . = ALIGN (0x4)

.text           0x08000298     0xa418
                0x08000298                        . = ALIGN (0x4)
 *(.text)
 .text          0x08000298       0x40 C:/ST/STM32CubeIDE_1.16.1/STM32CubeIDE/plugins/com.st.stm32cube.ide.mcu.externaltools.gnu-tools-for-stm32.12.3.rel1.win32_1.0.200.202406191623/tools/bin/../lib/gcc/arm-none-eabi/12.3.1/thumb/v7e-m+dp/hard/crtbegin.o
 .text          0x080002d8       0x30 C:/ST/STM32CubeIDE_1.16.1/STM32CubeIDE/plugins/com.st.stm32cube.ide.mcu.externaltools.gnu-tools-for-stm32.12.3.rel1.win32_1.0.200.202406191623/tools/bin/../lib/gcc/arm-none-eabi/12.3.1/thumb/v7e-m+dp/hard\libgcc.a(_aeabi_uldivmod.o)
                0x080002d8                __aeabi_uldivmod
 .text          0x08000308      0x2bc C:/ST/STM32CubeIDE_1.16.1/STM32CubeIDE/plugins/com.st.stm32cube.ide.mcu.externaltools.gnu-tools-for-stm32.12.3.rel1.win32_1.0.200.202406191623/tools/bin/../lib/gcc/arm-none-eabi/12.3.1/thumb/v7e-m+dp/hard\libgcc.a(_udivmoddi4.o)
                0x08000308                __udivmoddi4
 .text          0x080005c4        0x4 C:/ST/STM32CubeIDE_1.16.1/STM32CubeIDE/plugins/com.st.stm32cube.ide.mcu.externaltools.gnu-tools-for-stm32.12.3.rel1.win32_1.0.200.202406191623/tools/bin/../lib/gcc/arm-none-eabi/12.3.1/thumb/v7e-m+dp/hard\libgcc.a(_dvmd_tls.o)
                0x080005c4                __aeabi_idiv0
                0x080005c4                __aeabi_ldiv0
 *(.text*)
 .text.DMA_setup_ADC
                0x080005c8       0x2c ./Core/Src/ESPE_my_DMA.o
                0x080005c8                DMA_setup_ADC
 .text.DMA_reset
                0x080005f4       0x38 ./Core/Src/ESPE_my_DMA.o
                0x080005f4                DMA_reset
 .text.DMA_setup_USART
                0x0800062c       0x48 ./Core/Src/ESPE_my_DMA.o
                0x0800062c                DMA_setup_USART
 .text.ESPE_USART_init
                0x08000674       0x38 ./Core/Src/ESPE_my_DMA.o
                0x08000674                ESPE_USART_init
 .text.ESPE_ADC_init
                0x080006ac       0xc4 ./Core/Src/ESPE_my_DMA.o
                0x080006ac                ESPE_ADC_init
 .text.ESPE_TIM6_init
                0x08000770       0x24 ./Core/Src/ESPE_my_DMA.o
                0x08000770                ESPE_TIM6_init
 .text.ESPE_COMP_init
                0x08000794       0x44 ./Core/Src/ESPE_my_DMA.o
                0x08000794                ESPE_COMP_init
 .text.ESPE_USART_invert_mode
                0x080007d8       0x5c ./Core/Src/ESPE_my_DMA.o
                0x080007d8                ESPE_USART_invert_mode
 .text.ESPE_USART_char_start
                0x08000834       0x54 ./Core/Src/ESPE_my_DMA.o
                0x08000834                ESPE_USART_char_start
 .text.ESPE_DMA_switch_mode
                0x08000888       0x40 ./Core/Src/ESPE_my_DMA.o
                0x08000888                ESPE_DMA_switch_mode
 .text.ESPE_DMA_switch_back
                0x080008c8       0x54 ./Core/Src/ESPE_my_DMA.o
                0x080008c8                ESPE_DMA_switch_back
 .text.ESPE_DMA_COMP_Trigger
                0x0800091c       0x7c ./Core/Src/ESPE_my_DMA.o
                0x0800091c                ESPE_DMA_COMP_Trigger
 .text.ESPE_DMA_data_manipulation
                0x08000998       0x40 ./Core/Src/ESPE_my_DMA.o
                0x08000998                ESPE_DMA_data_manipulation
 .text.ESPE_DMA_end_transmission
                0x080009d8       0x6c ./Core/Src/ESPE_my_DMA.o
                0x080009d8                ESPE_DMA_end_transmission
 .text.MX_ADC3_Init
                0x08000a44       0xe0 ./Core/Src/adc.o
                0x08000a44                MX_ADC3_Init
 .text.HAL_ADC_MspInit
                0x08000b24      0x138 ./Core/Src/adc.o
                0x08000b24                HAL_ADC_MspInit
 .text.MX_COMP2_Init
                0x08000c5c       0x5c ./Core/Src/comp.o
                0x08000c5c                MX_COMP2_Init
 .text.HAL_COMP_MspInit
                0x08000cb8       0x8c ./Core/Src/comp.o
                0x08000cb8                HAL_COMP_MspInit
 .text.MX_DAC1_Init
                0x08000d44       0x64 ./Core/Src/dac.o
                0x08000d44                MX_DAC1_Init
 .text.HAL_DAC_MspInit
                0x08000da8       0x44 ./Core/Src/dac.o
                0x08000da8                HAL_DAC_MspInit
 .text.MX_DMA_Init
                0x08000dec       0x70 ./Core/Src/dma.o
                0x08000dec                MX_DMA_Init
 .text.MX_GPIO_Init
                0x08000e5c      0x240 ./Core/Src/gpio.o
                0x08000e5c                MX_GPIO_Init
 .text.main     0x0800109c       0x88 ./Core/Src/main.o
                0x0800109c                main
 .text.SystemClock_Config
                0x08001124      0x15c ./Core/Src/main.o
                0x08001124                SystemClock_Config
 .text.Error_Handler
                0x08001280        0xc ./Core/Src/main.o
                0x08001280                Error_Handler
 .text.HAL_MspInit
                0x0800128c       0x60 ./Core/Src/stm32h7xx_hal_msp.o
                0x0800128c                HAL_MspInit
 .text.NMI_Handler
                0x080012ec        0x8 ./Core/Src/stm32h7xx_it.o
                0x080012ec                NMI_Handler
 .text.HardFault_Handler
                0x080012f4        0x8 ./Core/Src/stm32h7xx_it.o
                0x080012f4                HardFault_Handler
 .text.MemManage_Handler
                0x080012fc        0x8 ./Core/Src/stm32h7xx_it.o
                0x080012fc                MemManage_Handler
 .text.BusFault_Handler
                0x08001304        0x8 ./Core/Src/stm32h7xx_it.o
                0x08001304                BusFault_Handler
 .text.UsageFault_Handler
                0x0800130c        0x8 ./Core/Src/stm32h7xx_it.o
                0x0800130c                UsageFault_Handler
 .text.SVC_Handler
                0x08001314        0xe ./Core/Src/stm32h7xx_it.o
                0x08001314                SVC_Handler
 .text.DebugMon_Handler
                0x08001322        0xe ./Core/Src/stm32h7xx_it.o
                0x08001322                DebugMon_Handler
 .text.PendSV_Handler
                0x08001330        0xe ./Core/Src/stm32h7xx_it.o
                0x08001330                PendSV_Handler
 .text.SysTick_Handler
                0x0800133e        0xc ./Core/Src/stm32h7xx_it.o
                0x0800133e                SysTick_Handler
 .text.DMA1_Stream0_IRQHandler
                0x0800134a        0xe ./Core/Src/stm32h7xx_it.o
                0x0800134a                DMA1_Stream0_IRQHandler
 .text.USART3_IRQHandler
                0x08001358       0x10 ./Core/Src/stm32h7xx_it.o
                0x08001358                USART3_IRQHandler
 .text.DMA2_Stream0_IRQHandler
                0x08001368       0x18 ./Core/Src/stm32h7xx_it.o
                0x08001368                DMA2_Stream0_IRQHandler
 .text.ADC3_IRQHandler
                0x08001380       0x10 ./Core/Src/stm32h7xx_it.o
                0x08001380                ADC3_IRQHandler
 .text.SystemInit
                0x08001390      0x110 ./Core/Src/system_stm32h7xx.o
                0x08001390                SystemInit
 .text.MX_TIM6_Init
                0x080014a0       0x6c ./Core/Src/tim.o
                0x080014a0                MX_TIM6_Init
 .text.HAL_TIM_Base_MspInit
                0x0800150c       0x44 ./Core/Src/tim.o
                0x0800150c                HAL_TIM_Base_MspInit
 .text.MX_USART3_UART_Init
                0x08001550       0x98 ./Core/Src/usart.o
                0x08001550                MX_USART3_UART_Init
 .text.HAL_UART_MspInit
                0x080015e8      0x144 ./Core/Src/usart.o
                0x080015e8                HAL_UART_MspInit
 .text.MX_USB_OTG_FS_PCD_Init
                0x0800172c       0x64 ./Core/Src/usb_otg.o
                0x0800172c                MX_USB_OTG_FS_PCD_Init
 .text.HAL_PCD_MspInit
                0x08001790       0xf8 ./Core/Src/usb_otg.o
                0x08001790                HAL_PCD_MspInit
 .text.Reset_Handler
                0x08001888       0x50 ./Core/Startup/startup_stm32h743zitx.o
                0x08001888                Reset_Handler
 .text.Default_Handler
                0x080018d8        0x2 ./Core/Startup/startup_stm32h743zitx.o
                0x080018d8                RTC_Alarm_IRQHandler
                0x080018d8                EXTI2_IRQHandler
                0x080018d8                TIM8_CC_IRQHandler
                0x080018d8                HRTIM1_Master_IRQHandler
                0x080018d8                UART8_IRQHandler
                0x080018d8                SPI4_IRQHandler
                0x080018d8                TIM1_CC_IRQHandler
                0x080018d8                BDMA_Channel6_IRQHandler
                0x080018d8                DMA2_Stream5_IRQHandler
                0x080018d8                HRTIM1_FLT_IRQHandler
                0x080018d8                JPEG_IRQHandler
                0x080018d8                DMA1_Stream5_IRQHandler
                0x080018d8                BDMA_Channel1_IRQHandler
                0x080018d8                HRTIM1_TIMD_IRQHandler
                0x080018d8                TAMP_STAMP_IRQHandler
                0x080018d8                EXTI3_IRQHandler
                0x080018d8                LPTIM4_IRQHandler
                0x080018d8                TIM8_TRG_COM_TIM14_IRQHandler
                0x080018d8                LPTIM2_IRQHandler
                0x080018d8                DFSDM1_FLT1_IRQHandler
                0x080018d8                DMAMUX2_OVR_IRQHandler
                0x080018d8                TIM8_UP_TIM13_IRQHandler
                0x080018d8                I2C3_ER_IRQHandler
                0x080018d8                DFSDM1_FLT2_IRQHandler
                0x080018d8                MDMA_IRQHandler
                0x080018d8                LPTIM3_IRQHandler
                0x080018d8                HSEM1_IRQHandler
                0x080018d8                EXTI0_IRQHandler
                0x080018d8                I2C2_EV_IRQHandler
                0x080018d8                DMA1_Stream2_IRQHandler
                0x080018d8                FPU_IRQHandler
                0x080018d8                OTG_HS_WKUP_IRQHandler
                0x080018d8                FDCAN1_IT1_IRQHandler
                0x080018d8                LTDC_ER_IRQHandler
                0x080018d8                DMA2_Stream2_IRQHandler
                0x080018d8                HRTIM1_TIME_IRQHandler
                0x080018d8                SPI1_IRQHandler
                0x080018d8                TIM6_DAC_IRQHandler
                0x080018d8                DCMI_IRQHandler
                0x080018d8                HRTIM1_TIMC_IRQHandler
                0x080018d8                DMA2_Stream3_IRQHandler
                0x080018d8                SAI2_IRQHandler
                0x080018d8                DFSDM1_FLT3_IRQHandler
                0x080018d8                USART6_IRQHandler
                0x080018d8                TIM17_IRQHandler
                0x080018d8                BDMA_Channel7_IRQHandler
                0x080018d8                LPTIM5_IRQHandler
                0x080018d8                UART5_IRQHandler
                0x080018d8                TIM4_IRQHandler
                0x080018d8                BDMA_Channel2_IRQHandler
                0x080018d8                QUADSPI_IRQHandler
                0x080018d8                I2C1_EV_IRQHandler
                0x080018d8                DMA1_Stream6_IRQHandler
                0x080018d8                DMAMUX1_OVR_IRQHandler
                0x080018d8                DMA1_Stream1_IRQHandler
                0x080018d8                TIM16_IRQHandler
                0x080018d8                UART4_IRQHandler
                0x080018d8                BDMA_Channel5_IRQHandler
                0x080018d8                TIM3_IRQHandler
                0x080018d8                RCC_IRQHandler
                0x080018d8                TIM8_BRK_TIM12_IRQHandler
                0x080018d8                TIM1_TRG_COM_IRQHandler
                0x080018d8                Default_Handler
                0x080018d8                ECC_IRQHandler
                0x080018d8                CEC_IRQHandler
                0x080018d8                EXTI15_10_IRQHandler
                0x080018d8                BDMA_Channel0_IRQHandler
                0x080018d8                ADC_IRQHandler
                0x080018d8                DMA1_Stream7_IRQHandler
                0x080018d8                HRTIM1_TIMA_IRQHandler
                0x080018d8                SPI5_IRQHandler
                0x080018d8                TIM7_IRQHandler
                0x080018d8                SDMMC1_IRQHandler
                0x080018d8                TIM5_IRQHandler
                0x080018d8                DMA2_Stream7_IRQHandler
                0x080018d8                TIM15_IRQHandler
                0x080018d8                PVD_AVD_IRQHandler
                0x080018d8                I2C3_EV_IRQHandler
                0x080018d8                EXTI9_5_IRQHandler
                0x080018d8                RTC_WKUP_IRQHandler
                0x080018d8                LTDC_IRQHandler
                0x080018d8                SAI3_IRQHandler
                0x080018d8                ETH_WKUP_IRQHandler
                0x080018d8                SPDIF_RX_IRQHandler
                0x080018d8                SPI2_IRQHandler
                0x080018d8                OTG_HS_EP1_IN_IRQHandler
                0x080018d8                CRS_IRQHandler
                0x080018d8                EXTI4_IRQHandler
                0x080018d8                RNG_IRQHandler
                0x080018d8                HRTIM1_TIMB_IRQHandler
                0x080018d8                FDCAN2_IT1_IRQHandler
                0x080018d8                ETH_IRQHandler
                0x080018d8                TIM1_UP_IRQHandler
                0x080018d8                BDMA_Channel4_IRQHandler
                0x080018d8                OTG_HS_EP1_OUT_IRQHandler
                0x080018d8                WWDG_IRQHandler
                0x080018d8                SPI6_IRQHandler
                0x080018d8                MDIOS_IRQHandler
                0x080018d8                I2C4_EV_IRQHandler
                0x080018d8                FDCAN2_IT0_IRQHandler
                0x080018d8                LPUART1_IRQHandler
                0x080018d8                FDCAN1_IT0_IRQHandler
                0x080018d8                TIM2_IRQHandler
                0x080018d8                OTG_FS_WKUP_IRQHandler
                0x080018d8                OTG_HS_IRQHandler
                0x080018d8                DMA2D_IRQHandler
                0x080018d8                TIM1_BRK_IRQHandler
                0x080018d8                EXTI1_IRQHandler
                0x080018d8                SDMMC2_IRQHandler
                0x080018d8                OTG_FS_EP1_OUT_IRQHandler
                0x080018d8                BDMA_Channel3_IRQHandler
                0x080018d8                UART7_IRQHandler
                0x080018d8                MDIOS_WKUP_IRQHandler
                0x080018d8                USART2_IRQHandler
                0x080018d8                DFSDM1_FLT0_IRQHandler
                0x080018d8                SAI4_IRQHandler
                0x080018d8                I2C2_ER_IRQHandler
                0x080018d8                DMA2_Stream1_IRQHandler
                0x080018d8                FLASH_IRQHandler
                0x080018d8                DMA2_Stream4_IRQHandler
                0x080018d8                USART1_IRQHandler
                0x080018d8                OTG_FS_IRQHandler
                0x080018d8                SPI3_IRQHandler
                0x080018d8                WAKEUP_PIN_IRQHandler
                0x080018d8                DMA1_Stream4_IRQHandler
                0x080018d8                OTG_FS_EP1_IN_IRQHandler
                0x080018d8                I2C1_ER_IRQHandler
                0x080018d8                FMC_IRQHandler
                0x080018d8                FDCAN_CAL_IRQHandler
                0x080018d8                SWPMI1_IRQHandler
                0x080018d8                COMP1_IRQHandler
                0x080018d8                LPTIM1_IRQHandler
                0x080018d8                I2C4_ER_IRQHandler
                0x080018d8                DMA2_Stream6_IRQHandler
                0x080018d8                SAI1_IRQHandler
                0x080018d8                DMA1_Stream3_IRQHandler
 *fill*         0x080018da        0x2 
 .text.HAL_Init
                0x080018dc       0x78 ./Drivers/STM32H7xx_HAL_Driver/Src/stm32h7xx_hal.o
                0x080018dc                HAL_Init
 .text.HAL_InitTick
                0x08001954       0x6c ./Drivers/STM32H7xx_HAL_Driver/Src/stm32h7xx_hal.o
                0x08001954                HAL_InitTick
 .text.HAL_IncTick
                0x080019c0       0x28 ./Drivers/STM32H7xx_HAL_Driver/Src/stm32h7xx_hal.o
                0x080019c0                HAL_IncTick
 .text.HAL_GetTick
                0x080019e8       0x18 ./Drivers/STM32H7xx_HAL_Driver/Src/stm32h7xx_hal.o
                0x080019e8                HAL_GetTick
 .text.HAL_Delay
                0x08001a00       0x48 ./Drivers/STM32H7xx_HAL_Driver/Src/stm32h7xx_hal.o
                0x08001a00                HAL_Delay
 .text.HAL_GetREVID
                0x08001a48       0x18 ./Drivers/STM32H7xx_HAL_Driver/Src/stm32h7xx_hal.o
                0x08001a48                HAL_GetREVID
 .text.HAL_SYSCFG_VREFBUF_VoltageScalingConfig
                0x08001a60       0x28 ./Drivers/STM32H7xx_HAL_Driver/Src/stm32h7xx_hal.o
                0x08001a60                HAL_SYSCFG_VREFBUF_VoltageScalingConfig
 .text.HAL_SYSCFG_VREFBUF_HighImpedanceConfig
                0x08001a88       0x28 ./Drivers/STM32H7xx_HAL_Driver/Src/stm32h7xx_hal.o
                0x08001a88                HAL_SYSCFG_VREFBUF_HighImpedanceConfig
 .text.HAL_SYSCFG_EnableVREFBUF
                0x08001ab0       0x48 ./Drivers/STM32H7xx_HAL_Driver/Src/stm32h7xx_hal.o
                0x08001ab0                HAL_SYSCFG_EnableVREFBUF
 .text.HAL_SYSCFG_AnalogSwitchConfig
                0x08001af8       0x2c ./Drivers/STM32H7xx_HAL_Driver/Src/stm32h7xx_hal.o
                0x08001af8                HAL_SYSCFG_AnalogSwitchConfig
 .text.LL_ADC_SetCommonClock
                0x08001b24       0x26 ./Drivers/STM32H7xx_HAL_Driver/Src/stm32h7xx_hal_adc.o
 .text.LL_ADC_SetCommonPathInternalCh
                0x08001b4a       0x26 ./Drivers/STM32H7xx_HAL_Driver/Src/stm32h7xx_hal_adc.o
 .text.LL_ADC_GetCommonPathInternalCh
                0x08001b70       0x1c ./Drivers/STM32H7xx_HAL_Driver/Src/stm32h7xx_hal_adc.o
 .text.LL_ADC_SetOffset
                0x08001b8c       0x40 ./Drivers/STM32H7xx_HAL_Driver/Src/stm32h7xx_hal_adc.o
 .text.LL_ADC_SetDataRightShift
                0x08001bcc       0x32 ./Drivers/STM32H7xx_HAL_Driver/Src/stm32h7xx_hal_adc.o
 .text.LL_ADC_SetOffsetSignedSaturation
                0x08001bfe       0x36 ./Drivers/STM32H7xx_HAL_Driver/Src/stm32h7xx_hal_adc.o
 .text.LL_ADC_REG_SetSequencerRanks
                0x08001c34       0x58 ./Drivers/STM32H7xx_HAL_Driver/Src/stm32h7xx_hal_adc.o
 .text.LL_ADC_SetChannelSamplingTime
                0x08001c8c       0x56 ./Drivers/STM32H7xx_HAL_Driver/Src/stm32h7xx_hal_adc.o
 *fill*         0x08001ce2        0x2 
 .text.LL_ADC_SetChannelSingleDiff
                0x08001ce4       0x48 ./Drivers/STM32H7xx_HAL_Driver/Src/stm32h7xx_hal_adc.o
 .text.LL_ADC_DisableDeepPowerDown
                0x08001d2c       0x24 ./Drivers/STM32H7xx_HAL_Driver/Src/stm32h7xx_hal_adc.o
 .text.LL_ADC_IsDeepPowerDownEnabled
                0x08001d50       0x28 ./Drivers/STM32H7xx_HAL_Driver/Src/stm32h7xx_hal_adc.o
 .text.LL_ADC_EnableInternalRegulator
                0x08001d78       0x28 ./Drivers/STM32H7xx_HAL_Driver/Src/stm32h7xx_hal_adc.o
 .text.LL_ADC_IsInternalRegulatorEnabled
                0x08001da0       0x28 ./Drivers/STM32H7xx_HAL_Driver/Src/stm32h7xx_hal_adc.o
 .text.LL_ADC_IsEnabled
                0x08001dc8       0x26 ./Drivers/STM32H7xx_HAL_Driver/Src/stm32h7xx_hal_adc.o
 .text.LL_ADC_REG_IsConversionOngoing
                0x08001dee       0x26 ./Drivers/STM32H7xx_HAL_Driver/Src/stm32h7xx_hal_adc.o
 .text.LL_ADC_INJ_IsConversionOngoing
                0x08001e14       0x26 ./Drivers/STM32H7xx_HAL_Driver/Src/stm32h7xx_hal_adc.o
 *fill*         0x08001e3a        0x2 
 .text.HAL_ADC_Init
                0x08001e3c      0x344 ./Drivers/STM32H7xx_HAL_Driver/Src/stm32h7xx_hal_adc.o
                0x08001e3c                HAL_ADC_Init
 .text.HAL_ADC_ConfigChannel
                0x08002180      0x6b8 ./Drivers/STM32H7xx_HAL_Driver/Src/stm32h7xx_hal_adc.o
                0x08002180                HAL_ADC_ConfigChannel
 .text.ADC_ConfigureBoostMode
                0x08002838      0x218 ./Drivers/STM32H7xx_HAL_Driver/Src/stm32h7xx_hal_adc.o
                0x08002838                ADC_ConfigureBoostMode
 .text.HAL_COMP_Init
                0x08002a50      0x254 ./Drivers/STM32H7xx_HAL_Driver/Src/stm32h7xx_hal_comp.o
                0x08002a50                HAL_COMP_Init
 .text.__NVIC_SetPriorityGrouping
                0x08002ca4       0x48 ./Drivers/STM32H7xx_HAL_Driver/Src/stm32h7xx_hal_cortex.o
 .text.__NVIC_GetPriorityGrouping
                0x08002cec       0x1c ./Drivers/STM32H7xx_HAL_Driver/Src/stm32h7xx_hal_cortex.o
 .text.__NVIC_EnableIRQ
                0x08002d08       0x3c ./Drivers/STM32H7xx_HAL_Driver/Src/stm32h7xx_hal_cortex.o
 .text.__NVIC_SetPriority
                0x08002d44       0x54 ./Drivers/STM32H7xx_HAL_Driver/Src/stm32h7xx_hal_cortex.o
 .text.NVIC_EncodePriority
                0x08002d98       0x66 ./Drivers/STM32H7xx_HAL_Driver/Src/stm32h7xx_hal_cortex.o
 *fill*         0x08002dfe        0x2 
 .text.SysTick_Config
                0x08002e00       0x44 ./Drivers/STM32H7xx_HAL_Driver/Src/stm32h7xx_hal_cortex.o
 .text.HAL_NVIC_SetPriorityGrouping
                0x08002e44       0x16 ./Drivers/STM32H7xx_HAL_Driver/Src/stm32h7xx_hal_cortex.o
                0x08002e44                HAL_NVIC_SetPriorityGrouping
 .text.HAL_NVIC_SetPriority
                0x08002e5a       0x34 ./Drivers/STM32H7xx_HAL_Driver/Src/stm32h7xx_hal_cortex.o
                0x08002e5a                HAL_NVIC_SetPriority
 .text.HAL_NVIC_EnableIRQ
                0x08002e8e       0x1c ./Drivers/STM32H7xx_HAL_Driver/Src/stm32h7xx_hal_cortex.o
                0x08002e8e                HAL_NVIC_EnableIRQ
 .text.HAL_SYSTICK_Config
                0x08002eaa       0x18 ./Drivers/STM32H7xx_HAL_Driver/Src/stm32h7xx_hal_cortex.o
                0x08002eaa                HAL_SYSTICK_Config
 .text.HAL_DAC_Init
                0x08002ec2       0x44 ./Drivers/STM32H7xx_HAL_Driver/Src/stm32h7xx_hal_dac.o
                0x08002ec2                HAL_DAC_Init
 *fill*         0x08002f06        0x2 
 .text.HAL_DAC_ConfigChannel
                0x08002f08      0x284 ./Drivers/STM32H7xx_HAL_Driver/Src/stm32h7xx_hal_dac.o
                0x08002f08                HAL_DAC_ConfigChannel
 .text.HAL_DMA_Init
                0x0800318c      0x6b8 ./Drivers/STM32H7xx_HAL_Driver/Src/stm32h7xx_hal_dma.o
                0x0800318c                HAL_DMA_Init
 .text.HAL_DMA_IRQHandler
                0x08003844      0xe54 ./Drivers/STM32H7xx_HAL_Driver/Src/stm32h7xx_hal_dma.o
                0x08003844                HAL_DMA_IRQHandler
 .text.DMA_CalcBaseAndBitshift
                0x08004698      0x164 ./Drivers/STM32H7xx_HAL_Driver/Src/stm32h7xx_hal_dma.o
 .text.DMA_CheckFifoParam
                0x080047fc       0xf8 ./Drivers/STM32H7xx_HAL_Driver/Src/stm32h7xx_hal_dma.o
 .text.DMA_CalcDMAMUXChannelBaseAndMask
                0x080048f4      0x134 ./Drivers/STM32H7xx_HAL_Driver/Src/stm32h7xx_hal_dma.o
 .text.DMA_CalcDMAMUXRequestGenBaseAndMask
                0x08004a28       0xe8 ./Drivers/STM32H7xx_HAL_Driver/Src/stm32h7xx_hal_dma.o
 .text.HAL_GPIO_Init
                0x08004b10      0x360 ./Drivers/STM32H7xx_HAL_Driver/Src/stm32h7xx_hal_gpio.o
                0x08004b10                HAL_GPIO_Init
 .text.HAL_GPIO_WritePin
                0x08004e70       0x32 ./Drivers/STM32H7xx_HAL_Driver/Src/stm32h7xx_hal_gpio.o
                0x08004e70                HAL_GPIO_WritePin
 .text.HAL_PCD_Init
                0x08004ea2      0x218 ./Drivers/STM32H7xx_HAL_Driver/Src/stm32h7xx_hal_pcd.o
                0x08004ea2                HAL_PCD_Init
 *fill*         0x080050ba        0x2 
 .text.HAL_PCDEx_ActivateLPM
                0x080050bc       0x48 ./Drivers/STM32H7xx_HAL_Driver/Src/stm32h7xx_hal_pcd_ex.o
                0x080050bc                HAL_PCDEx_ActivateLPM
 .text.HAL_PWREx_ConfigSupply
                0x08005104       0x74 ./Drivers/STM32H7xx_HAL_Driver/Src/stm32h7xx_hal_pwr_ex.o
                0x08005104                HAL_PWREx_ConfigSupply
 .text.HAL_PWREx_EnableUSBVoltageDetector
                0x08005178       0x20 ./Drivers/STM32H7xx_HAL_Driver/Src/stm32h7xx_hal_pwr_ex.o
                0x08005178                HAL_PWREx_EnableUSBVoltageDetector
 .text.HAL_RCC_OscConfig
                0x08005198      0x8b4 ./Drivers/STM32H7xx_HAL_Driver/Src/stm32h7xx_hal_rcc.o
                0x08005198                HAL_RCC_OscConfig
 .text.HAL_RCC_ClockConfig
                0x08005a4c      0x36c ./Drivers/STM32H7xx_HAL_Driver/Src/stm32h7xx_hal_rcc.o
                0x08005a4c                HAL_RCC_ClockConfig
 .text.HAL_RCC_GetSysClockFreq
                0x08005db8      0x2f4 ./Drivers/STM32H7xx_HAL_Driver/Src/stm32h7xx_hal_rcc.o
                0x08005db8                HAL_RCC_GetSysClockFreq
 .text.HAL_RCC_GetHCLKFreq
                0x080060ac       0x60 ./Drivers/STM32H7xx_HAL_Driver/Src/stm32h7xx_hal_rcc.o
                0x080060ac                HAL_RCC_GetHCLKFreq
 .text.HAL_RCC_GetPCLK1Freq
                0x0800610c       0x2c ./Drivers/STM32H7xx_HAL_Driver/Src/stm32h7xx_hal_rcc.o
                0x0800610c                HAL_RCC_GetPCLK1Freq
 .text.HAL_RCC_GetPCLK2Freq
                0x08006138       0x2c ./Drivers/STM32H7xx_HAL_Driver/Src/stm32h7xx_hal_rcc.o
                0x08006138                HAL_RCC_GetPCLK2Freq
 .text.HAL_RCCEx_PeriphCLKConfig
                0x08006164     0x1414 ./Drivers/STM32H7xx_HAL_Driver/Src/stm32h7xx_hal_rcc_ex.o
                0x08006164                HAL_RCCEx_PeriphCLKConfig
 .text.HAL_RCCEx_GetPeriphCLKFreq
                0x08007578      0xb00 ./Drivers/STM32H7xx_HAL_Driver/Src/stm32h7xx_hal_rcc_ex.o
                0x08007578                HAL_RCCEx_GetPeriphCLKFreq
 .text.HAL_RCCEx_GetD3PCLK1Freq
                0x08008078       0x2c ./Drivers/STM32H7xx_HAL_Driver/Src/stm32h7xx_hal_rcc_ex.o
                0x08008078                HAL_RCCEx_GetD3PCLK1Freq
 .text.HAL_RCCEx_GetPLL2ClockFreq
                0x080080a4      0x2a8 ./Drivers/STM32H7xx_HAL_Driver/Src/stm32h7xx_hal_rcc_ex.o
                0x080080a4                HAL_RCCEx_GetPLL2ClockFreq
 .text.HAL_RCCEx_GetPLL3ClockFreq
                0x0800834c      0x2a8 ./Drivers/STM32H7xx_HAL_Driver/Src/stm32h7xx_hal_rcc_ex.o
                0x0800834c                HAL_RCCEx_GetPLL3ClockFreq
 .text.HAL_RCCEx_GetPLL1ClockFreq
                0x080085f4      0x2a4 ./Drivers/STM32H7xx_HAL_Driver/Src/stm32h7xx_hal_rcc_ex.o
                0x080085f4                HAL_RCCEx_GetPLL1ClockFreq
 .text.RCCEx_PLL2_Config
                0x08008898      0x164 ./Drivers/STM32H7xx_HAL_Driver/Src/stm32h7xx_hal_rcc_ex.o
 .text.RCCEx_PLL3_Config
                0x080089fc      0x164 ./Drivers/STM32H7xx_HAL_Driver/Src/stm32h7xx_hal_rcc_ex.o
 .text.HAL_TIM_Base_Init
                0x08008b60       0xae ./Drivers/STM32H7xx_HAL_Driver/Src/stm32h7xx_hal_tim.o
                0x08008b60                HAL_TIM_Base_Init
 *fill*         0x08008c0e        0x2 
 .text.TIM_Base_SetConfig
                0x08008c10      0x14c ./Drivers/STM32H7xx_HAL_Driver/Src/stm32h7xx_hal_tim.o
                0x08008c10                TIM_Base_SetConfig
 .text.HAL_TIMEx_MasterConfigSynchronization
                0x08008d5c      0x11c ./Drivers/STM32H7xx_HAL_Driver/Src/stm32h7xx_hal_tim_ex.o
                0x08008d5c                HAL_TIMEx_MasterConfigSynchronization
 .text.HAL_UART_Init
                0x08008e78       0xa0 ./Drivers/STM32H7xx_HAL_Driver/Src/stm32h7xx_hal_uart.o
                0x08008e78                HAL_UART_Init
 .text.UART_SetConfig
                0x08008f18      0xad0 ./Drivers/STM32H7xx_HAL_Driver/Src/stm32h7xx_hal_uart.o
                0x08008f18                UART_SetConfig
 .text.UART_AdvFeatureConfig
                0x080099e8      0x144 ./Drivers/STM32H7xx_HAL_Driver/Src/stm32h7xx_hal_uart.o
                0x080099e8                UART_AdvFeatureConfig
 .text.UART_CheckIdleState
                0x08009b2c      0x154 ./Drivers/STM32H7xx_HAL_Driver/Src/stm32h7xx_hal_uart.o
                0x08009b2c                UART_CheckIdleState
 .text.UART_WaitOnFlagUntilTimeout
                0x08009c80       0xda ./Drivers/STM32H7xx_HAL_Driver/Src/stm32h7xx_hal_uart.o
                0x08009c80                UART_WaitOnFlagUntilTimeout
 *fill*         0x08009d5a        0x2 
 .text.UART_EndRxTransfer
                0x08009d5c       0xcc ./Drivers/STM32H7xx_HAL_Driver/Src/stm32h7xx_hal_uart.o
 .text.HAL_UARTEx_DisableFifoMode
                0x08009e28       0x72 ./Drivers/STM32H7xx_HAL_Driver/Src/stm32h7xx_hal_uart_ex.o
                0x08009e28                HAL_UARTEx_DisableFifoMode
 .text.HAL_UARTEx_SetTxFifoThreshold
                0x08009e9a       0x7c ./Drivers/STM32H7xx_HAL_Driver/Src/stm32h7xx_hal_uart_ex.o
                0x08009e9a                HAL_UARTEx_SetTxFifoThreshold
 .text.HAL_UARTEx_SetRxFifoThreshold
                0x08009f16       0x7c ./Drivers/STM32H7xx_HAL_Driver/Src/stm32h7xx_hal_uart_ex.o
                0x08009f16                HAL_UARTEx_SetRxFifoThreshold
 *fill*         0x08009f92        0x2 
 .text.UARTEx_SetNbDataToProcess
                0x08009f94       0x9c ./Drivers/STM32H7xx_HAL_Driver/Src/stm32h7xx_hal_uart_ex.o
 .text.USB_CoreInit
                0x0800a030       0xe4 ./Drivers/STM32H7xx_HAL_Driver/Src/stm32h7xx_ll_usb.o
                0x0800a030                USB_CoreInit
 .text.USB_DisableGlobalInt
                0x0800a114       0x22 ./Drivers/STM32H7xx_HAL_Driver/Src/stm32h7xx_ll_usb.o
                0x0800a114                USB_DisableGlobalInt
 .text.USB_SetCurrentMode
                0x0800a136       0x98 ./Drivers/STM32H7xx_HAL_Driver/Src/stm32h7xx_ll_usb.o
                0x0800a136                USB_SetCurrentMode
 *fill*         0x0800a1ce        0x2 
 .text.USB_DevInit
                0x0800a1d0      0x2bc ./Drivers/STM32H7xx_HAL_Driver/Src/stm32h7xx_ll_usb.o
                0x0800a1d0                USB_DevInit
 .text.USB_FlushTxFifo
                0x0800a48c       0x64 ./Drivers/STM32H7xx_HAL_Driver/Src/stm32h7xx_ll_usb.o
                0x0800a48c                USB_FlushTxFifo
 .text.USB_FlushRxFifo
                0x0800a4f0       0x5c ./Drivers/STM32H7xx_HAL_Driver/Src/stm32h7xx_ll_usb.o
                0x0800a4f0                USB_FlushRxFifo
 .text.USB_SetDevSpeed
                0x0800a54c       0x32 ./Drivers/STM32H7xx_HAL_Driver/Src/stm32h7xx_ll_usb.o
                0x0800a54c                USB_SetDevSpeed
 .text.USB_DevDisconnect
                0x0800a57e       0x42 ./Drivers/STM32H7xx_HAL_Driver/Src/stm32h7xx_ll_usb.o
                0x0800a57e                USB_DevDisconnect
 .text.USB_GetMode
                0x0800a5c0       0x1c ./Drivers/STM32H7xx_HAL_Driver/Src/stm32h7xx_ll_usb.o
                0x0800a5c0                USB_GetMode
 .text.USB_CoreReset
                0x0800a5dc       0x62 ./Drivers/STM32H7xx_HAL_Driver/Src/stm32h7xx_ll_usb.o
 .text.memset   0x0800a63e       0x10 C:/ST/STM32CubeIDE_1.16.1/STM32CubeIDE/plugins/com.st.stm32cube.ide.mcu.externaltools.gnu-tools-for-stm32.12.3.rel1.win32_1.0.200.202406191623/tools/bin/../lib/gcc/arm-none-eabi/12.3.1/../../../../arm-none-eabi/lib/thumb/v7e-m+dp/hard\libc_nano.a(libc_a-memset.o)
                0x0800a63e                memset
 *fill*         0x0800a64e        0x2 
 .text.__libc_init_array
                0x0800a650       0x48 C:/ST/STM32CubeIDE_1.16.1/STM32CubeIDE/plugins/com.st.stm32cube.ide.mcu.externaltools.gnu-tools-for-stm32.12.3.rel1.win32_1.0.200.202406191623/tools/bin/../lib/gcc/arm-none-eabi/12.3.1/../../../../arm-none-eabi/lib/thumb/v7e-m+dp/hard\libc_nano.a(libc_a-init.o)
                0x0800a650                __libc_init_array
 *(.glue_7)
 .glue_7        0x0800a698        0x0 linker stubs
 *(.glue_7t)
 .glue_7t       0x0800a698        0x0 linker stubs
 *(.eh_frame)
 .eh_frame      0x0800a698        0x0 C:/ST/STM32CubeIDE_1.16.1/STM32CubeIDE/plugins/com.st.stm32cube.ide.mcu.externaltools.gnu-tools-for-stm32.12.3.rel1.win32_1.0.200.202406191623/tools/bin/../lib/gcc/arm-none-eabi/12.3.1/thumb/v7e-m+dp/hard/crtbegin.o
 *(.init)
 .init          0x0800a698        0x4 C:/ST/STM32CubeIDE_1.16.1/STM32CubeIDE/plugins/com.st.stm32cube.ide.mcu.externaltools.gnu-tools-for-stm32.12.3.rel1.win32_1.0.200.202406191623/tools/bin/../lib/gcc/arm-none-eabi/12.3.1/thumb/v7e-m+dp/hard/crti.o
                0x0800a698                _init
 .init          0x0800a69c        0x8 C:/ST/STM32CubeIDE_1.16.1/STM32CubeIDE/plugins/com.st.stm32cube.ide.mcu.externaltools.gnu-tools-for-stm32.12.3.rel1.win32_1.0.200.202406191623/tools/bin/../lib/gcc/arm-none-eabi/12.3.1/thumb/v7e-m+dp/hard/crtn.o
 *(.fini)
 .fini          0x0800a6a4        0x4 C:/ST/STM32CubeIDE_1.16.1/STM32CubeIDE/plugins/com.st.stm32cube.ide.mcu.externaltools.gnu-tools-for-stm32.12.3.rel1.win32_1.0.200.202406191623/tools/bin/../lib/gcc/arm-none-eabi/12.3.1/thumb/v7e-m+dp/hard/crti.o
                0x0800a6a4                _fini
 .fini          0x0800a6a8        0x8 C:/ST/STM32CubeIDE_1.16.1/STM32CubeIDE/plugins/com.st.stm32cube.ide.mcu.externaltools.gnu-tools-for-stm32.12.3.rel1.win32_1.0.200.202406191623/tools/bin/../lib/gcc/arm-none-eabi/12.3.1/thumb/v7e-m+dp/hard/crtn.o
                0x0800a6b0                        . = ALIGN (0x4)
                0x0800a6b0                        _etext = .

.vfp11_veneer   0x0800a6b0        0x0
 .vfp11_veneer  0x0800a6b0        0x0 linker stubs

.v4_bx          0x0800a6b0        0x0
 .v4_bx         0x0800a6b0        0x0 linker stubs

.iplt           0x0800a6b0        0x0
 .iplt          0x0800a6b0        0x0 C:/ST/STM32CubeIDE_1.16.1/STM32CubeIDE/plugins/com.st.stm32cube.ide.mcu.externaltools.gnu-tools-for-stm32.12.3.rel1.win32_1.0.200.202406191623/tools/bin/../lib/gcc/arm-none-eabi/12.3.1/thumb/v7e-m+dp/hard/crtbegin.o

.rodata         0x0800a6b0       0x40
                0x0800a6b0                        . = ALIGN (0x4)
 *(.rodata)
 *(.rodata*)
 .rodata.D1CorePrescTable
                0x0800a6b0       0x10 ./Core/Src/system_stm32h7xx.o
                0x0800a6b0                D1CorePrescTable
 .rodata.flagBitshiftOffset.0
                0x0800a6c0        0x8 ./Drivers/STM32H7xx_HAL_Driver/Src/stm32h7xx_hal_dma.o
 .rodata.UARTPrescTable
                0x0800a6c8       0x18 ./Drivers/STM32H7xx_HAL_Driver/Src/stm32h7xx_hal_uart.o
                0x0800a6c8                UARTPrescTable
 .rodata.numerator.1
                0x0800a6e0        0x8 ./Drivers/STM32H7xx_HAL_Driver/Src/stm32h7xx_hal_uart_ex.o
 .rodata.denominator.0
                0x0800a6e8        0x8 ./Drivers/STM32H7xx_HAL_Driver/Src/stm32h7xx_hal_uart_ex.o
                0x0800a6f0                        . = ALIGN (0x4)

.ARM.extab
 *(.ARM.extab* .gnu.linkonce.armextab.*)

.ARM            0x0800a6f0        0x8
                0x0800a6f0                        __exidx_start = .
 *(.ARM.exidx*)
 .ARM.exidx     0x0800a6f0        0x8 C:/ST/STM32CubeIDE_1.16.1/STM32CubeIDE/plugins/com.st.stm32cube.ide.mcu.externaltools.gnu-tools-for-stm32.12.3.rel1.win32_1.0.200.202406191623/tools/bin/../lib/gcc/arm-none-eabi/12.3.1/thumb/v7e-m+dp/hard\libgcc.a(_udivmoddi4.o)
                0x0800a6f8                        __exidx_end = .

.preinit_array  0x0800a6f8        0x0
                0x0800a6f8                        PROVIDE (__preinit_array_start = .)
 *(.preinit_array*)
                0x0800a6f8                        PROVIDE (__preinit_array_end = .)

.init_array     0x0800a6f8        0x4
                0x0800a6f8                        PROVIDE (__init_array_start = .)
 *(SORT_BY_NAME(.init_array.*))
 *(.init_array*)
 .init_array    0x0800a6f8        0x4 C:/ST/STM32CubeIDE_1.16.1/STM32CubeIDE/plugins/com.st.stm32cube.ide.mcu.externaltools.gnu-tools-for-stm32.12.3.rel1.win32_1.0.200.202406191623/tools/bin/../lib/gcc/arm-none-eabi/12.3.1/thumb/v7e-m+dp/hard/crtbegin.o
                0x0800a6fc                        PROVIDE (__init_array_end = .)

.fini_array     0x0800a6fc        0x4
                [!provide]                        PROVIDE (__fini_array_start = .)
 *(SORT_BY_NAME(.fini_array.*))
 *(.fini_array*)
 .fini_array    0x0800a6fc        0x4 C:/ST/STM32CubeIDE_1.16.1/STM32CubeIDE/plugins/com.st.stm32cube.ide.mcu.externaltools.gnu-tools-for-stm32.12.3.rel1.win32_1.0.200.202406191623/tools/bin/../lib/gcc/arm-none-eabi/12.3.1/thumb/v7e-m+dp/hard/crtbegin.o
                [!provide]                        PROVIDE (__fini_array_end = .)
                0x0800a700                        _sidata = LOADADDR (.data)

.rel.dyn        0x0800a700        0x0
 .rel.iplt      0x0800a700        0x0 C:/ST/STM32CubeIDE_1.16.1/STM32CubeIDE/plugins/com.st.stm32cube.ide.mcu.externaltools.gnu-tools-for-stm32.12.3.rel1.win32_1.0.200.202406191623/tools/bin/../lib/gcc/arm-none-eabi/12.3.1/thumb/v7e-m+dp/hard/crtbegin.o

.data           0x24000000       0x18 load address 0x0800a700
                0x24000000                        . = ALIGN (0x4)
                0x24000000                        _sdata = .
 *(.data)
 *(.data*)
 .data.index_stop
                0x24000000        0x2 ./Core/Src/ESPE_my_DMA.o
                0x24000000                index_stop
 *fill*         0x24000002        0x2 
 .data.pointer  0x24000004        0x4 ./Core/Src/ESPE_my_DMA.o
                0x24000004                pointer
 .data.SystemCoreClock
                0x24000008        0x4 ./Core/Src/system_stm32h7xx.o
                0x24000008                SystemCoreClock
 .data.SystemD2Clock
                0x2400000c        0x4 ./Core/Src/system_stm32h7xx.o
                0x2400000c                SystemD2Clock
 .data.uwTickPrio
                0x24000010        0x4 ./Drivers/STM32H7xx_HAL_Driver/Src/stm32h7xx_hal.o
                0x24000010                uwTickPrio
 .data.uwTickFreq
                0x24000014        0x1 ./Drivers/STM32H7xx_HAL_Driver/Src/stm32h7xx_hal.o
                0x24000014                uwTickFreq
 *(.RamFunc)
 *(.RamFunc*)
                0x24000018                        . = ALIGN (0x4)
 *fill*         0x24000015        0x3 
                0x24000018                        _edata = .

.igot.plt       0x24000018        0x0 load address 0x0800a718
 .igot.plt      0x24000018        0x0 C:/ST/STM32CubeIDE_1.16.1/STM32CubeIDE/plugins/com.st.stm32cube.ide.mcu.externaltools.gnu-tools-for-stm32.12.3.rel1.win32_1.0.200.202406191623/tools/bin/../lib/gcc/arm-none-eabi/12.3.1/thumb/v7e-m+dp/hard/crtbegin.o
                0x24000018                        . = ALIGN (0x4)

.bss            0x24000018      0x7b0 load address 0x0800a718
                0x24000018                        _sbss = .
                0x24000018                        __bss_start__ = _sbss
 *(.bss)
 .bss           0x24000018       0x1c C:/ST/STM32CubeIDE_1.16.1/STM32CubeIDE/plugins/com.st.stm32cube.ide.mcu.externaltools.gnu-tools-for-stm32.12.3.rel1.win32_1.0.200.202406191623/tools/bin/../lib/gcc/arm-none-eabi/12.3.1/thumb/v7e-m+dp/hard/crtbegin.o
 *(.bss*)
 .bss.DMA_data_ADC1
                0x24000034       0x32 ./Core/Src/ESPE_my_DMA.o
                0x24000034                DMA_data_ADC1
 .bss.flag_Triggered
                0x24000066        0x1 ./Core/Src/ESPE_my_DMA.o
                0x24000066                flag_Triggered
 .bss.flag_Trigger_EN
                0x24000067        0x1 ./Core/Src/ESPE_my_DMA.o
                0x24000067                flag_Trigger_EN
 .bss.index_transmission
                0x24000068        0x2 ./Core/Src/ESPE_my_DMA.o
                0x24000068                index_transmission
 *fill*         0x2400006a        0x2 
 .bss.hadc3     0x2400006c       0x64 ./Core/Src/adc.o
                0x2400006c                hadc3
 .bss.hdma_adc3
                0x240000d0       0x78 ./Core/Src/adc.o
                0x240000d0                hdma_adc3
 .bss.hcomp2    0x24000148       0x2c ./Core/Src/comp.o
                0x24000148                hcomp2
 .bss.hdac1     0x24000174       0x14 ./Core/Src/dac.o
                0x24000174                hdac1
 .bss.htim6     0x24000188       0x4c ./Core/Src/tim.o
                0x24000188                htim6
 .bss.huart3    0x240001d4       0x94 ./Core/Src/usart.o
                0x240001d4                huart3
 .bss.hdma_usart3_tx
                0x24000268       0x78 ./Core/Src/usart.o
                0x24000268                hdma_usart3_tx
 .bss.hpcd_USB_OTG_FS
                0x240002e0      0x4e4 ./Core/Src/usb_otg.o
                0x240002e0                hpcd_USB_OTG_FS
 .bss.uwTick    0x240007c4        0x4 ./Drivers/STM32H7xx_HAL_Driver/Src/stm32h7xx_hal.o
                0x240007c4                uwTick
 *(COMMON)
                0x240007c8                        . = ALIGN (0x4)
                0x240007c8                        _ebss = .
                0x240007c8                        __bss_end__ = _ebss

._user_heap_stack
                0x240007c8      0x600 load address 0x0800a718
                0x240007c8                        . = ALIGN (0x8)
                [!provide]                        PROVIDE (end = .)
                0x240007c8                        PROVIDE (_end = .)
                0x240009c8                        . = (. + _Min_Heap_Size)
 *fill*         0x240007c8      0x200 
                0x24000dc8                        . = (. + _Min_Stack_Size)
 *fill*         0x240009c8      0x400 
                0x24000dc8                        . = ALIGN (0x8)

/DISCARD/
 libc.a(*)
 libm.a(*)
 libgcc.a(*)

.ARM.attributes
                0x00000000       0x2e
 *(.ARM.attributes)
 .ARM.attributes
                0x00000000       0x20 C:/ST/STM32CubeIDE_1.16.1/STM32CubeIDE/plugins/com.st.stm32cube.ide.mcu.externaltools.gnu-tools-for-stm32.12.3.rel1.win32_1.0.200.202406191623/tools/bin/../lib/gcc/arm-none-eabi/12.3.1/thumb/v7e-m+dp/hard/crti.o
 .ARM.attributes
                0x00000020       0x32 C:/ST/STM32CubeIDE_1.16.1/STM32CubeIDE/plugins/com.st.stm32cube.ide.mcu.externaltools.gnu-tools-for-stm32.12.3.rel1.win32_1.0.200.202406191623/tools/bin/../lib/gcc/arm-none-eabi/12.3.1/thumb/v7e-m+dp/hard/crtbegin.o
 .ARM.attributes
                0x00000052       0x32 ./Core/Src/ESPE_my_DMA.o
 .ARM.attributes
                0x00000084       0x32 ./Core/Src/adc.o
 .ARM.attributes
                0x000000b6       0x32 ./Core/Src/comp.o
 .ARM.attributes
                0x000000e8       0x32 ./Core/Src/dac.o
 .ARM.attributes
                0x0000011a       0x32 ./Core/Src/dma.o
 .ARM.attributes
                0x0000014c       0x32 ./Core/Src/gpio.o
 .ARM.attributes
                0x0000017e       0x32 ./Core/Src/main.o
 .ARM.attributes
                0x000001b0       0x32 ./Core/Src/stm32h7xx_hal_msp.o
 .ARM.attributes
                0x000001e2       0x32 ./Core/Src/stm32h7xx_it.o
 .ARM.attributes
                0x00000214       0x32 ./Core/Src/system_stm32h7xx.o
 .ARM.attributes
                0x00000246       0x32 ./Core/Src/tim.o
 .ARM.attributes
                0x00000278       0x32 ./Core/Src/usart.o
 .ARM.attributes
                0x000002aa       0x32 ./Core/Src/usb_otg.o
 .ARM.attributes
                0x000002dc       0x21 ./Core/Startup/startup_stm32h743zitx.o
 .ARM.attributes
                0x000002fd       0x32 ./Drivers/STM32H7xx_HAL_Driver/Src/stm32h7xx_hal.o
 .ARM.attributes
                0x0000032f       0x32 ./Drivers/STM32H7xx_HAL_Driver/Src/stm32h7xx_hal_adc.o
 .ARM.attributes
                0x00000361       0x32 ./Drivers/STM32H7xx_HAL_Driver/Src/stm32h7xx_hal_comp.o
 .ARM.attributes
                0x00000393       0x32 ./Drivers/STM32H7xx_HAL_Driver/Src/stm32h7xx_hal_cortex.o
 .ARM.attributes
                0x000003c5       0x32 ./Drivers/STM32H7xx_HAL_Driver/Src/stm32h7xx_hal_dac.o
 .ARM.attributes
                0x000003f7       0x32 ./Drivers/STM32H7xx_HAL_Driver/Src/stm32h7xx_hal_dma.o
 .ARM.attributes
                0x00000429       0x32 ./Drivers/STM32H7xx_HAL_Driver/Src/stm32h7xx_hal_gpio.o
 .ARM.attributes
                0x0000045b       0x32 ./Drivers/STM32H7xx_HAL_Driver/Src/stm32h7xx_hal_pcd.o
 .ARM.attributes
                0x0000048d       0x32 ./Drivers/STM32H7xx_HAL_Driver/Src/stm32h7xx_hal_pcd_ex.o
 .ARM.attributes
                0x000004bf       0x32 ./Drivers/STM32H7xx_HAL_Driver/Src/stm32h7xx_hal_pwr_ex.o
 .ARM.attributes
                0x000004f1       0x32 ./Drivers/STM32H7xx_HAL_Driver/Src/stm32h7xx_hal_rcc.o
 .ARM.attributes
                0x00000523       0x32 ./Drivers/STM32H7xx_HAL_Driver/Src/stm32h7xx_hal_rcc_ex.o
 .ARM.attributes
                0x00000555       0x32 ./Drivers/STM32H7xx_HAL_Driver/Src/stm32h7xx_hal_tim.o
 .ARM.attributes
                0x00000587       0x32 ./Drivers/STM32H7xx_HAL_Driver/Src/stm32h7xx_hal_tim_ex.o
 .ARM.attributes
                0x000005b9       0x32 ./Drivers/STM32H7xx_HAL_Driver/Src/stm32h7xx_hal_uart.o
 .ARM.attributes
                0x000005eb       0x32 ./Drivers/STM32H7xx_HAL_Driver/Src/stm32h7xx_hal_uart_ex.o
 .ARM.attributes
                0x0000061d       0x32 ./Drivers/STM32H7xx_HAL_Driver/Src/stm32h7xx_ll_usb.o
 .ARM.attributes
                0x0000064f       0x32 C:/ST/STM32CubeIDE_1.16.1/STM32CubeIDE/plugins/com.st.stm32cube.ide.mcu.externaltools.gnu-tools-for-stm32.12.3.rel1.win32_1.0.200.202406191623/tools/bin/../lib/gcc/arm-none-eabi/12.3.1/../../../../arm-none-eabi/lib/thumb/v7e-m+dp/hard\libc_nano.a(libc_a-memset.o)
 .ARM.attributes
                0x00000681       0x32 C:/ST/STM32CubeIDE_1.16.1/STM32CubeIDE/plugins/com.st.stm32cube.ide.mcu.externaltools.gnu-tools-for-stm32.12.3.rel1.win32_1.0.200.202406191623/tools/bin/../lib/gcc/arm-none-eabi/12.3.1/../../../../arm-none-eabi/lib/thumb/v7e-m+dp/hard\libc_nano.a(libc_a-init.o)
 .ARM.attributes
                0x000006b3       0x20 C:/ST/STM32CubeIDE_1.16.1/STM32CubeIDE/plugins/com.st.stm32cube.ide.mcu.externaltools.gnu-tools-for-stm32.12.3.rel1.win32_1.0.200.202406191623/tools/bin/../lib/gcc/arm-none-eabi/12.3.1/thumb/v7e-m+dp/hard\libgcc.a(_aeabi_uldivmod.o)
 .ARM.attributes
                0x000006d3       0x32 C:/ST/STM32CubeIDE_1.16.1/STM32CubeIDE/plugins/com.st.stm32cube.ide.mcu.externaltools.gnu-tools-for-stm32.12.3.rel1.win32_1.0.200.202406191623/tools/bin/../lib/gcc/arm-none-eabi/12.3.1/thumb/v7e-m+dp/hard\libgcc.a(_udivmoddi4.o)
 .ARM.attributes
                0x00000705       0x20 C:/ST/STM32CubeIDE_1.16.1/STM32CubeIDE/plugins/com.st.stm32cube.ide.mcu.externaltools.gnu-tools-for-stm32.12.3.rel1.win32_1.0.200.202406191623/tools/bin/../lib/gcc/arm-none-eabi/12.3.1/thumb/v7e-m+dp/hard\libgcc.a(_dvmd_tls.o)
 .ARM.attributes
                0x00000725       0x20 C:/ST/STM32CubeIDE_1.16.1/STM32CubeIDE/plugins/com.st.stm32cube.ide.mcu.externaltools.gnu-tools-for-stm32.12.3.rel1.win32_1.0.200.202406191623/tools/bin/../lib/gcc/arm-none-eabi/12.3.1/thumb/v7e-m+dp/hard/crtn.o
OUTPUT(Comp_phot.elf elf32-littlearm)
LOAD linker stubs
LOAD C:/ST/STM32CubeIDE_1.16.1/STM32CubeIDE/plugins/com.st.stm32cube.ide.mcu.externaltools.gnu-tools-for-stm32.12.3.rel1.win32_1.0.200.202406191623/tools/bin/../lib/gcc/arm-none-eabi/12.3.1/../../../../arm-none-eabi/lib/thumb/v7e-m+dp/hard\libc.a
LOAD C:/ST/STM32CubeIDE_1.16.1/STM32CubeIDE/plugins/com.st.stm32cube.ide.mcu.externaltools.gnu-tools-for-stm32.12.3.rel1.win32_1.0.200.202406191623/tools/bin/../lib/gcc/arm-none-eabi/12.3.1/../../../../arm-none-eabi/lib/thumb/v7e-m+dp/hard\libm.a
LOAD C:/ST/STM32CubeIDE_1.16.1/STM32CubeIDE/plugins/com.st.stm32cube.ide.mcu.externaltools.gnu-tools-for-stm32.12.3.rel1.win32_1.0.200.202406191623/tools/bin/../lib/gcc/arm-none-eabi/12.3.1/thumb/v7e-m+dp/hard\libgcc.a

.debug_info     0x00000000    0x20cd1
 .debug_info    0x00000000      0x8be ./Core/Src/ESPE_my_DMA.o
 .debug_info    0x000008be     0x1514 ./Core/Src/adc.o
 .debug_info    0x00001dd2      0x7e1 ./Core/Src/comp.o
 .debug_info    0x000025b3      0xab1 ./Core/Src/dac.o
 .debug_info    0x00003064      0x83c ./Core/Src/dma.o
 .debug_info    0x000038a0      0x69b ./Core/Src/gpio.o
 .debug_info    0x00003f3b      0xed4 ./Core/Src/main.o
 .debug_info    0x00004e0f      0x4df ./Core/Src/stm32h7xx_hal_msp.o
 .debug_info    0x000052ee      0x491 ./Core/Src/stm32h7xx_it.o
 .debug_info    0x0000577f      0xcef ./Core/Src/system_stm32h7xx.o
 .debug_info    0x0000646e      0xc5f ./Core/Src/tim.o
 .debug_info    0x000070cd     0x152f ./Core/Src/usart.o
 .debug_info    0x000085fc      0xf21 ./Core/Src/usb_otg.o
 .debug_info    0x0000951d       0x30 ./Core/Startup/startup_stm32h743zitx.o
 .debug_info    0x0000954d     0x153b ./Drivers/STM32H7xx_HAL_Driver/Src/stm32h7xx_hal.o
 .debug_info    0x0000aa88     0x1ed2 ./Drivers/STM32H7xx_HAL_Driver/Src/stm32h7xx_hal_adc.o
 .debug_info    0x0000c95a      0x78b ./Drivers/STM32H7xx_HAL_Driver/Src/stm32h7xx_hal_comp.o
 .debug_info    0x0000d0e5     0x10ac ./Drivers/STM32H7xx_HAL_Driver/Src/stm32h7xx_hal_cortex.o
 .debug_info    0x0000e191      0xbb8 ./Drivers/STM32H7xx_HAL_Driver/Src/stm32h7xx_hal_dac.o
 .debug_info    0x0000ed49      0xc27 ./Drivers/STM32H7xx_HAL_Driver/Src/stm32h7xx_hal_dma.o
 .debug_info    0x0000f970      0xc4b ./Drivers/STM32H7xx_HAL_Driver/Src/stm32h7xx_hal_gpio.o
 .debug_info    0x000105bb     0x1561 ./Drivers/STM32H7xx_HAL_Driver/Src/stm32h7xx_hal_pcd.o
 .debug_info    0x00011b1c      0x8b3 ./Drivers/STM32H7xx_HAL_Driver/Src/stm32h7xx_hal_pcd_ex.o
 .debug_info    0x000123cf     0x1008 ./Drivers/STM32H7xx_HAL_Driver/Src/stm32h7xx_hal_pwr_ex.o
 .debug_info    0x000133d7      0xe5b ./Drivers/STM32H7xx_HAL_Driver/Src/stm32h7xx_hal_rcc.o
 .debug_info    0x00014232     0x1216 ./Drivers/STM32H7xx_HAL_Driver/Src/stm32h7xx_hal_rcc_ex.o
 .debug_info    0x00015448     0x2bae ./Drivers/STM32H7xx_HAL_Driver/Src/stm32h7xx_hal_tim.o
 .debug_info    0x00017ff6     0x17eb ./Drivers/STM32H7xx_HAL_Driver/Src/stm32h7xx_hal_tim_ex.o
 .debug_info    0x000197e1     0x4b13 ./Drivers/STM32H7xx_HAL_Driver/Src/stm32h7xx_hal_uart.o
 .debug_info    0x0001e2f4      0xfbf ./Drivers/STM32H7xx_HAL_Driver/Src/stm32h7xx_hal_uart_ex.o
 .debug_info    0x0001f2b3     0x1a1e ./Drivers/STM32H7xx_HAL_Driver/Src/stm32h7xx_ll_usb.o

.debug_abbrev   0x00000000     0x4251
 .debug_abbrev  0x00000000      0x158 ./Core/Src/ESPE_my_DMA.o
 .debug_abbrev  0x00000158      0x226 ./Core/Src/adc.o
 .debug_abbrev  0x0000037e      0x201 ./Core/Src/comp.o
 .debug_abbrev  0x0000057f      0x1e4 ./Core/Src/dac.o
 .debug_abbrev  0x00000763      0x12b ./Core/Src/dma.o
 .debug_abbrev  0x0000088e      0x182 ./Core/Src/gpio.o
 .debug_abbrev  0x00000a10      0x209 ./Core/Src/main.o
 .debug_abbrev  0x00000c19      0x137 ./Core/Src/stm32h7xx_hal_msp.o
 .debug_abbrev  0x00000d50      0x182 ./Core/Src/stm32h7xx_it.o
 .debug_abbrev  0x00000ed2      0x14c ./Core/Src/system_stm32h7xx.o
 .debug_abbrev  0x0000101e      0x1f7 ./Core/Src/tim.o
 .debug_abbrev  0x00001215      0x25b ./Core/Src/usart.o
 .debug_abbrev  0x00001470      0x252 ./Core/Src/usb_otg.o
 .debug_abbrev  0x000016c2       0x24 ./Core/Startup/startup_stm32h743zitx.o
 .debug_abbrev  0x000016e6      0x295 ./Drivers/STM32H7xx_HAL_Driver/Src/stm32h7xx_hal.o
 .debug_abbrev  0x0000197b      0x2d3 ./Drivers/STM32H7xx_HAL_Driver/Src/stm32h7xx_hal_adc.o
 .debug_abbrev  0x00001c4e      0x1b5 ./Drivers/STM32H7xx_HAL_Driver/Src/stm32h7xx_hal_comp.o
 .debug_abbrev  0x00001e03      0x339 ./Drivers/STM32H7xx_HAL_Driver/Src/stm32h7xx_hal_cortex.o
 .debug_abbrev  0x0000213c      0x20c ./Drivers/STM32H7xx_HAL_Driver/Src/stm32h7xx_hal_dac.o
 .debug_abbrev  0x00002348      0x248 ./Drivers/STM32H7xx_HAL_Driver/Src/stm32h7xx_hal_dma.o
 .debug_abbrev  0x00002590      0x1fe ./Drivers/STM32H7xx_HAL_Driver/Src/stm32h7xx_hal_gpio.o
 .debug_abbrev  0x0000278e      0x2dc ./Drivers/STM32H7xx_HAL_Driver/Src/stm32h7xx_hal_pcd.o
 .debug_abbrev  0x00002a6a      0x256 ./Drivers/STM32H7xx_HAL_Driver/Src/stm32h7xx_hal_pcd_ex.o
 .debug_abbrev  0x00002cc0      0x2a7 ./Drivers/STM32H7xx_HAL_Driver/Src/stm32h7xx_hal_pwr_ex.o
 .debug_abbrev  0x00002f67      0x2c8 ./Drivers/STM32H7xx_HAL_Driver/Src/stm32h7xx_hal_rcc.o
 .debug_abbrev  0x0000322f      0x269 ./Drivers/STM32H7xx_HAL_Driver/Src/stm32h7xx_hal_rcc_ex.o
 .debug_abbrev  0x00003498      0x276 ./Drivers/STM32H7xx_HAL_Driver/Src/stm32h7xx_hal_tim.o
 .debug_abbrev  0x0000370e      0x281 ./Drivers/STM32H7xx_HAL_Driver/Src/stm32h7xx_hal_tim_ex.o
 .debug_abbrev  0x0000398f      0x33d ./Drivers/STM32H7xx_HAL_Driver/Src/stm32h7xx_hal_uart.o
 .debug_abbrev  0x00003ccc      0x2d2 ./Drivers/STM32H7xx_HAL_Driver/Src/stm32h7xx_hal_uart_ex.o
 .debug_abbrev  0x00003f9e      0x2b3 ./Drivers/STM32H7xx_HAL_Driver/Src/stm32h7xx_ll_usb.o

.debug_aranges  0x00000000     0x18c8
 .debug_aranges
                0x00000000       0xa8 ./Core/Src/ESPE_my_DMA.o
 .debug_aranges
                0x000000a8       0x30 ./Core/Src/adc.o
 .debug_aranges
                0x000000d8       0x30 ./Core/Src/comp.o
 .debug_aranges
                0x00000108       0x30 ./Core/Src/dac.o
 .debug_aranges
                0x00000138       0x20 ./Core/Src/dma.o
 .debug_aranges
                0x00000158       0x20 ./Core/Src/gpio.o
 .debug_aranges
                0x00000178       0x30 ./Core/Src/main.o
 .debug_aranges
                0x000001a8       0x20 ./Core/Src/stm32h7xx_hal_msp.o
 .debug_aranges
                0x000001c8       0x80 ./Core/Src/stm32h7xx_it.o
 .debug_aranges
                0x00000248       0x28 ./Core/Src/system_stm32h7xx.o
 .debug_aranges
                0x00000270       0x30 ./Core/Src/tim.o
 .debug_aranges
                0x000002a0       0x30 ./Core/Src/usart.o
 .debug_aranges
                0x000002d0       0x30 ./Core/Src/usb_otg.o
 .debug_aranges
                0x00000300       0x28 ./Core/Startup/startup_stm32h743zitx.o
 .debug_aranges
                0x00000328      0x198 ./Drivers/STM32H7xx_HAL_Driver/Src/stm32h7xx_hal.o
 .debug_aranges
                0x000004c0      0x228 ./Drivers/STM32H7xx_HAL_Driver/Src/stm32h7xx_hal_adc.o
 .debug_aranges
                0x000006e8       0x88 ./Drivers/STM32H7xx_HAL_Driver/Src/stm32h7xx_hal_comp.o
 .debug_aranges
                0x00000770      0x130 ./Drivers/STM32H7xx_HAL_Driver/Src/stm32h7xx_hal_cortex.o
 .debug_aranges
                0x000008a0       0xc0 ./Drivers/STM32H7xx_HAL_Driver/Src/stm32h7xx_hal_dac.o
 .debug_aranges
                0x00000960       0xa0 ./Drivers/STM32H7xx_HAL_Driver/Src/stm32h7xx_hal_dma.o
 .debug_aranges
                0x00000a00       0x58 ./Drivers/STM32H7xx_HAL_Driver/Src/stm32h7xx_hal_gpio.o
 .debug_aranges
                0x00000a58      0x140 ./Drivers/STM32H7xx_HAL_Driver/Src/stm32h7xx_hal_pcd.o
 .debug_aranges
                0x00000b98       0x60 ./Drivers/STM32H7xx_HAL_Driver/Src/stm32h7xx_hal_pcd_ex.o
 .debug_aranges
                0x00000bf8      0x158 ./Drivers/STM32H7xx_HAL_Driver/Src/stm32h7xx_hal_pwr_ex.o
 .debug_aranges
                0x00000d50       0x88 ./Drivers/STM32H7xx_HAL_Driver/Src/stm32h7xx_hal_rcc.o
 .debug_aranges
                0x00000dd8       0xf8 ./Drivers/STM32H7xx_HAL_Driver/Src/stm32h7xx_hal_rcc_ex.o
 .debug_aranges
                0x00000ed0      0x3e0 ./Drivers/STM32H7xx_HAL_Driver/Src/stm32h7xx_hal_tim.o
 .debug_aranges
                0x000012b0      0x188 ./Drivers/STM32H7xx_HAL_Driver/Src/stm32h7xx_hal_tim_ex.o
 .debug_aranges
                0x00001438      0x248 ./Drivers/STM32H7xx_HAL_Driver/Src/stm32h7xx_hal_uart.o
 .debug_aranges
                0x00001680       0xa8 ./Drivers/STM32H7xx_HAL_Driver/Src/stm32h7xx_hal_uart_ex.o
 .debug_aranges
                0x00001728      0x1a0 ./Drivers/STM32H7xx_HAL_Driver/Src/stm32h7xx_ll_usb.o

.debug_rnglists
                0x00000000     0x1322
 .debug_rnglists
                0x00000000       0x7c ./Core/Src/ESPE_my_DMA.o
 .debug_rnglists
                0x0000007c       0x21 ./Core/Src/adc.o
 .debug_rnglists
                0x0000009d       0x20 ./Core/Src/comp.o
 .debug_rnglists
                0x000000bd       0x1f ./Core/Src/dac.o
 .debug_rnglists
                0x000000dc       0x13 ./Core/Src/dma.o
 .debug_rnglists
                0x000000ef       0x14 ./Core/Src/gpio.o
 .debug_rnglists
                0x00000103       0x21 ./Core/Src/main.o
 .debug_rnglists
                0x00000124       0x13 ./Core/Src/stm32h7xx_hal_msp.o
 .debug_rnglists
                0x00000137       0x5b ./Core/Src/stm32h7xx_it.o
 .debug_rnglists
                0x00000192       0x1b ./Core/Src/system_stm32h7xx.o
 .debug_rnglists
                0x000001ad       0x1f ./Core/Src/tim.o
 .debug_rnglists
                0x000001cc       0x21 ./Core/Src/usart.o
 .debug_rnglists
                0x000001ed       0x20 ./Core/Src/usb_otg.o
 .debug_rnglists
                0x0000020d       0x19 ./Core/Startup/startup_stm32h743zitx.o
 .debug_rnglists
                0x00000226      0x131 ./Drivers/STM32H7xx_HAL_Driver/Src/stm32h7xx_hal.o
 .debug_rnglists
                0x00000357      0x1a9 ./Drivers/STM32H7xx_HAL_Driver/Src/stm32h7xx_hal_adc.o
 .debug_rnglists
                0x00000500       0x66 ./Drivers/STM32H7xx_HAL_Driver/Src/stm32h7xx_hal_comp.o
 .debug_rnglists
                0x00000566       0xe0 ./Drivers/STM32H7xx_HAL_Driver/Src/stm32h7xx_hal_cortex.o
 .debug_rnglists
                0x00000646       0x90 ./Drivers/STM32H7xx_HAL_Driver/Src/stm32h7xx_hal_dac.o
 .debug_rnglists
                0x000006d6       0x82 ./Drivers/STM32H7xx_HAL_Driver/Src/stm32h7xx_hal_dma.o
 .debug_rnglists
                0x00000758       0x3f ./Drivers/STM32H7xx_HAL_Driver/Src/stm32h7xx_hal_gpio.o
 .debug_rnglists
                0x00000797       0xf4 ./Drivers/STM32H7xx_HAL_Driver/Src/stm32h7xx_hal_pcd.o
 .debug_rnglists
                0x0000088b       0x45 ./Drivers/STM32H7xx_HAL_Driver/Src/stm32h7xx_hal_pcd_ex.o
 .debug_rnglists
                0x000008d0      0x103 ./Drivers/STM32H7xx_HAL_Driver/Src/stm32h7xx_hal_pwr_ex.o
 .debug_rnglists
                0x000009d3       0x68 ./Drivers/STM32H7xx_HAL_Driver/Src/stm32h7xx_hal_rcc.o
 .debug_rnglists
                0x00000a3b       0xc0 ./Drivers/STM32H7xx_HAL_Driver/Src/stm32h7xx_hal_rcc_ex.o
 .debug_rnglists
                0x00000afb      0x328 ./Drivers/STM32H7xx_HAL_Driver/Src/stm32h7xx_hal_tim.o
 .debug_rnglists
                0x00000e23      0x13f ./Drivers/STM32H7xx_HAL_Driver/Src/stm32h7xx_hal_tim_ex.o
 .debug_rnglists
                0x00000f62      0x1fa ./Drivers/STM32H7xx_HAL_Driver/Src/stm32h7xx_hal_uart.o
 .debug_rnglists
                0x0000115c       0x7f ./Drivers/STM32H7xx_HAL_Driver/Src/stm32h7xx_hal_uart_ex.o
 .debug_rnglists
                0x000011db      0x147 ./Drivers/STM32H7xx_HAL_Driver/Src/stm32h7xx_ll_usb.o

.debug_macro    0x00000000    0x3c423
 .debug_macro   0x00000000      0x34c ./Core/Src/ESPE_my_DMA.o
 .debug_macro   0x0000034c      0xacc ./Core/Src/ESPE_my_DMA.o
 .debug_macro   0x00000e18       0x52 ./Core/Src/ESPE_my_DMA.o
 .debug_macro   0x00000e6a      0x250 ./Core/Src/ESPE_my_DMA.o
 .debug_macro   0x000010ba       0x2e ./Core/Src/ESPE_my_DMA.o
 .debug_macro   0x000010e8       0x3b ./Core/Src/ESPE_my_DMA.o
 .debug_macro   0x00001123       0x22 ./Core/Src/ESPE_my_DMA.o
 .debug_macro   0x00001145       0x8e ./Core/Src/ESPE_my_DMA.o
 .debug_macro   0x000011d3       0x51 ./Core/Src/ESPE_my_DMA.o
 .debug_macro   0x00001224      0x103 ./Core/Src/ESPE_my_DMA.o
 .debug_macro   0x00001327       0x6a ./Core/Src/ESPE_my_DMA.o
 .debug_macro   0x00001391      0x1df ./Core/Src/ESPE_my_DMA.o
 .debug_macro   0x00001570       0x1c ./Core/Src/ESPE_my_DMA.o
 .debug_macro   0x0000158c       0x22 ./Core/Src/ESPE_my_DMA.o
 .debug_macro   0x000015ae       0xfb ./Core/Src/ESPE_my_DMA.o
 .debug_macro   0x000016a9     0x1305 ./Core/Src/ESPE_my_DMA.o
 .debug_macro   0x000029ae      0x11f ./Core/Src/ESPE_my_DMA.o
 .debug_macro   0x00002acd       0x27 ./Core/Src/ESPE_my_DMA.o
 .debug_macro   0x00002af4    0x258f9 ./Core/Src/ESPE_my_DMA.o
 .debug_macro   0x000283ed       0x6d ./Core/Src/ESPE_my_DMA.o
 .debug_macro   0x0002845a     0x3d79 ./Core/Src/ESPE_my_DMA.o
 .debug_macro   0x0002c1d3      0x189 ./Core/Src/ESPE_my_DMA.o
 .debug_macro   0x0002c35c       0x61 ./Core/Src/ESPE_my_DMA.o
 .debug_macro   0x0002c3bd       0x29 ./Core/Src/ESPE_my_DMA.o
 .debug_macro   0x0002c3e6       0x43 ./Core/Src/ESPE_my_DMA.o
 .debug_macro   0x0002c429       0x34 ./Core/Src/ESPE_my_DMA.o
 .debug_macro   0x0002c45d       0x16 ./Core/Src/ESPE_my_DMA.o
 .debug_macro   0x0002c473       0x43 ./Core/Src/ESPE_my_DMA.o
 .debug_macro   0x0002c4b6       0x34 ./Core/Src/ESPE_my_DMA.o
 .debug_macro   0x0002c4ea       0x10 ./Core/Src/ESPE_my_DMA.o
 .debug_macro   0x0002c4fa       0x58 ./Core/Src/ESPE_my_DMA.o
 .debug_macro   0x0002c552       0x8e ./Core/Src/ESPE_my_DMA.o
 .debug_macro   0x0002c5e0       0x1c ./Core/Src/ESPE_my_DMA.o
 .debug_macro   0x0002c5fc      0x177 ./Core/Src/ESPE_my_DMA.o
 .debug_macro   0x0002c773      0x369 ./Core/Src/ESPE_my_DMA.o
 .debug_macro   0x0002cadc      0x19b ./Core/Src/ESPE_my_DMA.o
 .debug_macro   0x0002cc77       0x5d ./Core/Src/ESPE_my_DMA.o
 .debug_macro   0x0002ccd4     0x2382 ./Core/Src/ESPE_my_DMA.o
 .debug_macro   0x0002f056     0x102c ./Core/Src/ESPE_my_DMA.o
 .debug_macro   0x00030082      0x154 ./Core/Src/ESPE_my_DMA.o
 .debug_macro   0x000301d6      0x114 ./Core/Src/ESPE_my_DMA.o
 .debug_macro   0x000302ea      0x3b6 ./Core/Src/ESPE_my_DMA.o
 .debug_macro   0x000306a0       0xac ./Core/Src/ESPE_my_DMA.o
 .debug_macro   0x0003074c      0x72d ./Core/Src/ESPE_my_DMA.o
 .debug_macro   0x00030e79      0x228 ./Core/Src/ESPE_my_DMA.o
 .debug_macro   0x000310a1       0x66 ./Core/Src/ESPE_my_DMA.o
 .debug_macro   0x00031107      0x3bb ./Core/Src/ESPE_my_DMA.o
 .debug_macro   0x000314c2      0x3e4 ./Core/Src/ESPE_my_DMA.o
 .debug_macro   0x000318a6      0x275 ./Core/Src/ESPE_my_DMA.o
 .debug_macro   0x00031b1b     0x1044 ./Core/Src/ESPE_my_DMA.o
 .debug_macro   0x00032b5f      0x6cc ./Core/Src/ESPE_my_DMA.o
 .debug_macro   0x0003322b      0x36e ./Core/Src/ESPE_my_DMA.o
 .debug_macro   0x00033599      0x2ef ./Core/Src/ESPE_my_DMA.o
 .debug_macro   0x00033888      0x184 ./Core/Src/ESPE_my_DMA.o
 .debug_macro   0x00033a0c       0xd8 ./Core/Src/ESPE_my_DMA.o
 .debug_macro   0x00033ae4      0x3ca ./Core/Src/ESPE_my_DMA.o
 .debug_macro   0x00033eae      0x408 ./Core/Src/ESPE_my_DMA.o
 .debug_macro   0x000342b6       0x51 ./Core/Src/ESPE_my_DMA.o
 .debug_macro   0x00034307       0x4a ./Core/Src/ESPE_my_DMA.o
 .debug_macro   0x00034351      0x22c ./Core/Src/ESPE_my_DMA.o
 .debug_macro   0x0003457d       0x67 ./Core/Src/ESPE_my_DMA.o
 .debug_macro   0x000345e4       0xa5 ./Core/Src/ESPE_my_DMA.o
 .debug_macro   0x00034689      0x1c4 ./Core/Src/ESPE_my_DMA.o
 .debug_macro   0x0003484d      0x25e ./Core/Src/ESPE_my_DMA.o
 .debug_macro   0x00034aab       0x35 ./Core/Src/ESPE_my_DMA.o
 .debug_macro   0x00034ae0      0xafa ./Core/Src/ESPE_my_DMA.o
 .debug_macro   0x000355da      0x29f ./Core/Src/ESPE_my_DMA.o
 .debug_macro   0x00035879      0x693 ./Core/Src/ESPE_my_DMA.o
 .debug_macro   0x00035f0c       0xa6 ./Core/Src/ESPE_my_DMA.o
 .debug_macro   0x00035fb2      0x293 ./Core/Src/ESPE_my_DMA.o
 .debug_macro   0x00036245       0x90 ./Core/Src/ESPE_my_DMA.o
 .debug_macro   0x000362d5      0x5a0 ./Core/Src/ESPE_my_DMA.o
 .debug_macro   0x00036875       0x64 ./Core/Src/ESPE_my_DMA.o
 .debug_macro   0x000368d9      0x325 ./Core/Src/adc.o
 .debug_macro   0x00036bfe      0x325 ./Core/Src/comp.o
 .debug_macro   0x00036f23      0x325 ./Core/Src/dac.o
 .debug_macro   0x00037248      0x325 ./Core/Src/dma.o
 .debug_macro   0x0003756d      0x325 ./Core/Src/gpio.o
 .debug_macro   0x00037892      0x382 ./Core/Src/main.o
 .debug_macro   0x00037c14      0x31b ./Core/Src/stm32h7xx_hal_msp.o
 .debug_macro   0x00037f2f      0x32e ./Core/Src/stm32h7xx_it.o
 .debug_macro   0x0003825d      0x30c ./Core/Src/system_stm32h7xx.o
 .debug_macro   0x00038569      0x325 ./Core/Src/tim.o
 .debug_macro   0x0003888e      0x325 ./Core/Src/usart.o
 .debug_macro   0x00038bb3      0x325 ./Core/Src/usb_otg.o
 .debug_macro   0x00038ed8      0x336 ./Drivers/STM32H7xx_HAL_Driver/Src/stm32h7xx_hal.o
 .debug_macro   0x0003920e      0x330 ./Drivers/STM32H7xx_HAL_Driver/Src/stm32h7xx_hal_adc.o
 .debug_macro   0x0003953e      0x31b ./Drivers/STM32H7xx_HAL_Driver/Src/stm32h7xx_hal_comp.o
 .debug_macro   0x00039859      0x30c ./Drivers/STM32H7xx_HAL_Driver/Src/stm32h7xx_hal_cortex.o
 .debug_macro   0x00039b65      0x314 ./Drivers/STM32H7xx_HAL_Driver/Src/stm32h7xx_hal_dac.o
 .debug_macro   0x00039e79      0x360 ./Drivers/STM32H7xx_HAL_Driver/Src/stm32h7xx_hal_dma.o
 .debug_macro   0x0003a1d9      0x313 ./Drivers/STM32H7xx_HAL_Driver/Src/stm32h7xx_hal_gpio.o
 .debug_macro   0x0003a4ec      0x318 ./Drivers/STM32H7xx_HAL_Driver/Src/stm32h7xx_hal_pcd.o
 .debug_macro   0x0003a804      0x30c ./Drivers/STM32H7xx_HAL_Driver/Src/stm32h7xx_hal_pcd_ex.o
 .debug_macro   0x0003ab10      0x345 ./Drivers/STM32H7xx_HAL_Driver/Src/stm32h7xx_hal_pwr_ex.o
 .debug_macro   0x0003ae55      0x330 ./Drivers/STM32H7xx_HAL_Driver/Src/stm32h7xx_hal_rcc.o
 .debug_macro   0x0003b185      0x32a ./Drivers/STM32H7xx_HAL_Driver/Src/stm32h7xx_hal_rcc_ex.o
 .debug_macro   0x0003b4af      0x30d ./Drivers/STM32H7xx_HAL_Driver/Src/stm32h7xx_hal_tim.o
 .debug_macro   0x0003b7bc      0x30c ./Drivers/STM32H7xx_HAL_Driver/Src/stm32h7xx_hal_tim_ex.o
 .debug_macro   0x0003bac8      0x337 ./Drivers/STM32H7xx_HAL_Driver/Src/stm32h7xx_hal_uart.o
 .debug_macro   0x0003bdff      0x318 ./Drivers/STM32H7xx_HAL_Driver/Src/stm32h7xx_hal_uart_ex.o
 .debug_macro   0x0003c117      0x30c ./Drivers/STM32H7xx_HAL_Driver/Src/stm32h7xx_ll_usb.o

.debug_line     0x00000000    0x25a20
 .debug_line    0x00000000      0xe2c ./Core/Src/ESPE_my_DMA.o
 .debug_line    0x00000e2c      0xa9b ./Core/Src/adc.o
 .debug_line    0x000018c7      0xa20 ./Core/Src/comp.o
 .debug_line    0x000022e7      0xa11 ./Core/Src/dac.o
 .debug_line    0x00002cf8      0x9ba ./Core/Src/dma.o
 .debug_line    0x000036b2      0xa3e ./Core/Src/gpio.o
 .debug_line    0x000040f0      0xadd ./Core/Src/main.o
 .debug_line    0x00004bcd      0x9bf ./Core/Src/stm32h7xx_hal_msp.o
 .debug_line    0x0000558c      0xaef ./Core/Src/stm32h7xx_it.o
 .debug_line    0x0000607b      0xb77 ./Core/Src/system_stm32h7xx.o
 .debug_line    0x00006bf2      0xa13 ./Core/Src/tim.o
 .debug_line    0x00007605      0xa86 ./Core/Src/usart.o
 .debug_line    0x0000808b      0xa4d ./Core/Src/usb_otg.o
 .debug_line    0x00008ad8       0x7a ./Core/Startup/startup_stm32h743zitx.o
 .debug_line    0x00008b52      0xf6c ./Drivers/STM32H7xx_HAL_Driver/Src/stm32h7xx_hal.o
 .debug_line    0x00009abe     0x24bb ./Drivers/STM32H7xx_HAL_Driver/Src/stm32h7xx_hal_adc.o
 .debug_line    0x0000bf79      0xd6f ./Drivers/STM32H7xx_HAL_Driver/Src/stm32h7xx_hal_comp.o
 .debug_line    0x0000cce8      0xf9b ./Drivers/STM32H7xx_HAL_Driver/Src/stm32h7xx_hal_cortex.o
 .debug_line    0x0000dc83      0xebc ./Drivers/STM32H7xx_HAL_Driver/Src/stm32h7xx_hal_dac.o
 .debug_line    0x0000eb3f     0x28cf ./Drivers/STM32H7xx_HAL_Driver/Src/stm32h7xx_hal_dma.o
 .debug_line    0x0001140e      0xe44 ./Drivers/STM32H7xx_HAL_Driver/Src/stm32h7xx_hal_gpio.o
 .debug_line    0x00012252     0x1787 ./Drivers/STM32H7xx_HAL_Driver/Src/stm32h7xx_hal_pcd.o
 .debug_line    0x000139d9      0xbc9 ./Drivers/STM32H7xx_HAL_Driver/Src/stm32h7xx_hal_pcd_ex.o
 .debug_line    0x000145a2     0x108f ./Drivers/STM32H7xx_HAL_Driver/Src/stm32h7xx_hal_pwr_ex.o
 .debug_line    0x00015631     0x153c ./Drivers/STM32H7xx_HAL_Driver/Src/stm32h7xx_hal_rcc.o
 .debug_line    0x00016b6d     0x1e54 ./Drivers/STM32H7xx_HAL_Driver/Src/stm32h7xx_hal_rcc_ex.o
 .debug_line    0x000189c1     0x4102 ./Drivers/STM32H7xx_HAL_Driver/Src/stm32h7xx_hal_tim.o
 .debug_line    0x0001cac3     0x1f0c ./Drivers/STM32H7xx_HAL_Driver/Src/stm32h7xx_hal_tim_ex.o
 .debug_line    0x0001e9cf     0x3ffa ./Drivers/STM32H7xx_HAL_Driver/Src/stm32h7xx_hal_uart.o
 .debug_line    0x000229c9     0x100a ./Drivers/STM32H7xx_HAL_Driver/Src/stm32h7xx_hal_uart_ex.o
 .debug_line    0x000239d3     0x204d ./Drivers/STM32H7xx_HAL_Driver/Src/stm32h7xx_ll_usb.o

.debug_str      0x00000000   0x17d090
 .debug_str     0x00000000   0x1746f1 ./Core/Src/ESPE_my_DMA.o
                             0x174de8 (size before relaxing)
 .debug_str     0x001746f1     0x12cd ./Core/Src/adc.o
                             0x175d0b (size before relaxing)
 .debug_str     0x001759be      0x202 ./Core/Src/comp.o
                             0x174cac (size before relaxing)
 .debug_str     0x00175bc0      0x209 ./Core/Src/dac.o
                             0x174fb8 (size before relaxing)
 .debug_str     0x00175dc9       0x1e ./Core/Src/dma.o
                             0x175251 (size before relaxing)
 .debug_str     0x00175de7       0x68 ./Core/Src/gpio.o
                             0x174ae2 (size before relaxing)
 .debug_str     0x00175e4f      0x2e3 ./Core/Src/main.o
                             0x1750e0 (size before relaxing)
 .debug_str     0x00176132       0x94 ./Core/Src/stm32h7xx_hal_msp.o
                             0x174aa5 (size before relaxing)
 .debug_str     0x001761c6      0x13d ./Core/Src/stm32h7xx_it.o
                             0x174de7 (size before relaxing)
 .debug_str     0x00176303      0x33a ./Core/Src/system_stm32h7xx.o
                             0x174bb3 (size before relaxing)
 .debug_str     0x0017663d      0x379 ./Core/Src/tim.o
                             0x175155 (size before relaxing)
 .debug_str     0x001769b6      0x2c0 ./Core/Src/usart.o
                             0x175d38 (size before relaxing)
 .debug_str     0x00176c76      0x435 ./Core/Src/usb_otg.o
                             0x175309 (size before relaxing)
 .debug_str     0x001770ab       0x44 ./Core/Startup/startup_stm32h743zitx.o
                                 0x74 (size before relaxing)
 .debug_str     0x001770ef      0x765 ./Drivers/STM32H7xx_HAL_Driver/Src/stm32h7xx_hal.o
                             0x175ac9 (size before relaxing)
 .debug_str     0x00177854      0xb1f ./Drivers/STM32H7xx_HAL_Driver/Src/stm32h7xx_hal_adc.o
                             0x175952 (size before relaxing)
 .debug_str     0x00178373      0x193 ./Drivers/STM32H7xx_HAL_Driver/Src/stm32h7xx_hal_comp.o
                             0x174ac1 (size before relaxing)
 .debug_str     0x00178506      0x364 ./Drivers/STM32H7xx_HAL_Driver/Src/stm32h7xx_hal_cortex.o
                             0x175504 (size before relaxing)
 .debug_str     0x0017886a      0x233 ./Drivers/STM32H7xx_HAL_Driver/Src/stm32h7xx_hal_dac.o
                             0x174e5d (size before relaxing)
 .debug_str     0x00178a9d      0x830 ./Drivers/STM32H7xx_HAL_Driver/Src/stm32h7xx_hal_dma.o
                             0x1752ed (size before relaxing)
 .debug_str     0x001792cd       0xec ./Drivers/STM32H7xx_HAL_Driver/Src/stm32h7xx_hal_gpio.o
                             0x174b6a (size before relaxing)
 .debug_str     0x001793b9      0x80a ./Drivers/STM32H7xx_HAL_Driver/Src/stm32h7xx_hal_pcd.o
                             0x17531e (size before relaxing)
 .debug_str     0x00179bc3      0x174 ./Drivers/STM32H7xx_HAL_Driver/Src/stm32h7xx_hal_pcd_ex.o
                             0x174cbc (size before relaxing)
 .debug_str     0x00179d37      0x601 ./Drivers/STM32H7xx_HAL_Driver/Src/stm32h7xx_hal_pwr_ex.o
                             0x17502b (size before relaxing)
 .debug_str     0x0017a338      0x21a ./Drivers/STM32H7xx_HAL_Driver/Src/stm32h7xx_hal_rcc.o
                             0x174f4e (size before relaxing)
 .debug_str     0x0017a552      0x630 ./Drivers/STM32H7xx_HAL_Driver/Src/stm32h7xx_hal_rcc_ex.o
                             0x17542f (size before relaxing)
 .debug_str     0x0017ab82      0xe7c ./Drivers/STM32H7xx_HAL_Driver/Src/stm32h7xx_hal_tim.o
                             0x175ced (size before relaxing)
 .debug_str     0x0017b9fe      0x587 ./Drivers/STM32H7xx_HAL_Driver/Src/stm32h7xx_hal_tim_ex.o
                             0x175615 (size before relaxing)
 .debug_str     0x0017bf85      0x9f5 ./Drivers/STM32H7xx_HAL_Driver/Src/stm32h7xx_hal_uart.o
                             0x175a8f (size before relaxing)
 .debug_str     0x0017c97a      0x266 ./Drivers/STM32H7xx_HAL_Driver/Src/stm32h7xx_hal_uart_ex.o
                             0x17504f (size before relaxing)
 .debug_str     0x0017cbe0      0x4b0 ./Drivers/STM32H7xx_HAL_Driver/Src/stm32h7xx_ll_usb.o
                             0x175218 (size before relaxing)

.comment        0x00000000       0x43
 .comment       0x00000000       0x43 ./Core/Src/ESPE_my_DMA.o
                                 0x44 (size before relaxing)
 .comment       0x00000043       0x44 ./Core/Src/adc.o
 .comment       0x00000043       0x44 ./Core/Src/comp.o
 .comment       0x00000043       0x44 ./Core/Src/dac.o
 .comment       0x00000043       0x44 ./Core/Src/dma.o
 .comment       0x00000043       0x44 ./Core/Src/gpio.o
 .comment       0x00000043       0x44 ./Core/Src/main.o
 .comment       0x00000043       0x44 ./Core/Src/stm32h7xx_hal_msp.o
 .comment       0x00000043       0x44 ./Core/Src/stm32h7xx_it.o
 .comment       0x00000043       0x44 ./Core/Src/system_stm32h7xx.o
 .comment       0x00000043       0x44 ./Core/Src/tim.o
 .comment       0x00000043       0x44 ./Core/Src/usart.o
 .comment       0x00000043       0x44 ./Core/Src/usb_otg.o
 .comment       0x00000043       0x44 ./Drivers/STM32H7xx_HAL_Driver/Src/stm32h7xx_hal.o
 .comment       0x00000043       0x44 ./Drivers/STM32H7xx_HAL_Driver/Src/stm32h7xx_hal_adc.o
 .comment       0x00000043       0x44 ./Drivers/STM32H7xx_HAL_Driver/Src/stm32h7xx_hal_comp.o
 .comment       0x00000043       0x44 ./Drivers/STM32H7xx_HAL_Driver/Src/stm32h7xx_hal_cortex.o
 .comment       0x00000043       0x44 ./Drivers/STM32H7xx_HAL_Driver/Src/stm32h7xx_hal_dac.o
 .comment       0x00000043       0x44 ./Drivers/STM32H7xx_HAL_Driver/Src/stm32h7xx_hal_dma.o
 .comment       0x00000043       0x44 ./Drivers/STM32H7xx_HAL_Driver/Src/stm32h7xx_hal_gpio.o
 .comment       0x00000043       0x44 ./Drivers/STM32H7xx_HAL_Driver/Src/stm32h7xx_hal_pcd.o
 .comment       0x00000043       0x44 ./Drivers/STM32H7xx_HAL_Driver/Src/stm32h7xx_hal_pcd_ex.o
 .comment       0x00000043       0x44 ./Drivers/STM32H7xx_HAL_Driver/Src/stm32h7xx_hal_pwr_ex.o
 .comment       0x00000043       0x44 ./Drivers/STM32H7xx_HAL_Driver/Src/stm32h7xx_hal_rcc.o
 .comment       0x00000043       0x44 ./Drivers/STM32H7xx_HAL_Driver/Src/stm32h7xx_hal_rcc_ex.o
 .comment       0x00000043       0x44 ./Drivers/STM32H7xx_HAL_Driver/Src/stm32h7xx_hal_tim.o
 .comment       0x00000043       0x44 ./Drivers/STM32H7xx_HAL_Driver/Src/stm32h7xx_hal_tim_ex.o
 .comment       0x00000043       0x44 ./Drivers/STM32H7xx_HAL_Driver/Src/stm32h7xx_hal_uart.o
 .comment       0x00000043       0x44 ./Drivers/STM32H7xx_HAL_Driver/Src/stm32h7xx_hal_uart_ex.o
 .comment       0x00000043       0x44 ./Drivers/STM32H7xx_HAL_Driver/Src/stm32h7xx_ll_usb.o

.debug_frame    0x00000000     0x6878
 .debug_frame   0x00000000      0x240 ./Core/Src/ESPE_my_DMA.o
 .debug_frame   0x00000240       0x80 ./Core/Src/adc.o
 .debug_frame   0x000002c0       0x74 ./Core/Src/comp.o
 .debug_frame   0x00000334       0x84 ./Core/Src/dac.o
 .debug_frame   0x000003b8       0x34 ./Core/Src/dma.o
 .debug_frame   0x000003ec       0x38 ./Core/Src/gpio.o
 .debug_frame   0x00000424       0x6c ./Core/Src/main.o
 .debug_frame   0x00000490       0x34 ./Core/Src/stm32h7xx_hal_msp.o
 .debug_frame   0x000004c4      0x178 ./Core/Src/stm32h7xx_it.o
 .debug_frame   0x0000063c       0x58 ./Core/Src/system_stm32h7xx.o
 .debug_frame   0x00000694       0x84 ./Core/Src/tim.o
 .debug_frame   0x00000718       0x78 ./Core/Src/usart.o
 .debug_frame   0x00000790       0x78 ./Core/Src/usb_otg.o
 .debug_frame   0x00000808      0x690 ./Drivers/STM32H7xx_HAL_Driver/Src/stm32h7xx_hal.o
 .debug_frame   0x00000e98      0xa28 ./Drivers/STM32H7xx_HAL_Driver/Src/stm32h7xx_hal_adc.o
 .debug_frame   0x000018c0      0x234 ./Drivers/STM32H7xx_HAL_Driver/Src/stm32h7xx_hal_comp.o
 .debug_frame   0x00001af4      0x508 ./Drivers/STM32H7xx_HAL_Driver/Src/stm32h7xx_hal_cortex.o
 .debug_frame   0x00001ffc      0x338 ./Drivers/STM32H7xx_HAL_Driver/Src/stm32h7xx_hal_dac.o
 .debug_frame   0x00002334      0x2b4 ./Drivers/STM32H7xx_HAL_Driver/Src/stm32h7xx_hal_dma.o
 .debug_frame   0x000025e8      0x14c ./Drivers/STM32H7xx_HAL_Driver/Src/stm32h7xx_hal_gpio.o
 .debug_frame   0x00002734      0x590 ./Drivers/STM32H7xx_HAL_Driver/Src/stm32h7xx_hal_pcd.o
 .debug_frame   0x00002cc4      0x174 ./Drivers/STM32H7xx_HAL_Driver/Src/stm32h7xx_hal_pcd_ex.o
 .debug_frame   0x00002e38      0x580 ./Drivers/STM32H7xx_HAL_Driver/Src/stm32h7xx_hal_pwr_ex.o
 .debug_frame   0x000033b8      0x1f8 ./Drivers/STM32H7xx_HAL_Driver/Src/stm32h7xx_hal_rcc.o
 .debug_frame   0x000035b0      0x414 ./Drivers/STM32H7xx_HAL_Driver/Src/stm32h7xx_hal_rcc_ex.o
 .debug_frame   0x000039c4     0x121c ./Drivers/STM32H7xx_HAL_Driver/Src/stm32h7xx_hal_tim.o
 .debug_frame   0x00004be0      0x6d8 ./Drivers/STM32H7xx_HAL_Driver/Src/stm32h7xx_hal_tim_ex.o
 .debug_frame   0x000052b8      0xa94 ./Drivers/STM32H7xx_HAL_Driver/Src/stm32h7xx_hal_uart.o
 .debug_frame   0x00005d4c      0x2c0 ./Drivers/STM32H7xx_HAL_Driver/Src/stm32h7xx_hal_uart_ex.o
 .debug_frame   0x0000600c      0x7c0 ./Drivers/STM32H7xx_HAL_Driver/Src/stm32h7xx_ll_usb.o
 .debug_frame   0x000067cc       0x20 C:/ST/STM32CubeIDE_1.16.1/STM32CubeIDE/plugins/com.st.stm32cube.ide.mcu.externaltools.gnu-tools-for-stm32.12.3.rel1.win32_1.0.200.202406191623/tools/bin/../lib/gcc/arm-none-eabi/12.3.1/../../../../arm-none-eabi/lib/thumb/v7e-m+dp/hard\libc_nano.a(libc_a-memset.o)
 .debug_frame   0x000067ec       0x2c C:/ST/STM32CubeIDE_1.16.1/STM32CubeIDE/plugins/com.st.stm32cube.ide.mcu.externaltools.gnu-tools-for-stm32.12.3.rel1.win32_1.0.200.202406191623/tools/bin/../lib/gcc/arm-none-eabi/12.3.1/../../../../arm-none-eabi/lib/thumb/v7e-m+dp/hard\libc_nano.a(libc_a-init.o)
 .debug_frame   0x00006818       0x2c C:/ST/STM32CubeIDE_1.16.1/STM32CubeIDE/plugins/com.st.stm32cube.ide.mcu.externaltools.gnu-tools-for-stm32.12.3.rel1.win32_1.0.200.202406191623/tools/bin/../lib/gcc/arm-none-eabi/12.3.1/thumb/v7e-m+dp/hard\libgcc.a(_aeabi_uldivmod.o)
 .debug_frame   0x00006844       0x34 C:/ST/STM32CubeIDE_1.16.1/STM32CubeIDE/plugins/com.st.stm32cube.ide.mcu.externaltools.gnu-tools-for-stm32.12.3.rel1.win32_1.0.200.202406191623/tools/bin/../lib/gcc/arm-none-eabi/12.3.1/thumb/v7e-m+dp/hard\libgcc.a(_udivmoddi4.o)

.debug_line_str
                0x00000000       0x58
 .debug_line_str
                0x00000000       0x58 ./Core/Startup/startup_stm32h743zitx.o
