../Core/Src/ESPE_my_DMA.c:32:6:DMA_setup_ADC1	4	static
../Core/Src/ESPE_my_DMA.c:40:6:DMA_setup_ADC3	4	static
../Core/Src/ESPE_my_DMA.c:48:6:DMA_reset	4	static
../Core/Src/ESPE_my_DMA.c:57:6:DMA_setup_USART_ADC1	4	static
../Core/Src/ESPE_my_DMA.c:65:6:DMA_setup_USART_ADC3	4	static
../Core/Src/ESPE_my_DMA.c:73:6:ESPE_USART_init	4	static
../Core/Src/ESPE_my_DMA.c:87:6:ESPE_ADC1_init	4	static
../Core/Src/ESPE_my_DMA.c:136:6:ESPE_ADC3_init	4	static
../Core/Src/ESPE_my_DMA.c:184:6:ESPE_TIM6_init	4	static
../Core/Src/ESPE_my_DMA.c:190:6:ESPE_COMP_init	4	static
../Core/Src/ESPE_my_DMA.c:199:6:ESPE_USART_invert_mode	4	static
../Core/Src/ESPE_my_DMA.c:211:6:ESPE_USART_char_start	4	static
../Core/Src/ESPE_my_DMA.c:236:6:ESPE_DMA_switch_mode	8	static
../Core/Src/ESPE_my_DMA.c:260:6:ESPE_DMA_switch_back	8	static
../Core/Src/ESPE_my_DMA.c:274:6:ESPE_DMA_Trigger	4	static
../Core/Src/ESPE_my_DMA.c:285:6:ESPE_DMA_Trigger_Pretrigger	4	static
../Core/Src/ESPE_my_DMA.c:304:6:ESPE_DMA_COMP_Trigger	4	static
../Core/Src/ESPE_my_DMA.c:316:6:ESPE_DMA_COMP_Trigger_Pretrigger	4	static
../Core/Src/ESPE_my_DMA.c:337:6:ESPE_DMA_data_manipulation	8	static
../Core/Src/ESPE_my_DMA.c:344:6:ESPE_DMA_end_transmission	8	static
../Core/Src/ESPE_my_DMA.c:362:6:ESPE_DMA_Dual_ADC	4	static
