Archive member included to satisfy reference by file (symbol)

C:/ST/STM32CubeIDE_1.16.1/STM32CubeIDE/plugins/com.st.stm32cube.ide.mcu.externaltools.gnu-tools-for-stm32.12.3.rel1.win32_1.0.200.202406191623/tools/bin/../lib/gcc/arm-none-eabi/12.3.1/../../../../arm-none-eabi/lib/thumb/v7e-m+dp/hard\libc_nano.a(libc_a-exit.o)
                              C:/ST/STM32CubeIDE_1.16.1/STM32CubeIDE/plugins/com.st.stm32cube.ide.mcu.externaltools.gnu-tools-for-stm32.12.3.rel1.win32_1.0.200.202406191623/tools/bin/../lib/gcc/arm-none-eabi/12.3.1/../../../../arm-none-eabi/lib/thumb/v7e-m+dp/hard/crt0.o (exit)
C:/ST/STM32CubeIDE_1.16.1/STM32CubeIDE/plugins/com.st.stm32cube.ide.mcu.externaltools.gnu-tools-for-stm32.12.3.rel1.win32_1.0.200.202406191623/tools/bin/../lib/gcc/arm-none-eabi/12.3.1/../../../../arm-none-eabi/lib/thumb/v7e-m+dp/hard\libc_nano.a(libc_a-findfp.o)
                              C:/ST/STM32CubeIDE_1.16.1/STM32CubeIDE/plugins/com.st.stm32cube.ide.mcu.externaltools.gnu-tools-for-stm32.12.3.rel1.win32_1.0.200.202406191623/tools/bin/../lib/gcc/arm-none-eabi/12.3.1/../../../../arm-none-eabi/lib/thumb/v7e-m+dp/hard\libc_nano.a(libc_a-exit.o) (__stdio_exit_handler)
C:/ST/STM32CubeIDE_1.16.1/STM32CubeIDE/plugins/com.st.stm32cube.ide.mcu.externaltools.gnu-tools-for-stm32.12.3.rel1.win32_1.0.200.202406191623/tools/bin/../lib/gcc/arm-none-eabi/12.3.1/../../../../arm-none-eabi/lib/thumb/v7e-m+dp/hard\libc_nano.a(libc_a-fwalk.o)
                              C:/ST/STM32CubeIDE_1.16.1/STM32CubeIDE/plugins/com.st.stm32cube.ide.mcu.externaltools.gnu-tools-for-stm32.12.3.rel1.win32_1.0.200.202406191623/tools/bin/../lib/gcc/arm-none-eabi/12.3.1/../../../../arm-none-eabi/lib/thumb/v7e-m+dp/hard\libc_nano.a(libc_a-findfp.o) (_fwalk_sglue)
C:/ST/STM32CubeIDE_1.16.1/STM32CubeIDE/plugins/com.st.stm32cube.ide.mcu.externaltools.gnu-tools-for-stm32.12.3.rel1.win32_1.0.200.202406191623/tools/bin/../lib/gcc/arm-none-eabi/12.3.1/../../../../arm-none-eabi/lib/thumb/v7e-m+dp/hard\libc_nano.a(libc_a-stdio.o)
                              C:/ST/STM32CubeIDE_1.16.1/STM32CubeIDE/plugins/com.st.stm32cube.ide.mcu.externaltools.gnu-tools-for-stm32.12.3.rel1.win32_1.0.200.202406191623/tools/bin/../lib/gcc/arm-none-eabi/12.3.1/../../../../arm-none-eabi/lib/thumb/v7e-m+dp/hard\libc_nano.a(libc_a-findfp.o) (__sread)
C:/ST/STM32CubeIDE_1.16.1/STM32CubeIDE/plugins/com.st.stm32cube.ide.mcu.externaltools.gnu-tools-for-stm32.12.3.rel1.win32_1.0.200.202406191623/tools/bin/../lib/gcc/arm-none-eabi/12.3.1/../../../../arm-none-eabi/lib/thumb/v7e-m+dp/hard\libc_nano.a(libc_a-memset.o)
                              C:/ST/STM32CubeIDE_1.16.1/STM32CubeIDE/plugins/com.st.stm32cube.ide.mcu.externaltools.gnu-tools-for-stm32.12.3.rel1.win32_1.0.200.202406191623/tools/bin/../lib/gcc/arm-none-eabi/12.3.1/../../../../arm-none-eabi/lib/thumb/v7e-m+dp/hard/crt0.o (memset)
C:/ST/STM32CubeIDE_1.16.1/STM32CubeIDE/plugins/com.st.stm32cube.ide.mcu.externaltools.gnu-tools-for-stm32.12.3.rel1.win32_1.0.200.202406191623/tools/bin/../lib/gcc/arm-none-eabi/12.3.1/../../../../arm-none-eabi/lib/thumb/v7e-m+dp/hard\libc_nano.a(libc_a-closer.o)
                              C:/ST/STM32CubeIDE_1.16.1/STM32CubeIDE/plugins/com.st.stm32cube.ide.mcu.externaltools.gnu-tools-for-stm32.12.3.rel1.win32_1.0.200.202406191623/tools/bin/../lib/gcc/arm-none-eabi/12.3.1/../../../../arm-none-eabi/lib/thumb/v7e-m+dp/hard\libc_nano.a(libc_a-stdio.o) (_close_r)
C:/ST/STM32CubeIDE_1.16.1/STM32CubeIDE/plugins/com.st.stm32cube.ide.mcu.externaltools.gnu-tools-for-stm32.12.3.rel1.win32_1.0.200.202406191623/tools/bin/../lib/gcc/arm-none-eabi/12.3.1/../../../../arm-none-eabi/lib/thumb/v7e-m+dp/hard\libc_nano.a(libc_a-reent.o)
                              C:/ST/STM32CubeIDE_1.16.1/STM32CubeIDE/plugins/com.st.stm32cube.ide.mcu.externaltools.gnu-tools-for-stm32.12.3.rel1.win32_1.0.200.202406191623/tools/bin/../lib/gcc/arm-none-eabi/12.3.1/../../../../arm-none-eabi/lib/thumb/v7e-m+dp/hard\libc_nano.a(libc_a-closer.o) (errno)
C:/ST/STM32CubeIDE_1.16.1/STM32CubeIDE/plugins/com.st.stm32cube.ide.mcu.externaltools.gnu-tools-for-stm32.12.3.rel1.win32_1.0.200.202406191623/tools/bin/../lib/gcc/arm-none-eabi/12.3.1/../../../../arm-none-eabi/lib/thumb/v7e-m+dp/hard\libc_nano.a(libc_a-impure.o)
                              C:/ST/STM32CubeIDE_1.16.1/STM32CubeIDE/plugins/com.st.stm32cube.ide.mcu.externaltools.gnu-tools-for-stm32.12.3.rel1.win32_1.0.200.202406191623/tools/bin/../lib/gcc/arm-none-eabi/12.3.1/../../../../arm-none-eabi/lib/thumb/v7e-m+dp/hard\libc_nano.a(libc_a-reent.o) (_impure_ptr)
C:/ST/STM32CubeIDE_1.16.1/STM32CubeIDE/plugins/com.st.stm32cube.ide.mcu.externaltools.gnu-tools-for-stm32.12.3.rel1.win32_1.0.200.202406191623/tools/bin/../lib/gcc/arm-none-eabi/12.3.1/../../../../arm-none-eabi/lib/thumb/v7e-m+dp/hard\libc_nano.a(libc_a-lseekr.o)
[...]
Memory Configuration

Name             Origin             Length             Attributes
FLASH            0x08000000         0x00200000         xr
DTCMRAM          0x20000000         0x00020000         xrw
RAM_D1           0x24000000         0x00080000         xrw
RAM_D2           0x30000000         0x00048000         xrw
RAM_D3           0x38000000         0x00010000         xrw
ITCMRAM          0x00000000         0x00010000         xrw
*default*        0x00000000         0xffffffff

Linker script and memory map

LOAD C:/ST/STM32CubeIDE_1.16.1/STM32CubeIDE/plugins/com.st.stm32cube.ide.mcu.externaltools.gnu-tools-for-stm32.12.3.rel1.win32_1.0.200.202406191623/tools/bin/../lib/gcc/arm-none-eabi/12.3.1/thumb/v7e-m+dp/hard/crti.o
LOAD C:/ST/STM32CubeIDE_1.16.1/STM32CubeIDE/plugins/com.st.stm32cube.ide.mcu.externaltools.gnu-tools-for-stm32.12.3.rel1.win32_1.0.200.202406191623/tools/bin/../lib/gcc/arm-none-eabi/12.3.1/thumb/v7e-m+dp/hard/crtbegin.o
LOAD C:/ST/STM32CubeIDE_1.16.1/STM32CubeIDE/plugins/com.st.stm32cube.ide.mcu.externaltools.gnu-tools-for-stm32.12.3.rel1.win32_1.0.200.202406191623/tools/bin/../lib/gcc/arm-none-eabi/12.3.1/../../../../arm-none-eabi/lib/thumb/v7e-m+dp/hard/crt0.o
LOAD ./Core/Src/ESPE_my_DMA.o
LOAD ./Core/Src/adc.o
LOAD ./Core/Src/dma.o
LOAD ./Core/Src/gpio.o
LOAD ./Core/Src/main.o
LOAD ./Core/Src/memorymap.o
LOAD ./Core/Src/stm32h7xx_hal_msp.o
LOAD ./Core/Src/stm32h7xx_it.o
LOAD ./Core/Src/syscalls.o
LOAD ./Core/Src/sysmem.o
LOAD ./Core/Src/system_stm32h7xx.o
LOAD ./Core/Src/tim.o
LOAD ./Core/Src/usart.o
LOAD ./Core/Src/usb_otg.o
LOAD ./Core/Startup/startup_stm32h743zitx.o
LOAD ./Drivers/STM32H7xx_HAL_Driver/Src/stm32h7xx_hal.o
LOAD ./Drivers/STM32H7xx_HAL_Driver/Src/stm32h7xx_hal_adc.o
LOAD ./Drivers/STM32H7xx_HAL_Driver/Src/stm32h7xx_hal_adc_ex.o
LOAD ./Drivers/STM32H7xx_HAL_Driver/Src/stm32h7xx_hal_cortex.o
LOAD ./Drivers/STM32H7xx_HAL_Driver/Src/stm32h7xx_hal_dma.o
LOAD ./Drivers/STM32H7xx_HAL_Driver/Src/stm32h7xx_hal_dma_ex.o
LOAD ./Drivers/STM32H7xx_HAL_Driver/Src/stm32h7xx_hal_exti.o
LOAD ./Drivers/STM32H7xx_HAL_Driver/Src/stm32h7xx_hal_flash.o
LOAD ./Drivers/STM32H7xx_HAL_Driver/Src/stm32h7xx_hal_flash_ex.o
LOAD ./Drivers/STM32H7xx_HAL_Driver/Src/stm32h7xx_hal_gpio.o
LOAD ./Drivers/STM32H7xx_HAL_Driver/Src/stm32h7xx_hal_hsem.o
LOAD ./Drivers/STM32H7xx_HAL_Driver/Src/stm32h7xx_hal_i2c.o
LOAD ./Drivers/STM32H7xx_HAL_Driver/Src/stm32h7xx_hal_i2c_ex.o
LOAD ./Drivers/STM32H7xx_HAL_Driver/Src/stm32h7xx_hal_mdma.o
LOAD ./Drivers/STM32H7xx_HAL_Driver/Src/stm32h7xx_hal_pcd.o
LOAD ./Drivers/STM32H7xx_HAL_Driver/Src/stm32h7xx_hal_pcd_ex.o
LOAD ./Drivers/STM32H7xx_HAL_Driver/Src/stm32h7xx_hal_pwr.o
LOAD ./Drivers/STM32H7xx_HAL_Driver/Src/stm32h7xx_hal_pwr_ex.o
LOAD ./Drivers/STM32H7xx_HAL_Driver/Src/stm32h7xx_hal_rcc.o
LOAD ./Drivers/STM32H7xx_HAL_Driver/Src/stm32h7xx_hal_rcc_ex.o
LOAD ./Drivers/STM32H7xx_HAL_Driver/Src/stm32h7xx_hal_tim.o
LOAD ./Drivers/STM32H7xx_HAL_Driver/Src/stm32h7xx_hal_tim_ex.o
LOAD ./Drivers/STM32H7xx_HAL_Driver/Src/stm32h7xx_hal_uart.o
LOAD ./Drivers/STM32H7xx_HAL_Driver/Src/stm32h7xx_hal_uart_ex.o
LOAD ./Drivers/STM32H7xx_HAL_Driver/Src/stm32h7xx_ll_usb.o
START GROUP
LOAD C:/ST/STM32CubeIDE_1.16.1/STM32CubeIDE/plugins/com.st.stm32cube.ide.mcu.externaltools.gnu-tools-for-stm32.12.3.rel1.win32_1.0.200.202406191623/tools/bin/../lib/gcc/arm-none-eabi/12.3.1/../../../../arm-none-eabi/lib/thumb/v7e-m+dp/hard\libc_nano.a
LOAD C:/ST/STM32CubeIDE_1.16.1/STM32CubeIDE/plugins/com.st.stm32cube.ide.mcu.externaltools.gnu-tools-for-stm32.12.3.rel1.win32_1.0.200.202406191623/tools/bin/../lib/gcc/arm-none-eabi/12.3.1/../../../../arm-none-eabi/lib/thumb/v7e-m+dp/hard\libm.a
END GROUP
START GROUP
LOAD C:/ST/STM32CubeIDE_1.16.1/STM32CubeIDE/plugins/com.st.stm32cube.ide.mcu.externaltools.gnu-tools-for-stm32.12.3.rel1.win32_1.0.200.202406191623/tools/bin/../lib/gcc/arm-none-eabi/12.3.1/thumb/v7e-m+dp/hard\libgcc.a
LOAD C:/ST/STM32CubeIDE_1.16.1/STM32CubeIDE/plugins/com.st.stm32cube.ide.mcu.externaltools.gnu-tools-for-stm32.12.3.rel1.win32_1.0.200.202406191623/tools/bin/../lib/gcc/arm-none-eabi/12.3.1/../../../../arm-none-eabi/lib/thumb/v7e-m+dp/hard\libc_nano.a
END GROUP
START GROUP
LOAD C:/ST/STM32CubeIDE_1.16.1/STM32CubeIDE/plugins/com.st.stm32cube.ide.mcu.externaltools.gnu-tools-for-stm32.12.3.rel1.win32_1.0.200.202406191623/tools/bin/../lib/gcc/arm-none-eabi/12.3.1/thumb/v7e-m+dp/hard\libgcc.a
LOAD C:/ST/STM32CubeIDE_1.16.1/STM32CubeIDE/plugins/com.st.stm32cube.ide.mcu.externaltools.gnu-tools-for-stm32.12.3.rel1.win32_1.0.200.202406191623/tools/bin/../lib/gcc/arm-none-eabi/12.3.1/../../../../arm-none-eabi/lib/thumb/v7e-m+dp/hard\libc_nano.a
LOAD C:/ST/STM32CubeIDE_1.16.1/STM32CubeIDE/plugins/com.st.stm32cube.ide.mcu.externaltools.gnu-tools-for-stm32.12.3.rel1.win32_1.0.200.202406191623/tools/bin/../lib/gcc/arm-none-eabi/12.3.1/../../../../arm-none-eabi/lib/thumb/v7e-m+dp/hard\libnosys.a
END GROUP
START GROUP
LOAD C:/ST/STM32CubeIDE_1.16.1/STM32CubeIDE/plugins/com.st.stm32cube.ide.mcu.externaltools.gnu-tools-for-stm32.12.3.rel1.win32_1.0.200.202406191623/tools/bin/../lib/gcc/arm-none-eabi/12.3.1/thumb/v7e-m+dp/hard\libgcc.a
LOAD C:/ST/STM32CubeIDE_1.16.1/STM32CubeIDE/plugins/com.st.stm32cube.ide.mcu.externaltools.gnu-tools-for-stm32.12.3.rel1.win32_1.0.200.202406191623/tools/bin/../lib/gcc/arm-none-eabi/12.3.1/../../../../arm-none-eabi/lib/thumb/v7e-m+dp/hard\libc_nano.a
LOAD C:/ST/STM32CubeIDE_1.16.1/STM32CubeIDE/plugins/com.st.stm32cube.ide.mcu.externaltools.gnu-tools-for-stm32.12.3.rel1.win32_1.0.200.202406191623/tools/bin/../lib/gcc/arm-none-eabi/12.3.1/../../../../arm-none-eabi/lib/thumb/v7e-m+dp/hard\libnosys.a
END GROUP
LOAD C:/ST/STM32CubeIDE_1.16.1/STM32CubeIDE/plugins/com.st.stm32cube.ide.mcu.externaltools.gnu-tools-for-stm32.12.3.rel1.win32_1.0.200.202406191623/tools/bin/../lib/gcc/arm-none-eabi/12.3.1/thumb/v7e-m+dp/hard/crtend.o
LOAD C:/ST/STM32CubeIDE_1.16.1/STM32CubeIDE/plugins/com.st.stm32cube.ide.mcu.externaltools.gnu-tools-for-stm32.12.3.rel1.win32_1.0.200.202406191623/tools/bin/../lib/gcc/arm-none-eabi/12.3.1/thumb/v7e-m+dp/hard/crtn.o
                0x24080000                        _estack = (ORIGIN (RAM_D1) + LENGTH (RAM_D1))
                0x00000200                        _Min_Heap_Size = 0x200
                0x00000400                        _Min_Stack_Size = 0x400

.isr_vector     0x08000000      0x298
                0x08000000                        . = ALIGN (0x4)
 *(.isr_vector)
 .isr_vector    0x08000000      0x298 ./Core/Startup/startup_stm32h743zitx.o
                0x08000000                g_pfnVectors
                0x08000298                        . = ALIGN (0x4)

.text           0x08000298     0xa280
                0x08000298                        . = ALIGN (0x4)
 *(.text)
 .text          0x08000298       0x40 C:/ST/STM32CubeIDE_1.16.1/STM32CubeIDE/plugins/com.st.stm32cube.ide.mcu.externaltools.gnu-tools-for-stm32.12.3.rel1.win32_1.0.200.202406191623/tools/bin/../lib/gcc/arm-none-eabi/12.3.1/thumb/v7e-m+dp/hard/crtbegin.o
 .text          0x080002d8       0x30 C:/ST/STM32CubeIDE_1.16.1/STM32CubeIDE/plugins/com.st.stm32cube.ide.mcu.externaltools.gnu-tools-for-stm32.12.3.rel1.win32_1.0.200.202406191623/tools/bin/../lib/gcc/arm-none-eabi/12.3.1/thumb/v7e-m+dp/hard\libgcc.a(_aeabi_uldivmod.o)
                0x080002d8                __aeabi_uldivmod
 .text          0x08000308      0x2bc C:/ST/STM32CubeIDE_1.16.1/STM32CubeIDE/plugins/com.st.stm32cube.ide.mcu.externaltools.gnu-tools-for-stm32.12.3.rel1.win32_1.0.200.202406191623/tools/bin/../lib/gcc/arm-none-eabi/12.3.1/thumb/v7e-m+dp/hard\libgcc.a(_udivmoddi4.o)
                0x08000308                __udivmoddi4
 .text          0x080005c4        0x4 C:/ST/STM32CubeIDE_1.16.1/STM32CubeIDE/plugins/com.st.stm32cube.ide.mcu.externaltools.gnu-tools-for-stm32.12.3.rel1.win32_1.0.200.202406191623/tools/bin/../lib/gcc/arm-none-eabi/12.3.1/thumb/v7e-m+dp/hard\libgcc.a(_dvmd_tls.o)
                0x080005c4                __aeabi_idiv0
                0x080005c4                __aeabi_ldiv0
 *(.text*)
 .text.DMA_setup_ADC1
                0x080005c8       0x30 ./Core/Src/ESPE_my_DMA.o
                0x080005c8                DMA_setup_ADC1
 .text.DMA_setup_ADC3
                0x080005f8       0x30 ./Core/Src/ESPE_my_DMA.o
                0x080005f8                DMA_setup_ADC3
 .text.DMA_reset
                0x08000628       0x38 ./Core/Src/ESPE_my_DMA.o
                0x08000628                DMA_reset
 .text.DMA_setup_USART_ADC3
                0x08000660       0x4c ./Core/Src/ESPE_my_DMA.o
                0x08000660                DMA_setup_USART_ADC3
 .text.ESPE_USART_init
                0x080006ac       0x38 ./Core/Src/ESPE_my_DMA.o
                0x080006ac                ESPE_USART_init
 .text.ESPE_ADC1_init
                0x080006e4       0xc4 ./Core/Src/ESPE_my_DMA.o
                0x080006e4                ESPE_ADC1_init
 .text.ESPE_ADC3_init
                0x080007a8       0xc4 ./Core/Src/ESPE_my_DMA.o
                0x080007a8                ESPE_ADC3_init
 .text.ESPE_TIM6_init
                0x0800086c       0x24 ./Core/Src/ESPE_my_DMA.o
                0x0800086c                ESPE_TIM6_init
 .text.ESPE_COMP_init
                0x08000890       0x44 ./Core/Src/ESPE_my_DMA.o
                0x08000890                ESPE_COMP_init
 .text.ESPE_USART_invert_mode
                0x080008d4       0x5c ./Core/Src/ESPE_my_DMA.o
                0x080008d4                ESPE_USART_invert_mode
 .text.ESPE_USART_char_start
                0x08000930       0x54 ./Core/Src/ESPE_my_DMA.o
                0x08000930                ESPE_USART_char_start
 .text.ESPE_DMA_switch_mode
                0x08000984       0x78 ./Core/Src/ESPE_my_DMA.o
                0x08000984                ESPE_DMA_switch_mode
 .text.ESPE_DMA_switch_back
                0x080009fc       0x74 ./Core/Src/ESPE_my_DMA.o
                0x080009fc                ESPE_DMA_switch_back
 .text.ESPE_DMA_data_manipulation
                0x08000a70       0x40 ./Core/Src/ESPE_my_DMA.o
                0x08000a70                ESPE_DMA_data_manipulation
 .text.ESPE_DMA_end_transmission
                0x08000ab0       0x6c ./Core/Src/ESPE_my_DMA.o
                0x08000ab0                ESPE_DMA_end_transmission
 .text.ESPE_DMA_Dual_ADC
                0x08000b1c       0xb4 ./Core/Src/ESPE_my_DMA.o
                0x08000b1c                ESPE_DMA_Dual_ADC
 .text.MX_ADC1_Init
                0x08000bd0      0x10c ./Core/Src/adc.o
                0x08000bd0                MX_ADC1_Init
 .text.MX_ADC3_Init
                0x08000cdc       0xe4 ./Core/Src/adc.o
                0x08000cdc                MX_ADC3_Init
 .text.HAL_ADC_MspInit
                0x08000dc0      0x1c4 ./Core/Src/adc.o
                0x08000dc0                HAL_ADC_MspInit
 .text.MX_DMA_Init
                0x08000f84       0x80 ./Core/Src/dma.o
                0x08000f84                MX_DMA_Init
 .text.MX_GPIO_Init
                0x08001004      0x240 ./Core/Src/gpio.o
                0x08001004                MX_GPIO_Init
 .text.main     0x08001244       0xb0 ./Core/Src/main.o
                0x08001244                main
 .text.SystemClock_Config
                0x080012f4      0x15c ./Core/Src/main.o
                0x080012f4                SystemClock_Config
 .text.PeriphCommonClock_Config
                0x08001450       0x5e ./Core/Src/main.o
                0x08001450                PeriphCommonClock_Config
 .text.Error_Handler
                0x080014ae        0xc ./Core/Src/main.o
                0x080014ae                Error_Handler
 *fill*         0x080014ba        0x2 
 .text.HAL_MspInit
                0x080014bc       0x34 ./Core/Src/stm32h7xx_hal_msp.o
                0x080014bc                HAL_MspInit
 .text.NMI_Handler
                0x080014f0        0x8 ./Core/Src/stm32h7xx_it.o
                0x080014f0                NMI_Handler
 .text.HardFault_Handler
                0x080014f8        0x8 ./Core/Src/stm32h7xx_it.o
                0x080014f8                HardFault_Handler
 .text.MemManage_Handler
                0x08001500        0x8 ./Core/Src/stm32h7xx_it.o
                0x08001500                MemManage_Handler
 .text.BusFault_Handler
                0x08001508        0x8 ./Core/Src/stm32h7xx_it.o
                0x08001508                BusFault_Handler
 .text.UsageFault_Handler
                0x08001510        0x8 ./Core/Src/stm32h7xx_it.o
                0x08001510                UsageFault_Handler
 .text.SVC_Handler
                0x08001518        0xe ./Core/Src/stm32h7xx_it.o
                0x08001518                SVC_Handler
 .text.DebugMon_Handler
                0x08001526        0xe ./Core/Src/stm32h7xx_it.o
                0x08001526                DebugMon_Handler
 .text.PendSV_Handler
                0x08001534        0xe ./Core/Src/stm32h7xx_it.o
                0x08001534                PendSV_Handler
 .text.SysTick_Handler
                0x08001542        0xc ./Core/Src/stm32h7xx_it.o
                0x08001542                SysTick_Handler
 .text.DMA1_Stream0_IRQHandler
                0x0800154e        0xe ./Core/Src/stm32h7xx_it.o
                0x0800154e                DMA1_Stream0_IRQHandler
 .text.DMA1_Stream1_IRQHandler
                0x0800155c        0xe ./Core/Src/stm32h7xx_it.o
                0x0800155c                DMA1_Stream1_IRQHandler
 .text.USART3_IRQHandler
                0x0800156a       0x10 ./Core/Src/stm32h7xx_it.o
                0x0800156a                USART3_IRQHandler
 *fill*         0x0800157a        0x2 
 .text.DMA2_Stream0_IRQHandler
                0x0800157c       0x18 ./Core/Src/stm32h7xx_it.o
                0x0800157c                DMA2_Stream0_IRQHandler
 .text.ADC3_IRQHandler
                0x08001594       0x10 ./Core/Src/stm32h7xx_it.o
                0x08001594                ADC3_IRQHandler
 .text.SystemInit
                0x080015a4      0x110 ./Core/Src/system_stm32h7xx.o
                0x080015a4                SystemInit
 .text.MX_TIM6_Init
                0x080016b4       0x6c ./Core/Src/tim.o
                0x080016b4                MX_TIM6_Init
 .text.HAL_TIM_Base_MspInit
                0x08001720       0x44 ./Core/Src/tim.o
                0x08001720                HAL_TIM_Base_MspInit
 .text.MX_USART3_UART_Init
                0x08001764       0x98 ./Core/Src/usart.o
                0x08001764                MX_USART3_UART_Init
 .text.HAL_UART_MspInit
                0x080017fc      0x144 ./Core/Src/usart.o
                0x080017fc                HAL_UART_MspInit
 .text.MX_USB_OTG_FS_PCD_Init
                0x08001940       0x64 ./Core/Src/usb_otg.o
                0x08001940                MX_USB_OTG_FS_PCD_Init
 .text.HAL_PCD_MspInit
                0x080019a4       0xf8 ./Core/Src/usb_otg.o
                0x080019a4                HAL_PCD_MspInit
 .text.Reset_Handler
                0x08001a9c       0x50 ./Core/Startup/startup_stm32h743zitx.o
                0x08001a9c                Reset_Handler
 .text.Default_Handler
                0x08001aec        0x2 ./Core/Startup/startup_stm32h743zitx.o
                0x08001aec                RTC_Alarm_IRQHandler
                0x08001aec                EXTI2_IRQHandler
                0x08001aec                TIM8_CC_IRQHandler
                0x08001aec                HRTIM1_Master_IRQHandler
                0x08001aec                UART8_IRQHandler
                0x08001aec                SPI4_IRQHandler
                0x08001aec                TIM1_CC_IRQHandler
                0x08001aec                BDMA_Channel6_IRQHandler
                0x08001aec                DMA2_Stream5_IRQHandler
                0x08001aec                HRTIM1_FLT_IRQHandler
                0x08001aec                JPEG_IRQHandler
                0x08001aec                DMA1_Stream5_IRQHandler
                0x08001aec                BDMA_Channel1_IRQHandler
                0x08001aec                HRTIM1_TIMD_IRQHandler
                0x08001aec                TAMP_STAMP_IRQHandler
                0x08001aec                EXTI3_IRQHandler
                0x08001aec                LPTIM4_IRQHandler
                0x08001aec                TIM8_TRG_COM_TIM14_IRQHandler
                0x08001aec                LPTIM2_IRQHandler
                0x08001aec                DFSDM1_FLT1_IRQHandler
                0x08001aec                DMAMUX2_OVR_IRQHandler
                0x08001aec                TIM8_UP_TIM13_IRQHandler
                0x08001aec                I2C3_ER_IRQHandler
                0x08001aec                DFSDM1_FLT2_IRQHandler
                0x08001aec                MDMA_IRQHandler
                0x08001aec                LPTIM3_IRQHandler
                0x08001aec                HSEM1_IRQHandler
                0x08001aec                EXTI0_IRQHandler
                0x08001aec                I2C2_EV_IRQHandler
                0x08001aec                DMA1_Stream2_IRQHandler
                0x08001aec                FPU_IRQHandler
                0x08001aec                OTG_HS_WKUP_IRQHandler
                0x08001aec                FDCAN1_IT1_IRQHandler
                0x08001aec                LTDC_ER_IRQHandler
                0x08001aec                DMA2_Stream2_IRQHandler
                0x08001aec                HRTIM1_TIME_IRQHandler
                0x08001aec                SPI1_IRQHandler
                0x08001aec                TIM6_DAC_IRQHandler
                0x08001aec                DCMI_IRQHandler
                0x08001aec                HRTIM1_TIMC_IRQHandler
                0x08001aec                DMA2_Stream3_IRQHandler
                0x08001aec                SAI2_IRQHandler
                0x08001aec                DFSDM1_FLT3_IRQHandler
                0x08001aec                USART6_IRQHandler
                0x08001aec                TIM17_IRQHandler
                0x08001aec                BDMA_Channel7_IRQHandler
                0x08001aec                LPTIM5_IRQHandler
                0x08001aec                UART5_IRQHandler
                0x08001aec                TIM4_IRQHandler
                0x08001aec                BDMA_Channel2_IRQHandler
                0x08001aec                QUADSPI_IRQHandler
                0x08001aec                I2C1_EV_IRQHandler
                0x08001aec                DMA1_Stream6_IRQHandler
                0x08001aec                DMAMUX1_OVR_IRQHandler
                0x08001aec                TIM16_IRQHandler
                0x08001aec                UART4_IRQHandler
                0x08001aec                BDMA_Channel5_IRQHandler
                0x08001aec                TIM3_IRQHandler
                0x08001aec                RCC_IRQHandler
                0x08001aec                TIM8_BRK_TIM12_IRQHandler
                0x08001aec                TIM1_TRG_COM_IRQHandler
                0x08001aec                Default_Handler
                0x08001aec                ECC_IRQHandler
                0x08001aec                CEC_IRQHandler
                0x08001aec                EXTI15_10_IRQHandler
                0x08001aec                BDMA_Channel0_IRQHandler
                0x08001aec                ADC_IRQHandler
                0x08001aec                DMA1_Stream7_IRQHandler
                0x08001aec                HRTIM1_TIMA_IRQHandler
                0x08001aec                SPI5_IRQHandler
                0x08001aec                TIM7_IRQHandler
                0x08001aec                SDMMC1_IRQHandler
                0x08001aec                TIM5_IRQHandler
                0x08001aec                DMA2_Stream7_IRQHandler
                0x08001aec                TIM15_IRQHandler
                0x08001aec                PVD_AVD_IRQHandler
                0x08001aec                I2C3_EV_IRQHandler
                0x08001aec                EXTI9_5_IRQHandler
                0x08001aec                RTC_WKUP_IRQHandler
                0x08001aec                LTDC_IRQHandler
                0x08001aec                SAI3_IRQHandler
                0x08001aec                ETH_WKUP_IRQHandler
                0x08001aec                SPDIF_RX_IRQHandler
                0x08001aec                SPI2_IRQHandler
                0x08001aec                OTG_HS_EP1_IN_IRQHandler
                0x08001aec                CRS_IRQHandler
                0x08001aec                EXTI4_IRQHandler
                0x08001aec                RNG_IRQHandler
                0x08001aec                HRTIM1_TIMB_IRQHandler
                0x08001aec                FDCAN2_IT1_IRQHandler
                0x08001aec                ETH_IRQHandler
                0x08001aec                TIM1_UP_IRQHandler
                0x08001aec                BDMA_Channel4_IRQHandler
                0x08001aec                OTG_HS_EP1_OUT_IRQHandler
                0x08001aec                WWDG_IRQHandler
                0x08001aec                SPI6_IRQHandler
                0x08001aec                MDIOS_IRQHandler
                0x08001aec                I2C4_EV_IRQHandler
                0x08001aec                FDCAN2_IT0_IRQHandler
                0x08001aec                LPUART1_IRQHandler
                0x08001aec                FDCAN1_IT0_IRQHandler
                0x08001aec                TIM2_IRQHandler
                0x08001aec                OTG_FS_WKUP_IRQHandler
                0x08001aec                OTG_HS_IRQHandler
                0x08001aec                DMA2D_IRQHandler
                0x08001aec                TIM1_BRK_IRQHandler
                0x08001aec                EXTI1_IRQHandler
                0x08001aec                SDMMC2_IRQHandler
                0x08001aec                OTG_FS_EP1_OUT_IRQHandler
                0x08001aec                BDMA_Channel3_IRQHandler
                0x08001aec                UART7_IRQHandler
                0x08001aec                MDIOS_WKUP_IRQHandler
                0x08001aec                USART2_IRQHandler
                0x08001aec                DFSDM1_FLT0_IRQHandler
                0x08001aec                SAI4_IRQHandler
                0x08001aec                I2C2_ER_IRQHandler
                0x08001aec                DMA2_Stream1_IRQHandler
                0x08001aec                FLASH_IRQHandler
                0x08001aec                DMA2_Stream4_IRQHandler
                0x08001aec                USART1_IRQHandler
                0x08001aec                OTG_FS_IRQHandler
                0x08001aec                SPI3_IRQHandler
                0x08001aec                WAKEUP_PIN_IRQHandler
                0x08001aec                DMA1_Stream4_IRQHandler
                0x08001aec                OTG_FS_EP1_IN_IRQHandler
                0x08001aec                I2C1_ER_IRQHandler
                0x08001aec                FMC_IRQHandler
                0x08001aec                FDCAN_CAL_IRQHandler
                0x08001aec                SWPMI1_IRQHandler
                0x08001aec                COMP1_IRQHandler
                0x08001aec                LPTIM1_IRQHandler
                0x08001aec                I2C4_ER_IRQHandler
                0x08001aec                DMA2_Stream6_IRQHandler
                0x08001aec                SAI1_IRQHandler
                0x08001aec                DMA1_Stream3_IRQHandler
 *fill*         0x08001aee        0x2 
 .text.HAL_Init
                0x08001af0       0x78 ./Drivers/STM32H7xx_HAL_Driver/Src/stm32h7xx_hal.o
                0x08001af0                HAL_Init
 .text.HAL_InitTick
                0x08001b68       0x6c ./Drivers/STM32H7xx_HAL_Driver/Src/stm32h7xx_hal.o
                0x08001b68                HAL_InitTick
 .text.HAL_IncTick
                0x08001bd4       0x28 ./Drivers/STM32H7xx_HAL_Driver/Src/stm32h7xx_hal.o
                0x08001bd4                HAL_IncTick
 .text.HAL_GetTick
                0x08001bfc       0x18 ./Drivers/STM32H7xx_HAL_Driver/Src/stm32h7xx_hal.o
                0x08001bfc                HAL_GetTick
 .text.HAL_Delay
                0x08001c14       0x48 ./Drivers/STM32H7xx_HAL_Driver/Src/stm32h7xx_hal.o
                0x08001c14                HAL_Delay
 .text.HAL_GetREVID
                0x08001c5c       0x18 ./Drivers/STM32H7xx_HAL_Driver/Src/stm32h7xx_hal.o
                0x08001c5c                HAL_GetREVID
 .text.HAL_SYSCFG_AnalogSwitchConfig
                0x08001c74       0x2c ./Drivers/STM32H7xx_HAL_Driver/Src/stm32h7xx_hal.o
                0x08001c74                HAL_SYSCFG_AnalogSwitchConfig
 .text.LL_ADC_SetCommonClock
                0x08001ca0       0x26 ./Drivers/STM32H7xx_HAL_Driver/Src/stm32h7xx_hal_adc.o
 .text.LL_ADC_SetCommonPathInternalCh
                0x08001cc6       0x26 ./Drivers/STM32H7xx_HAL_Driver/Src/stm32h7xx_hal_adc.o
 .text.LL_ADC_GetCommonPathInternalCh
                0x08001cec       0x1c ./Drivers/STM32H7xx_HAL_Driver/Src/stm32h7xx_hal_adc.o
 .text.LL_ADC_SetOffset
                0x08001d08       0x40 ./Drivers/STM32H7xx_HAL_Driver/Src/stm32h7xx_hal_adc.o
 .text.LL_ADC_SetDataRightShift
                0x08001d48       0x32 ./Drivers/STM32H7xx_HAL_Driver/Src/stm32h7xx_hal_adc.o
 .text.LL_ADC_SetOffsetSignedSaturation
                0x08001d7a       0x36 ./Drivers/STM32H7xx_HAL_Driver/Src/stm32h7xx_hal_adc.o
 .text.LL_ADC_REG_SetSequencerRanks
                0x08001db0       0x58 ./Drivers/STM32H7xx_HAL_Driver/Src/stm32h7xx_hal_adc.o
 .text.LL_ADC_SetChannelSamplingTime
                0x08001e08       0x56 ./Drivers/STM32H7xx_HAL_Driver/Src/stm32h7xx_hal_adc.o
 *fill*         0x08001e5e        0x2 
 .text.LL_ADC_SetChannelSingleDiff
                0x08001e60       0x48 ./Drivers/STM32H7xx_HAL_Driver/Src/stm32h7xx_hal_adc.o
 .text.LL_ADC_DisableDeepPowerDown
                0x08001ea8       0x24 ./Drivers/STM32H7xx_HAL_Driver/Src/stm32h7xx_hal_adc.o
 .text.LL_ADC_IsDeepPowerDownEnabled
                0x08001ecc       0x28 ./Drivers/STM32H7xx_HAL_Driver/Src/stm32h7xx_hal_adc.o
 .text.LL_ADC_EnableInternalRegulator
                0x08001ef4       0x28 ./Drivers/STM32H7xx_HAL_Driver/Src/stm32h7xx_hal_adc.o
 .text.LL_ADC_IsInternalRegulatorEnabled
                0x08001f1c       0x28 ./Drivers/STM32H7xx_HAL_Driver/Src/stm32h7xx_hal_adc.o
 .text.LL_ADC_IsEnabled
                0x08001f44       0x26 ./Drivers/STM32H7xx_HAL_Driver/Src/stm32h7xx_hal_adc.o
 .text.LL_ADC_REG_IsConversionOngoing
                0x08001f6a       0x26 ./Drivers/STM32H7xx_HAL_Driver/Src/stm32h7xx_hal_adc.o
 .text.LL_ADC_INJ_IsConversionOngoing
                0x08001f90       0x26 ./Drivers/STM32H7xx_HAL_Driver/Src/stm32h7xx_hal_adc.o
 *fill*         0x08001fb6        0x2 
 .text.HAL_ADC_Init
                0x08001fb8      0x344 ./Drivers/STM32H7xx_HAL_Driver/Src/stm32h7xx_hal_adc.o
                0x08001fb8                HAL_ADC_Init
 .text.HAL_ADC_ConfigChannel
                0x080022fc      0x6b8 ./Drivers/STM32H7xx_HAL_Driver/Src/stm32h7xx_hal_adc.o
                0x080022fc                HAL_ADC_ConfigChannel
 .text.ADC_ConfigureBoostMode
                0x080029b4      0x218 ./Drivers/STM32H7xx_HAL_Driver/Src/stm32h7xx_hal_adc.o
                0x080029b4                ADC_ConfigureBoostMode
 .text.LL_ADC_IsEnabled
                0x08002bcc       0x26 ./Drivers/STM32H7xx_HAL_Driver/Src/stm32h7xx_hal_adc_ex.o
 .text.LL_ADC_REG_IsConversionOngoing
                0x08002bf2       0x26 ./Drivers/STM32H7xx_HAL_Driver/Src/stm32h7xx_hal_adc_ex.o
 .text.HAL_ADCEx_MultiModeConfigChannel
                0x08002c18      0x1bc ./Drivers/STM32H7xx_HAL_Driver/Src/stm32h7xx_hal_adc_ex.o
                0x08002c18                HAL_ADCEx_MultiModeConfigChannel
 .text.__NVIC_SetPriorityGrouping
                0x08002dd4       0x48 ./Drivers/STM32H7xx_HAL_Driver/Src/stm32h7xx_hal_cortex.o
 .text.__NVIC_GetPriorityGrouping
                0x08002e1c       0x1c ./Drivers/STM32H7xx_HAL_Driver/Src/stm32h7xx_hal_cortex.o
 .text.__NVIC_EnableIRQ
                0x08002e38       0x3c ./Drivers/STM32H7xx_HAL_Driver/Src/stm32h7xx_hal_cortex.o
 .text.__NVIC_SetPriority
                0x08002e74       0x54 ./Drivers/STM32H7xx_HAL_Driver/Src/stm32h7xx_hal_cortex.o
 .text.NVIC_EncodePriority
                0x08002ec8       0x66 ./Drivers/STM32H7xx_HAL_Driver/Src/stm32h7xx_hal_cortex.o
 *fill*         0x08002f2e        0x2 
 .text.SysTick_Config
                0x08002f30       0x44 ./Drivers/STM32H7xx_HAL_Driver/Src/stm32h7xx_hal_cortex.o
 .text.HAL_NVIC_SetPriorityGrouping
                0x08002f74       0x16 ./Drivers/STM32H7xx_HAL_Driver/Src/stm32h7xx_hal_cortex.o
                0x08002f74                HAL_NVIC_SetPriorityGrouping
 .text.HAL_NVIC_SetPriority
                0x08002f8a       0x34 ./Drivers/STM32H7xx_HAL_Driver/Src/stm32h7xx_hal_cortex.o
                0x08002f8a                HAL_NVIC_SetPriority
 .text.HAL_NVIC_EnableIRQ
                0x08002fbe       0x1c ./Drivers/STM32H7xx_HAL_Driver/Src/stm32h7xx_hal_cortex.o
                0x08002fbe                HAL_NVIC_EnableIRQ
 .text.HAL_SYSTICK_Config
                0x08002fda       0x18 ./Drivers/STM32H7xx_HAL_Driver/Src/stm32h7xx_hal_cortex.o
                0x08002fda                HAL_SYSTICK_Config
 *fill*         0x08002ff2        0x2 
 .text.HAL_DMA_Init
                0x08002ff4      0x6b8 ./Drivers/STM32H7xx_HAL_Driver/Src/stm32h7xx_hal_dma.o
                0x08002ff4                HAL_DMA_Init
 .text.HAL_DMA_IRQHandler
                0x080036ac      0xe54 ./Drivers/STM32H7xx_HAL_Driver/Src/stm32h7xx_hal_dma.o
                0x080036ac                HAL_DMA_IRQHandler
 .text.DMA_CalcBaseAndBitshift
                0x08004500      0x164 ./Drivers/STM32H7xx_HAL_Driver/Src/stm32h7xx_hal_dma.o
 .text.DMA_CheckFifoParam
                0x08004664       0xf8 ./Drivers/STM32H7xx_HAL_Driver/Src/stm32h7xx_hal_dma.o
 .text.DMA_CalcDMAMUXChannelBaseAndMask
                0x0800475c      0x134 ./Drivers/STM32H7xx_HAL_Driver/Src/stm32h7xx_hal_dma.o
 .text.DMA_CalcDMAMUXRequestGenBaseAndMask
                0x08004890       0xe8 ./Drivers/STM32H7xx_HAL_Driver/Src/stm32h7xx_hal_dma.o
 .text.HAL_GPIO_Init
                0x08004978      0x360 ./Drivers/STM32H7xx_HAL_Driver/Src/stm32h7xx_hal_gpio.o
                0x08004978                HAL_GPIO_Init
 .text.HAL_GPIO_WritePin
                0x08004cd8       0x32 ./Drivers/STM32H7xx_HAL_Driver/Src/stm32h7xx_hal_gpio.o
                0x08004cd8                HAL_GPIO_WritePin
 .text.HAL_PCD_Init
                0x08004d0a      0x218 ./Drivers/STM32H7xx_HAL_Driver/Src/stm32h7xx_hal_pcd.o
                0x08004d0a                HAL_PCD_Init
 *fill*         0x08004f22        0x2 
 .text.HAL_PCDEx_ActivateLPM
                0x08004f24       0x48 ./Drivers/STM32H7xx_HAL_Driver/Src/stm32h7xx_hal_pcd_ex.o
                0x08004f24                HAL_PCDEx_ActivateLPM
 .text.HAL_PWREx_ConfigSupply
                0x08004f6c       0x74 ./Drivers/STM32H7xx_HAL_Driver/Src/stm32h7xx_hal_pwr_ex.o
                0x08004f6c                HAL_PWREx_ConfigSupply
 .text.HAL_PWREx_EnableUSBVoltageDetector
                0x08004fe0       0x20 ./Drivers/STM32H7xx_HAL_Driver/Src/stm32h7xx_hal_pwr_ex.o
                0x08004fe0                HAL_PWREx_EnableUSBVoltageDetector
 .text.HAL_RCC_OscConfig
                0x08005000      0x8b4 ./Drivers/STM32H7xx_HAL_Driver/Src/stm32h7xx_hal_rcc.o
                0x08005000                HAL_RCC_OscConfig
 .text.HAL_RCC_ClockConfig
                0x080058b4      0x36c ./Drivers/STM32H7xx_HAL_Driver/Src/stm32h7xx_hal_rcc.o
                0x080058b4                HAL_RCC_ClockConfig
 .text.HAL_RCC_GetSysClockFreq
                0x08005c20      0x2f4 ./Drivers/STM32H7xx_HAL_Driver/Src/stm32h7xx_hal_rcc.o
                0x08005c20                HAL_RCC_GetSysClockFreq
 .text.HAL_RCC_GetHCLKFreq
                0x08005f14       0x60 ./Drivers/STM32H7xx_HAL_Driver/Src/stm32h7xx_hal_rcc.o
                0x08005f14                HAL_RCC_GetHCLKFreq
 .text.HAL_RCC_GetPCLK1Freq
                0x08005f74       0x2c ./Drivers/STM32H7xx_HAL_Driver/Src/stm32h7xx_hal_rcc.o
                0x08005f74                HAL_RCC_GetPCLK1Freq
 .text.HAL_RCC_GetPCLK2Freq
                0x08005fa0       0x2c ./Drivers/STM32H7xx_HAL_Driver/Src/stm32h7xx_hal_rcc.o
                0x08005fa0                HAL_RCC_GetPCLK2Freq
 .text.HAL_RCCEx_PeriphCLKConfig
                0x08005fcc     0x1414 ./Drivers/STM32H7xx_HAL_Driver/Src/stm32h7xx_hal_rcc_ex.o
                0x08005fcc                HAL_RCCEx_PeriphCLKConfig
 .text.HAL_RCCEx_GetPeriphCLKFreq
                0x080073e0      0xb00 ./Drivers/STM32H7xx_HAL_Driver/Src/stm32h7xx_hal_rcc_ex.o
                0x080073e0                HAL_RCCEx_GetPeriphCLKFreq
 .text.HAL_RCCEx_GetD3PCLK1Freq
                0x08007ee0       0x2c ./Drivers/STM32H7xx_HAL_Driver/Src/stm32h7xx_hal_rcc_ex.o
                0x08007ee0                HAL_RCCEx_GetD3PCLK1Freq
 .text.HAL_RCCEx_GetPLL2ClockFreq
                0x08007f0c      0x2a8 ./Drivers/STM32H7xx_HAL_Driver/Src/stm32h7xx_hal_rcc_ex.o
                0x08007f0c                HAL_RCCEx_GetPLL2ClockFreq
 .text.HAL_RCCEx_GetPLL3ClockFreq
                0x080081b4      0x2a8 ./Drivers/STM32H7xx_HAL_Driver/Src/stm32h7xx_hal_rcc_ex.o
                0x080081b4                HAL_RCCEx_GetPLL3ClockFreq
 .text.HAL_RCCEx_GetPLL1ClockFreq
                0x0800845c      0x2a4 ./Drivers/STM32H7xx_HAL_Driver/Src/stm32h7xx_hal_rcc_ex.o
                0x0800845c                HAL_RCCEx_GetPLL1ClockFreq
 .text.RCCEx_PLL2_Config
                0x08008700      0x164 ./Drivers/STM32H7xx_HAL_Driver/Src/stm32h7xx_hal_rcc_ex.o
 .text.RCCEx_PLL3_Config
                0x08008864      0x164 ./Drivers/STM32H7xx_HAL_Driver/Src/stm32h7xx_hal_rcc_ex.o
 .text.HAL_TIM_Base_Init
                0x080089c8       0xae ./Drivers/STM32H7xx_HAL_Driver/Src/stm32h7xx_hal_tim.o
                0x080089c8                HAL_TIM_Base_Init
 *fill*         0x08008a76        0x2 
 .text.TIM_Base_SetConfig
                0x08008a78      0x14c ./Drivers/STM32H7xx_HAL_Driver/Src/stm32h7xx_hal_tim.o
                0x08008a78                TIM_Base_SetConfig
 .text.HAL_TIMEx_MasterConfigSynchronization
                0x08008bc4      0x11c ./Drivers/STM32H7xx_HAL_Driver/Src/stm32h7xx_hal_tim_ex.o
                0x08008bc4                HAL_TIMEx_MasterConfigSynchronization
 .text.HAL_UART_Init
                0x08008ce0       0xa0 ./Drivers/STM32H7xx_HAL_Driver/Src/stm32h7xx_hal_uart.o
                0x08008ce0                HAL_UART_Init
 .text.UART_SetConfig
                0x08008d80      0xad0 ./Drivers/STM32H7xx_HAL_Driver/Src/stm32h7xx_hal_uart.o
                0x08008d80                UART_SetConfig
 .text.UART_AdvFeatureConfig
                0x08009850      0x144 ./Drivers/STM32H7xx_HAL_Driver/Src/stm32h7xx_hal_uart.o
                0x08009850                UART_AdvFeatureConfig
 .text.UART_CheckIdleState
                0x08009994      0x154 ./Drivers/STM32H7xx_HAL_Driver/Src/stm32h7xx_hal_uart.o
                0x08009994                UART_CheckIdleState
 .text.UART_WaitOnFlagUntilTimeout
                0x08009ae8       0xda ./Drivers/STM32H7xx_HAL_Driver/Src/stm32h7xx_hal_uart.o
                0x08009ae8                UART_WaitOnFlagUntilTimeout
 *fill*         0x08009bc2        0x2 
 .text.UART_EndRxTransfer
                0x08009bc4       0xcc ./Drivers/STM32H7xx_HAL_Driver/Src/stm32h7xx_hal_uart.o
 .text.HAL_UARTEx_DisableFifoMode
                0x08009c90       0x72 ./Drivers/STM32H7xx_HAL_Driver/Src/stm32h7xx_hal_uart_ex.o
                0x08009c90                HAL_UARTEx_DisableFifoMode
 .text.HAL_UARTEx_SetTxFifoThreshold
                0x08009d02       0x7c ./Drivers/STM32H7xx_HAL_Driver/Src/stm32h7xx_hal_uart_ex.o
                0x08009d02                HAL_UARTEx_SetTxFifoThreshold
 .text.HAL_UARTEx_SetRxFifoThreshold
                0x08009d7e       0x7c ./Drivers/STM32H7xx_HAL_Driver/Src/stm32h7xx_hal_uart_ex.o
                0x08009d7e                HAL_UARTEx_SetRxFifoThreshold
 *fill*         0x08009dfa        0x2 
 .text.UARTEx_SetNbDataToProcess
                0x08009dfc       0x9c ./Drivers/STM32H7xx_HAL_Driver/Src/stm32h7xx_hal_uart_ex.o
 .text.USB_CoreInit
                0x08009e98       0xe4 ./Drivers/STM32H7xx_HAL_Driver/Src/stm32h7xx_ll_usb.o
                0x08009e98                USB_CoreInit
 .text.USB_DisableGlobalInt
                0x08009f7c       0x22 ./Drivers/STM32H7xx_HAL_Driver/Src/stm32h7xx_ll_usb.o
                0x08009f7c                USB_DisableGlobalInt
 .text.USB_SetCurrentMode
                0x08009f9e       0x98 ./Drivers/STM32H7xx_HAL_Driver/Src/stm32h7xx_ll_usb.o
                0x08009f9e                USB_SetCurrentMode
 *fill*         0x0800a036        0x2 
 .text.USB_DevInit
                0x0800a038      0x2bc ./Drivers/STM32H7xx_HAL_Driver/Src/stm32h7xx_ll_usb.o
                0x0800a038                USB_DevInit
 .text.USB_FlushTxFifo
                0x0800a2f4       0x64 ./Drivers/STM32H7xx_HAL_Driver/Src/stm32h7xx_ll_usb.o
                0x0800a2f4                USB_FlushTxFifo
 .text.USB_FlushRxFifo
                0x0800a358       0x5c ./Drivers/STM32H7xx_HAL_Driver/Src/stm32h7xx_ll_usb.o
                0x0800a358                USB_FlushRxFifo
 .text.USB_SetDevSpeed
                0x0800a3b4       0x32 ./Drivers/STM32H7xx_HAL_Driver/Src/stm32h7xx_ll_usb.o
                0x0800a3b4                USB_SetDevSpeed
 .text.USB_DevDisconnect
                0x0800a3e6       0x42 ./Drivers/STM32H7xx_HAL_Driver/Src/stm32h7xx_ll_usb.o
                0x0800a3e6                USB_DevDisconnect
 .text.USB_GetMode
                0x0800a428       0x1c ./Drivers/STM32H7xx_HAL_Driver/Src/stm32h7xx_ll_usb.o
                0x0800a428                USB_GetMode
 .text.USB_CoreReset
                0x0800a444       0x62 ./Drivers/STM32H7xx_HAL_Driver/Src/stm32h7xx_ll_usb.o
 .text.memset   0x0800a4a6       0x10 C:/ST/STM32CubeIDE_1.16.1/STM32CubeIDE/plugins/com.st.stm32cube.ide.mcu.externaltools.gnu-tools-for-stm32.12.3.rel1.win32_1.0.200.202406191623/tools/bin/../lib/gcc/arm-none-eabi/12.3.1/../../../../arm-none-eabi/lib/thumb/v7e-m+dp/hard\libc_nano.a(libc_a-memset.o)
                0x0800a4a6                memset
 *fill*         0x0800a4b6        0x2 
 .text.__libc_init_array
                0x0800a4b8       0x48 C:/ST/STM32CubeIDE_1.16.1/STM32CubeIDE/plugins/com.st.stm32cube.ide.mcu.externaltools.gnu-tools-for-stm32.12.3.rel1.win32_1.0.200.202406191623/tools/bin/../lib/gcc/arm-none-eabi/12.3.1/../../../../arm-none-eabi/lib/thumb/v7e-m+dp/hard\libc_nano.a(libc_a-init.o)
                0x0800a4b8                __libc_init_array
 *(.glue_7)
 .glue_7        0x0800a500        0x0 linker stubs
 *(.glue_7t)
 .glue_7t       0x0800a500        0x0 linker stubs
 *(.eh_frame)
 .eh_frame      0x0800a500        0x0 C:/ST/STM32CubeIDE_1.16.1/STM32CubeIDE/plugins/com.st.stm32cube.ide.mcu.externaltools.gnu-tools-for-stm32.12.3.rel1.win32_1.0.200.202406191623/tools/bin/../lib/gcc/arm-none-eabi/12.3.1/thumb/v7e-m+dp/hard/crtbegin.o
 *(.init)
 .init          0x0800a500        0x4 C:/ST/STM32CubeIDE_1.16.1/STM32CubeIDE/plugins/com.st.stm32cube.ide.mcu.externaltools.gnu-tools-for-stm32.12.3.rel1.win32_1.0.200.202406191623/tools/bin/../lib/gcc/arm-none-eabi/12.3.1/thumb/v7e-m+dp/hard/crti.o
                0x0800a500                _init
 .init          0x0800a504        0x8 C:/ST/STM32CubeIDE_1.16.1/STM32CubeIDE/plugins/com.st.stm32cube.ide.mcu.externaltools.gnu-tools-for-stm32.12.3.rel1.win32_1.0.200.202406191623/tools/bin/../lib/gcc/arm-none-eabi/12.3.1/thumb/v7e-m+dp/hard/crtn.o
 *(.fini)
 .fini          0x0800a50c        0x4 C:/ST/STM32CubeIDE_1.16.1/STM32CubeIDE/plugins/com.st.stm32cube.ide.mcu.externaltools.gnu-tools-for-stm32.12.3.rel1.win32_1.0.200.202406191623/tools/bin/../lib/gcc/arm-none-eabi/12.3.1/thumb/v7e-m+dp/hard/crti.o
                0x0800a50c                _fini
 .fini          0x0800a510        0x8 C:/ST/STM32CubeIDE_1.16.1/STM32CubeIDE/plugins/com.st.stm32cube.ide.mcu.externaltools.gnu-tools-for-stm32.12.3.rel1.win32_1.0.200.202406191623/tools/bin/../lib/gcc/arm-none-eabi/12.3.1/thumb/v7e-m+dp/hard/crtn.o
                0x0800a518                        . = ALIGN (0x4)
                0x0800a518                        _etext = .

.vfp11_veneer   0x0800a518        0x0
 .vfp11_veneer  0x0800a518        0x0 linker stubs

.v4_bx          0x0800a518        0x0
 .v4_bx         0x0800a518        0x0 linker stubs

.iplt           0x0800a518        0x0
 .iplt          0x0800a518        0x0 C:/ST/STM32CubeIDE_1.16.1/STM32CubeIDE/plugins/com.st.stm32cube.ide.mcu.externaltools.gnu-tools-for-stm32.12.3.rel1.win32_1.0.200.202406191623/tools/bin/../lib/gcc/arm-none-eabi/12.3.1/thumb/v7e-m+dp/hard/crtbegin.o

.rodata         0x0800a518       0x40
                0x0800a518                        . = ALIGN (0x4)
 *(.rodata)
 *(.rodata*)
 .rodata.D1CorePrescTable
                0x0800a518       0x10 ./Core/Src/system_stm32h7xx.o
                0x0800a518                D1CorePrescTable
 .rodata.flagBitshiftOffset.0
                0x0800a528        0x8 ./Drivers/STM32H7xx_HAL_Driver/Src/stm32h7xx_hal_dma.o
 .rodata.UARTPrescTable
                0x0800a530       0x18 ./Drivers/STM32H7xx_HAL_Driver/Src/stm32h7xx_hal_uart.o
                0x0800a530                UARTPrescTable
 .rodata.numerator.1
                0x0800a548        0x8 ./Drivers/STM32H7xx_HAL_Driver/Src/stm32h7xx_hal_uart_ex.o
 .rodata.denominator.0
                0x0800a550        0x8 ./Drivers/STM32H7xx_HAL_Driver/Src/stm32h7xx_hal_uart_ex.o
                0x0800a558                        . = ALIGN (0x4)

.ARM.extab
 *(.ARM.extab* .gnu.linkonce.armextab.*)

.ARM            0x0800a558        0x8
                0x0800a558                        __exidx_start = .
 *(.ARM.exidx*)
 .ARM.exidx     0x0800a558        0x8 C:/ST/STM32CubeIDE_1.16.1/STM32CubeIDE/plugins/com.st.stm32cube.ide.mcu.externaltools.gnu-tools-for-stm32.12.3.rel1.win32_1.0.200.202406191623/tools/bin/../lib/gcc/arm-none-eabi/12.3.1/thumb/v7e-m+dp/hard\libgcc.a(_udivmoddi4.o)
                0x0800a560                        __exidx_end = .

.preinit_array  0x0800a560        0x0
                0x0800a560                        PROVIDE (__preinit_array_start = .)
 *(.preinit_array*)
                0x0800a560                        PROVIDE (__preinit_array_end = .)

.init_array     0x0800a560        0x4
                0x0800a560                        PROVIDE (__init_array_start = .)
 *(SORT_BY_NAME(.init_array.*))
 *(.init_array*)
 .init_array    0x0800a560        0x4 C:/ST/STM32CubeIDE_1.16.1/STM32CubeIDE/plugins/com.st.stm32cube.ide.mcu.externaltools.gnu-tools-for-stm32.12.3.rel1.win32_1.0.200.202406191623/tools/bin/../lib/gcc/arm-none-eabi/12.3.1/thumb/v7e-m+dp/hard/crtbegin.o
                0x0800a564                        PROVIDE (__init_array_end = .)

.fini_array     0x0800a564        0x4
                [!provide]                        PROVIDE (__fini_array_start = .)
 *(SORT_BY_NAME(.fini_array.*))
 *(.fini_array*)
 .fini_array    0x0800a564        0x4 C:/ST/STM32CubeIDE_1.16.1/STM32CubeIDE/plugins/com.st.stm32cube.ide.mcu.externaltools.gnu-tools-for-stm32.12.3.rel1.win32_1.0.200.202406191623/tools/bin/../lib/gcc/arm-none-eabi/12.3.1/thumb/v7e-m+dp/hard/crtbegin.o
                [!provide]                        PROVIDE (__fini_array_end = .)
                0x0800a568                        _sidata = LOADADDR (.data)

.rel.dyn        0x0800a568        0x0
 .rel.iplt      0x0800a568        0x0 C:/ST/STM32CubeIDE_1.16.1/STM32CubeIDE/plugins/com.st.stm32cube.ide.mcu.externaltools.gnu-tools-for-stm32.12.3.rel1.win32_1.0.200.202406191623/tools/bin/../lib/gcc/arm-none-eabi/12.3.1/thumb/v7e-m+dp/hard/crtbegin.o

.data           0x24000000       0x18 load address 0x0800a568
                0x24000000                        . = ALIGN (0x4)
                0x24000000                        _sdata = .
 *(.data)
 *(.data*)
 .data.index_stop
                0x24000000        0x2 ./Core/Src/ESPE_my_DMA.o
                0x24000000                index_stop
 *fill*         0x24000002        0x2 
 .data.pointer  0x24000004        0x4 ./Core/Src/ESPE_my_DMA.o
                0x24000004                pointer
 .data.SystemCoreClock
                0x24000008        0x4 ./Core/Src/system_stm32h7xx.o
                0x24000008                SystemCoreClock
 .data.SystemD2Clock
                0x2400000c        0x4 ./Core/Src/system_stm32h7xx.o
                0x2400000c                SystemD2Clock
 .data.uwTickPrio
                0x24000010        0x4 ./Drivers/STM32H7xx_HAL_Driver/Src/stm32h7xx_hal.o
                0x24000010                uwTickPrio
 .data.uwTickFreq
                0x24000014        0x1 ./Drivers/STM32H7xx_HAL_Driver/Src/stm32h7xx_hal.o
                0x24000014                uwTickFreq
 *(.RamFunc)
 *(.RamFunc*)
                0x24000018                        . = ALIGN (0x4)
 *fill*         0x24000015        0x3 
                0x24000018                        _edata = .

.igot.plt       0x24000018        0x0 load address 0x0800a580
 .igot.plt      0x24000018        0x0 C:/ST/STM32CubeIDE_1.16.1/STM32CubeIDE/plugins/com.st.stm32cube.ide.mcu.externaltools.gnu-tools-for-stm32.12.3.rel1.win32_1.0.200.202406191623/tools/bin/../lib/gcc/arm-none-eabi/12.3.1/thumb/v7e-m+dp/hard/crtbegin.o
                0x24000018                        . = ALIGN (0x4)

.bss            0x24000018      0xe5c load address 0x0800a580
                0x24000018                        _sbss = .
                0x24000018                        __bss_start__ = _sbss
 *(.bss)
 .bss           0x24000018       0x1c C:/ST/STM32CubeIDE_1.16.1/STM32CubeIDE/plugins/com.st.stm32cube.ide.mcu.externaltools.gnu-tools-for-stm32.12.3.rel1.win32_1.0.200.202406191623/tools/bin/../lib/gcc/arm-none-eabi/12.3.1/thumb/v7e-m+dp/hard/crtbegin.o
 *(.bss*)
 .bss.DMA_data_ADC1
                0x24000034      0x320 ./Core/Src/ESPE_my_DMA.o
                0x24000034                DMA_data_ADC1
 .bss.DMA_data_ADC3
                0x24000354      0x320 ./Core/Src/ESPE_my_DMA.o
                0x24000354                DMA_data_ADC3
 .bss.flag_Pretriggered
                0x24000674        0x1 ./Core/Src/ESPE_my_DMA.o
                0x24000674                flag_Pretriggered
 .bss.flag_Triggered
                0x24000675        0x1 ./Core/Src/ESPE_my_DMA.o
                0x24000675                flag_Triggered
 .bss.flag_Trigger_EN
                0x24000676        0x1 ./Core/Src/ESPE_my_DMA.o
                0x24000676                flag_Trigger_EN
 .bss.flag_ADC  0x24000677        0x1 ./Core/Src/ESPE_my_DMA.o
                0x24000677                flag_ADC
 .bss.index_transmission
                0x24000678        0x2 ./Core/Src/ESPE_my_DMA.o
                0x24000678                index_transmission
 *fill*         0x2400067a        0x2 
 .bss.hadc1     0x2400067c       0x64 ./Core/Src/adc.o
                0x2400067c                hadc1
 .bss.hadc3     0x240006e0       0x64 ./Core/Src/adc.o
                0x240006e0                hadc3
 .bss.hdma_adc1
                0x24000744       0x78 ./Core/Src/adc.o
                0x24000744                hdma_adc1
 .bss.hdma_adc3
                0x240007bc       0x78 ./Core/Src/adc.o
                0x240007bc                hdma_adc3
 .bss.htim6     0x24000834       0x4c ./Core/Src/tim.o
                0x24000834                htim6
 .bss.huart3    0x24000880       0x94 ./Core/Src/usart.o
                0x24000880                huart3
 .bss.hdma_usart3_tx
                0x24000914       0x78 ./Core/Src/usart.o
                0x24000914                hdma_usart3_tx
 .bss.hpcd_USB_OTG_FS
                0x2400098c      0x4e4 ./Core/Src/usb_otg.o
                0x2400098c                hpcd_USB_OTG_FS
 .bss.uwTick    0x24000e70        0x4 ./Drivers/STM32H7xx_HAL_Driver/Src/stm32h7xx_hal.o
                0x24000e70                uwTick
 *(COMMON)
                0x24000e74                        . = ALIGN (0x4)
                0x24000e74                        _ebss = .
                0x24000e74                        __bss_end__ = _ebss

._user_heap_stack
                0x24000e74      0x604 load address 0x0800a580
                0x24000e78                        . = ALIGN (0x8)
 *fill*         0x24000e74        0x4 
                [!provide]                        PROVIDE (end = .)
                0x24000e78                        PROVIDE (_end = .)
                0x24001078                        . = (. + _Min_Heap_Size)
 *fill*         0x24000e78      0x200 
                0x24001478                        . = (. + _Min_Stack_Size)
 *fill*         0x24001078      0x400 
                0x24001478                        . = ALIGN (0x8)

/DISCARD/
 libc.a(*)
 libm.a(*)
 libgcc.a(*)

.ARM.attributes
                0x00000000       0x2e
 *(.ARM.attributes)
 .ARM.attributes
                0x00000000       0x20 C:/ST/STM32CubeIDE_1.16.1/STM32CubeIDE/plugins/com.st.stm32cube.ide.mcu.externaltools.gnu-tools-for-stm32.12.3.rel1.win32_1.0.200.202406191623/tools/bin/../lib/gcc/arm-none-eabi/12.3.1/thumb/v7e-m+dp/hard/crti.o
 .ARM.attributes
                0x00000020       0x32 C:/ST/STM32CubeIDE_1.16.1/STM32CubeIDE/plugins/com.st.stm32cube.ide.mcu.externaltools.gnu-tools-for-stm32.12.3.rel1.win32_1.0.200.202406191623/tools/bin/../lib/gcc/arm-none-eabi/12.3.1/thumb/v7e-m+dp/hard/crtbegin.o
 .ARM.attributes
                0x00000052       0x32 ./Core/Src/ESPE_my_DMA.o
 .ARM.attributes
                0x00000084       0x32 ./Core/Src/adc.o
 .ARM.attributes
                0x000000b6       0x32 ./Core/Src/dma.o
 .ARM.attributes
                0x000000e8       0x32 ./Core/Src/gpio.o
 .ARM.attributes
                0x0000011a       0x32 ./Core/Src/main.o
 .ARM.attributes
                0x0000014c       0x32 ./Core/Src/stm32h7xx_hal_msp.o
 .ARM.attributes
                0x0000017e       0x32 ./Core/Src/stm32h7xx_it.o
 .ARM.attributes
                0x000001b0       0x32 ./Core/Src/system_stm32h7xx.o
 .ARM.attributes
                0x000001e2       0x32 ./Core/Src/tim.o
 .ARM.attributes
                0x00000214       0x32 ./Core/Src/usart.o
 .ARM.attributes
                0x00000246       0x32 ./Core/Src/usb_otg.o
 .ARM.attributes
                0x00000278       0x21 ./Core/Startup/startup_stm32h743zitx.o
 .ARM.attributes
                0x00000299       0x32 ./Drivers/STM32H7xx_HAL_Driver/Src/stm32h7xx_hal.o
 .ARM.attributes
                0x000002cb       0x32 ./Drivers/STM32H7xx_HAL_Driver/Src/stm32h7xx_hal_adc.o
 .ARM.attributes
                0x000002fd       0x32 ./Drivers/STM32H7xx_HAL_Driver/Src/stm32h7xx_hal_adc_ex.o
 .ARM.attributes
                0x0000032f       0x32 ./Drivers/STM32H7xx_HAL_Driver/Src/stm32h7xx_hal_cortex.o
 .ARM.attributes
                0x00000361       0x32 ./Drivers/STM32H7xx_HAL_Driver/Src/stm32h7xx_hal_dma.o
 .ARM.attributes
                0x00000393       0x32 ./Drivers/STM32H7xx_HAL_Driver/Src/stm32h7xx_hal_gpio.o
 .ARM.attributes
                0x000003c5       0x32 ./Drivers/STM32H7xx_HAL_Driver/Src/stm32h7xx_hal_pcd.o
 .ARM.attributes
                0x000003f7       0x32 ./Drivers/STM32H7xx_HAL_Driver/Src/stm32h7xx_hal_pcd_ex.o
 .ARM.attributes
                0x00000429       0x32 ./Drivers/STM32H7xx_HAL_Driver/Src/stm32h7xx_hal_pwr_ex.o
 .ARM.attributes
                0x0000045b       0x32 ./Drivers/STM32H7xx_HAL_Driver/Src/stm32h7xx_hal_rcc.o
 .ARM.attributes
                0x0000048d       0x32 ./Drivers/STM32H7xx_HAL_Driver/Src/stm32h7xx_hal_rcc_ex.o
 .ARM.attributes
                0x000004bf       0x32 ./Drivers/STM32H7xx_HAL_Driver/Src/stm32h7xx_hal_tim.o
 .ARM.attributes
                0x000004f1       0x32 ./Drivers/STM32H7xx_HAL_Driver/Src/stm32h7xx_hal_tim_ex.o
 .ARM.attributes
                0x00000523       0x32 ./Drivers/STM32H7xx_HAL_Driver/Src/stm32h7xx_hal_uart.o
 .ARM.attributes
                0x00000555       0x32 ./Drivers/STM32H7xx_HAL_Driver/Src/stm32h7xx_hal_uart_ex.o
 .ARM.attributes
                0x00000587       0x32 ./Drivers/STM32H7xx_HAL_Driver/Src/stm32h7xx_ll_usb.o
 .ARM.attributes
                0x000005b9       0x32 C:/ST/STM32CubeIDE_1.16.1/STM32CubeIDE/plugins/com.st.stm32cube.ide.mcu.externaltools.gnu-tools-for-stm32.12.3.rel1.win32_1.0.200.202406191623/tools/bin/../lib/gcc/arm-none-eabi/12.3.1/../../../../arm-none-eabi/lib/thumb/v7e-m+dp/hard\libc_nano.a(libc_a-memset.o)
 .ARM.attributes
                0x000005eb       0x32 C:/ST/STM32CubeIDE_1.16.1/STM32CubeIDE/plugins/com.st.stm32cube.ide.mcu.externaltools.gnu-tools-for-stm32.12.3.rel1.win32_1.0.200.202406191623/tools/bin/../lib/gcc/arm-none-eabi/12.3.1/../../../../arm-none-eabi/lib/thumb/v7e-m+dp/hard\libc_nano.a(libc_a-init.o)
 .ARM.attributes
                0x0000061d       0x20 C:/ST/STM32CubeIDE_1.16.1/STM32CubeIDE/plugins/com.st.stm32cube.ide.mcu.externaltools.gnu-tools-for-stm32.12.3.rel1.win32_1.0.200.202406191623/tools/bin/../lib/gcc/arm-none-eabi/12.3.1/thumb/v7e-m+dp/hard\libgcc.a(_aeabi_uldivmod.o)
 .ARM.attributes
                0x0000063d       0x32 C:/ST/STM32CubeIDE_1.16.1/STM32CubeIDE/plugins/com.st.stm32cube.ide.mcu.externaltools.gnu-tools-for-stm32.12.3.rel1.win32_1.0.200.202406191623/tools/bin/../lib/gcc/arm-none-eabi/12.3.1/thumb/v7e-m+dp/hard\libgcc.a(_udivmoddi4.o)
 .ARM.attributes
                0x0000066f       0x20 C:/ST/STM32CubeIDE_1.16.1/STM32CubeIDE/plugins/com.st.stm32cube.ide.mcu.externaltools.gnu-tools-for-stm32.12.3.rel1.win32_1.0.200.202406191623/tools/bin/../lib/gcc/arm-none-eabi/12.3.1/thumb/v7e-m+dp/hard\libgcc.a(_dvmd_tls.o)
 .ARM.attributes
                0x0000068f       0x20 C:/ST/STM32CubeIDE_1.16.1/STM32CubeIDE/plugins/com.st.stm32cube.ide.mcu.externaltools.gnu-tools-for-stm32.12.3.rel1.win32_1.0.200.202406191623/tools/bin/../lib/gcc/arm-none-eabi/12.3.1/thumb/v7e-m+dp/hard/crtn.o
OUTPUT(dual_wielding.elf elf32-littlearm)
LOAD linker stubs
LOAD C:/ST/STM32CubeIDE_1.16.1/STM32CubeIDE/plugins/com.st.stm32cube.ide.mcu.externaltools.gnu-tools-for-stm32.12.3.rel1.win32_1.0.200.202406191623/tools/bin/../lib/gcc/arm-none-eabi/12.3.1/../../../../arm-none-eabi/lib/thumb/v7e-m+dp/hard\libc.a
LOAD C:/ST/STM32CubeIDE_1.16.1/STM32CubeIDE/plugins/com.st.stm32cube.ide.mcu.externaltools.gnu-tools-for-stm32.12.3.rel1.win32_1.0.200.202406191623/tools/bin/../lib/gcc/arm-none-eabi/12.3.1/../../../../arm-none-eabi/lib/thumb/v7e-m+dp/hard\libm.a
LOAD C:/ST/STM32CubeIDE_1.16.1/STM32CubeIDE/plugins/com.st.stm32cube.ide.mcu.externaltools.gnu-tools-for-stm32.12.3.rel1.win32_1.0.200.202406191623/tools/bin/../lib/gcc/arm-none-eabi/12.3.1/thumb/v7e-m+dp/hard\libgcc.a

.debug_info     0x00000000    0x209a9
 .debug_info    0x00000000      0x905 ./Core/Src/ESPE_my_DMA.o
 .debug_info    0x00000905     0x1456 ./Core/Src/adc.o
 .debug_info    0x00001d5b      0x83c ./Core/Src/dma.o
 .debug_info    0x00002597      0x69b ./Core/Src/gpio.o
 .debug_info    0x00002c32     0x1273 ./Core/Src/main.o
 .debug_info    0x00003ea5      0x464 ./Core/Src/stm32h7xx_hal_msp.o
 .debug_info    0x00004309      0x4a4 ./Core/Src/stm32h7xx_it.o
 .debug_info    0x000047ad      0xcef ./Core/Src/system_stm32h7xx.o
 .debug_info    0x0000549c      0xc5f ./Core/Src/tim.o
 .debug_info    0x000060fb     0x152f ./Core/Src/usart.o
 .debug_info    0x0000762a      0xf21 ./Core/Src/usb_otg.o
 .debug_info    0x0000854b       0x30 ./Core/Startup/startup_stm32h743zitx.o
 .debug_info    0x0000857b     0x153b ./Drivers/STM32H7xx_HAL_Driver/Src/stm32h7xx_hal.o
 .debug_info    0x00009ab6     0x1ed2 ./Drivers/STM32H7xx_HAL_Driver/Src/stm32h7xx_hal_adc.o
 .debug_info    0x0000b988     0x1fed ./Drivers/STM32H7xx_HAL_Driver/Src/stm32h7xx_hal_adc_ex.o
 .debug_info    0x0000d975     0x10ac ./Drivers/STM32H7xx_HAL_Driver/Src/stm32h7xx_hal_cortex.o
 .debug_info    0x0000ea21      0xc27 ./Drivers/STM32H7xx_HAL_Driver/Src/stm32h7xx_hal_dma.o
 .debug_info    0x0000f648      0xc4b ./Drivers/STM32H7xx_HAL_Driver/Src/stm32h7xx_hal_gpio.o
 .debug_info    0x00010293     0x1561 ./Drivers/STM32H7xx_HAL_Driver/Src/stm32h7xx_hal_pcd.o
 .debug_info    0x000117f4      0x8b3 ./Drivers/STM32H7xx_HAL_Driver/Src/stm32h7xx_hal_pcd_ex.o
 .debug_info    0x000120a7     0x1008 ./Drivers/STM32H7xx_HAL_Driver/Src/stm32h7xx_hal_pwr_ex.o
 .debug_info    0x000130af      0xe5b ./Drivers/STM32H7xx_HAL_Driver/Src/stm32h7xx_hal_rcc.o
 .debug_info    0x00013f0a     0x1216 ./Drivers/STM32H7xx_HAL_Driver/Src/stm32h7xx_hal_rcc_ex.o
 .debug_info    0x00015120     0x2bae ./Drivers/STM32H7xx_HAL_Driver/Src/stm32h7xx_hal_tim.o
 .debug_info    0x00017cce     0x17eb ./Drivers/STM32H7xx_HAL_Driver/Src/stm32h7xx_hal_tim_ex.o
 .debug_info    0x000194b9     0x4b13 ./Drivers/STM32H7xx_HAL_Driver/Src/stm32h7xx_hal_uart.o
 .debug_info    0x0001dfcc      0xfbf ./Drivers/STM32H7xx_HAL_Driver/Src/stm32h7xx_hal_uart_ex.o
 .debug_info    0x0001ef8b     0x1a1e ./Drivers/STM32H7xx_HAL_Driver/Src/stm32h7xx_ll_usb.o

.debug_abbrev   0x00000000     0x3da4
 .debug_abbrev  0x00000000      0x161 ./Core/Src/ESPE_my_DMA.o
 .debug_abbrev  0x00000161      0x23e ./Core/Src/adc.o
 .debug_abbrev  0x0000039f      0x12b ./Core/Src/dma.o
 .debug_abbrev  0x000004ca      0x182 ./Core/Src/gpio.o
 .debug_abbrev  0x0000064c      0x209 ./Core/Src/main.o
 .debug_abbrev  0x00000855       0xdb ./Core/Src/stm32h7xx_hal_msp.o
 .debug_abbrev  0x00000930      0x19b ./Core/Src/stm32h7xx_it.o
 .debug_abbrev  0x00000acb      0x14c ./Core/Src/system_stm32h7xx.o
 .debug_abbrev  0x00000c17      0x1f7 ./Core/Src/tim.o
 .debug_abbrev  0x00000e0e      0x25b ./Core/Src/usart.o
 .debug_abbrev  0x00001069      0x252 ./Core/Src/usb_otg.o
 .debug_abbrev  0x000012bb       0x24 ./Core/Startup/startup_stm32h743zitx.o
 .debug_abbrev  0x000012df      0x295 ./Drivers/STM32H7xx_HAL_Driver/Src/stm32h7xx_hal.o
 .debug_abbrev  0x00001574      0x2d3 ./Drivers/STM32H7xx_HAL_Driver/Src/stm32h7xx_hal_adc.o
 .debug_abbrev  0x00001847      0x31b ./Drivers/STM32H7xx_HAL_Driver/Src/stm32h7xx_hal_adc_ex.o
 .debug_abbrev  0x00001b62      0x339 ./Drivers/STM32H7xx_HAL_Driver/Src/stm32h7xx_hal_cortex.o
 .debug_abbrev  0x00001e9b      0x248 ./Drivers/STM32H7xx_HAL_Driver/Src/stm32h7xx_hal_dma.o
 .debug_abbrev  0x000020e3      0x1fe ./Drivers/STM32H7xx_HAL_Driver/Src/stm32h7xx_hal_gpio.o
 .debug_abbrev  0x000022e1      0x2dc ./Drivers/STM32H7xx_HAL_Driver/Src/stm32h7xx_hal_pcd.o
 .debug_abbrev  0x000025bd      0x256 ./Drivers/STM32H7xx_HAL_Driver/Src/stm32h7xx_hal_pcd_ex.o
 .debug_abbrev  0x00002813      0x2a7 ./Drivers/STM32H7xx_HAL_Driver/Src/stm32h7xx_hal_pwr_ex.o
 .debug_abbrev  0x00002aba      0x2c8 ./Drivers/STM32H7xx_HAL_Driver/Src/stm32h7xx_hal_rcc.o
 .debug_abbrev  0x00002d82      0x269 ./Drivers/STM32H7xx_HAL_Driver/Src/stm32h7xx_hal_rcc_ex.o
 .debug_abbrev  0x00002feb      0x276 ./Drivers/STM32H7xx_HAL_Driver/Src/stm32h7xx_hal_tim.o
 .debug_abbrev  0x00003261      0x281 ./Drivers/STM32H7xx_HAL_Driver/Src/stm32h7xx_hal_tim_ex.o
 .debug_abbrev  0x000034e2      0x33d ./Drivers/STM32H7xx_HAL_Driver/Src/stm32h7xx_hal_uart.o
 .debug_abbrev  0x0000381f      0x2d2 ./Drivers/STM32H7xx_HAL_Driver/Src/stm32h7xx_hal_uart_ex.o
 .debug_abbrev  0x00003af1      0x2b3 ./Drivers/STM32H7xx_HAL_Driver/Src/stm32h7xx_ll_usb.o

.debug_aranges  0x00000000     0x1928
 .debug_aranges
                0x00000000       0xc0 ./Core/Src/ESPE_my_DMA.o
 .debug_aranges
                0x000000c0       0x38 ./Core/Src/adc.o
 .debug_aranges
                0x000000f8       0x20 ./Core/Src/dma.o
 .debug_aranges
                0x00000118       0x20 ./Core/Src/gpio.o
 .debug_aranges
                0x00000138       0x38 ./Core/Src/main.o
 .debug_aranges
                0x00000170       0x20 ./Core/Src/stm32h7xx_hal_msp.o
 .debug_aranges
                0x00000190       0x88 ./Core/Src/stm32h7xx_it.o
 .debug_aranges
                0x00000218       0x28 ./Core/Src/system_stm32h7xx.o
 .debug_aranges
                0x00000240       0x30 ./Core/Src/tim.o
 .debug_aranges
                0x00000270       0x30 ./Core/Src/usart.o
 .debug_aranges
                0x000002a0       0x30 ./Core/Src/usb_otg.o
 .debug_aranges
                0x000002d0       0x28 ./Core/Startup/startup_stm32h743zitx.o
 .debug_aranges
                0x000002f8      0x198 ./Drivers/STM32H7xx_HAL_Driver/Src/stm32h7xx_hal.o
 .debug_aranges
                0x00000490      0x228 ./Drivers/STM32H7xx_HAL_Driver/Src/stm32h7xx_hal_adc.o
 .debug_aranges
                0x000006b8      0x1d8 ./Drivers/STM32H7xx_HAL_Driver/Src/stm32h7xx_hal_adc_ex.o
 .debug_aranges
                0x00000890      0x130 ./Drivers/STM32H7xx_HAL_Driver/Src/stm32h7xx_hal_cortex.o
 .debug_aranges
                0x000009c0       0xa0 ./Drivers/STM32H7xx_HAL_Driver/Src/stm32h7xx_hal_dma.o
 .debug_aranges
                0x00000a60       0x58 ./Drivers/STM32H7xx_HAL_Driver/Src/stm32h7xx_hal_gpio.o
 .debug_aranges
                0x00000ab8      0x140 ./Drivers/STM32H7xx_HAL_Driver/Src/stm32h7xx_hal_pcd.o
 .debug_aranges
                0x00000bf8       0x60 ./Drivers/STM32H7xx_HAL_Driver/Src/stm32h7xx_hal_pcd_ex.o
 .debug_aranges
                0x00000c58      0x158 ./Drivers/STM32H7xx_HAL_Driver/Src/stm32h7xx_hal_pwr_ex.o
 .debug_aranges
                0x00000db0       0x88 ./Drivers/STM32H7xx_HAL_Driver/Src/stm32h7xx_hal_rcc.o
 .debug_aranges
                0x00000e38       0xf8 ./Drivers/STM32H7xx_HAL_Driver/Src/stm32h7xx_hal_rcc_ex.o
 .debug_aranges
                0x00000f30      0x3e0 ./Drivers/STM32H7xx_HAL_Driver/Src/stm32h7xx_hal_tim.o
 .debug_aranges
                0x00001310      0x188 ./Drivers/STM32H7xx_HAL_Driver/Src/stm32h7xx_hal_tim_ex.o
 .debug_aranges
                0x00001498      0x248 ./Drivers/STM32H7xx_HAL_Driver/Src/stm32h7xx_hal_uart.o
 .debug_aranges
                0x000016e0       0xa8 ./Drivers/STM32H7xx_HAL_Driver/Src/stm32h7xx_hal_uart_ex.o
 .debug_aranges
                0x00001788      0x1a0 ./Drivers/STM32H7xx_HAL_Driver/Src/stm32h7xx_ll_usb.o

.debug_rnglists
                0x00000000     0x1384
 .debug_rnglists
                0x00000000       0x90 ./Core/Src/ESPE_my_DMA.o
 .debug_rnglists
                0x00000090       0x28 ./Core/Src/adc.o
 .debug_rnglists
                0x000000b8       0x14 ./Core/Src/dma.o
 .debug_rnglists
                0x000000cc       0x14 ./Core/Src/gpio.o
 .debug_rnglists
                0x000000e0       0x27 ./Core/Src/main.o
 .debug_rnglists
                0x00000107       0x13 ./Core/Src/stm32h7xx_hal_msp.o
 .debug_rnglists
                0x0000011a       0x61 ./Core/Src/stm32h7xx_it.o
 .debug_rnglists
                0x0000017b       0x1b ./Core/Src/system_stm32h7xx.o
 .debug_rnglists
                0x00000196       0x1f ./Core/Src/tim.o
 .debug_rnglists
                0x000001b5       0x21 ./Core/Src/usart.o
 .debug_rnglists
                0x000001d6       0x20 ./Core/Src/usb_otg.o
 .debug_rnglists
                0x000001f6       0x19 ./Core/Startup/startup_stm32h743zitx.o
 .debug_rnglists
                0x0000020f      0x131 ./Drivers/STM32H7xx_HAL_Driver/Src/stm32h7xx_hal.o
 .debug_rnglists
                0x00000340      0x1a9 ./Drivers/STM32H7xx_HAL_Driver/Src/stm32h7xx_hal_adc.o
 .debug_rnglists
                0x000004e9      0x16f ./Drivers/STM32H7xx_HAL_Driver/Src/stm32h7xx_hal_adc_ex.o
 .debug_rnglists
                0x00000658       0xe0 ./Drivers/STM32H7xx_HAL_Driver/Src/stm32h7xx_hal_cortex.o
 .debug_rnglists
                0x00000738       0x82 ./Drivers/STM32H7xx_HAL_Driver/Src/stm32h7xx_hal_dma.o
 .debug_rnglists
                0x000007ba       0x3f ./Drivers/STM32H7xx_HAL_Driver/Src/stm32h7xx_hal_gpio.o
 .debug_rnglists
                0x000007f9       0xf4 ./Drivers/STM32H7xx_HAL_Driver/Src/stm32h7xx_hal_pcd.o
 .debug_rnglists
                0x000008ed       0x45 ./Drivers/STM32H7xx_HAL_Driver/Src/stm32h7xx_hal_pcd_ex.o
 .debug_rnglists
                0x00000932      0x103 ./Drivers/STM32H7xx_HAL_Driver/Src/stm32h7xx_hal_pwr_ex.o
 .debug_rnglists
                0x00000a35       0x68 ./Drivers/STM32H7xx_HAL_Driver/Src/stm32h7xx_hal_rcc.o
 .debug_rnglists
                0x00000a9d       0xc0 ./Drivers/STM32H7xx_HAL_Driver/Src/stm32h7xx_hal_rcc_ex.o
 .debug_rnglists
                0x00000b5d      0x328 ./Drivers/STM32H7xx_HAL_Driver/Src/stm32h7xx_hal_tim.o
 .debug_rnglists
                0x00000e85      0x13f ./Drivers/STM32H7xx_HAL_Driver/Src/stm32h7xx_hal_tim_ex.o
 .debug_rnglists
                0x00000fc4      0x1fa ./Drivers/STM32H7xx_HAL_Driver/Src/stm32h7xx_hal_uart.o
 .debug_rnglists
                0x000011be       0x7f ./Drivers/STM32H7xx_HAL_Driver/Src/stm32h7xx_hal_uart_ex.o
 .debug_rnglists
                0x0000123d      0x147 ./Drivers/STM32H7xx_HAL_Driver/Src/stm32h7xx_ll_usb.o

.debug_macro    0x00000000    0x3b239
 .debug_macro   0x00000000      0x32e ./Core/Src/ESPE_my_DMA.o
 .debug_macro   0x0000032e      0xacc ./Core/Src/ESPE_my_DMA.o
 .debug_macro   0x00000dfa       0x5e ./Core/Src/ESPE_my_DMA.o
 .debug_macro   0x00000e58      0x244 ./Core/Src/ESPE_my_DMA.o
 .debug_macro   0x0000109c       0x2e ./Core/Src/ESPE_my_DMA.o
 .debug_macro   0x000010ca       0x3b ./Core/Src/ESPE_my_DMA.o
 .debug_macro   0x00001105       0x22 ./Core/Src/ESPE_my_DMA.o
 .debug_macro   0x00001127       0x8e ./Core/Src/ESPE_my_DMA.o
 .debug_macro   0x000011b5       0x51 ./Core/Src/ESPE_my_DMA.o
 .debug_macro   0x00001206      0x103 ./Core/Src/ESPE_my_DMA.o
 .debug_macro   0x00001309       0x6a ./Core/Src/ESPE_my_DMA.o
 .debug_macro   0x00001373      0x1df ./Core/Src/ESPE_my_DMA.o
 .debug_macro   0x00001552       0x1c ./Core/Src/ESPE_my_DMA.o
 .debug_macro   0x0000156e       0x22 ./Core/Src/ESPE_my_DMA.o
 .debug_macro   0x00001590       0xfb ./Core/Src/ESPE_my_DMA.o
 .debug_macro   0x0000168b     0x1305 ./Core/Src/ESPE_my_DMA.o
 .debug_macro   0x00002990      0x11f ./Core/Src/ESPE_my_DMA.o
 .debug_macro   0x00002aaf       0x27 ./Core/Src/ESPE_my_DMA.o
 .debug_macro   0x00002ad6    0x258f9 ./Core/Src/ESPE_my_DMA.o
 .debug_macro   0x000283cf       0x6d ./Core/Src/ESPE_my_DMA.o
 .debug_macro   0x0002843c     0x3d79 ./Core/Src/ESPE_my_DMA.o
 .debug_macro   0x0002c1b5      0x189 ./Core/Src/ESPE_my_DMA.o
 .debug_macro   0x0002c33e       0x61 ./Core/Src/ESPE_my_DMA.o
 .debug_macro   0x0002c39f       0x29 ./Core/Src/ESPE_my_DMA.o
 .debug_macro   0x0002c3c8       0x43 ./Core/Src/ESPE_my_DMA.o
 .debug_macro   0x0002c40b       0x34 ./Core/Src/ESPE_my_DMA.o
 .debug_macro   0x0002c43f       0x16 ./Core/Src/ESPE_my_DMA.o
 .debug_macro   0x0002c455       0x43 ./Core/Src/ESPE_my_DMA.o
 .debug_macro   0x0002c498       0x34 ./Core/Src/ESPE_my_DMA.o
 .debug_macro   0x0002c4cc       0x10 ./Core/Src/ESPE_my_DMA.o
 .debug_macro   0x0002c4dc       0x58 ./Core/Src/ESPE_my_DMA.o
 .debug_macro   0x0002c534       0x8e ./Core/Src/ESPE_my_DMA.o
 .debug_macro   0x0002c5c2       0x1c ./Core/Src/ESPE_my_DMA.o
 .debug_macro   0x0002c5de      0x177 ./Core/Src/ESPE_my_DMA.o
 .debug_macro   0x0002c755      0x369 ./Core/Src/ESPE_my_DMA.o
 .debug_macro   0x0002cabe      0x19b ./Core/Src/ESPE_my_DMA.o
 .debug_macro   0x0002cc59       0x5d ./Core/Src/ESPE_my_DMA.o
 .debug_macro   0x0002ccb6     0x2382 ./Core/Src/ESPE_my_DMA.o
 .debug_macro   0x0002f038     0x102c ./Core/Src/ESPE_my_DMA.o
 .debug_macro   0x00030064      0x154 ./Core/Src/ESPE_my_DMA.o
 .debug_macro   0x000301b8      0x114 ./Core/Src/ESPE_my_DMA.o
 .debug_macro   0x000302cc      0x3b6 ./Core/Src/ESPE_my_DMA.o
 .debug_macro   0x00030682       0xac ./Core/Src/ESPE_my_DMA.o
 .debug_macro   0x0003072e      0x72d ./Core/Src/ESPE_my_DMA.o
 .debug_macro   0x00030e5b      0x228 ./Core/Src/ESPE_my_DMA.o
 .debug_macro   0x00031083       0x66 ./Core/Src/ESPE_my_DMA.o
 .debug_macro   0x000310e9      0x3bb ./Core/Src/ESPE_my_DMA.o
 .debug_macro   0x000314a4      0x3e4 ./Core/Src/ESPE_my_DMA.o
 .debug_macro   0x00031888      0x275 ./Core/Src/ESPE_my_DMA.o
 .debug_macro   0x00031afd     0x1044 ./Core/Src/ESPE_my_DMA.o
 .debug_macro   0x00032b41      0x6cc ./Core/Src/ESPE_my_DMA.o
 .debug_macro   0x0003320d      0x36e ./Core/Src/ESPE_my_DMA.o
 .debug_macro   0x0003357b      0x3ca ./Core/Src/ESPE_my_DMA.o
 .debug_macro   0x00033945      0x408 ./Core/Src/ESPE_my_DMA.o
 .debug_macro   0x00033d4d       0x51 ./Core/Src/ESPE_my_DMA.o
 .debug_macro   0x00033d9e       0x4a ./Core/Src/ESPE_my_DMA.o
 .debug_macro   0x00033de8      0x22c ./Core/Src/ESPE_my_DMA.o
 .debug_macro   0x00034014       0x67 ./Core/Src/ESPE_my_DMA.o
 .debug_macro   0x0003407b       0xa5 ./Core/Src/ESPE_my_DMA.o
 .debug_macro   0x00034120      0x1c4 ./Core/Src/ESPE_my_DMA.o
 .debug_macro   0x000342e4      0x25e ./Core/Src/ESPE_my_DMA.o
 .debug_macro   0x00034542       0x35 ./Core/Src/ESPE_my_DMA.o
 .debug_macro   0x00034577      0xafa ./Core/Src/ESPE_my_DMA.o
 .debug_macro   0x00035071      0x29f ./Core/Src/ESPE_my_DMA.o
 .debug_macro   0x00035310      0x693 ./Core/Src/ESPE_my_DMA.o
 .debug_macro   0x000359a3       0xa6 ./Core/Src/ESPE_my_DMA.o
 .debug_macro   0x00035a49      0x293 ./Core/Src/ESPE_my_DMA.o
 .debug_macro   0x00035cdc       0x90 ./Core/Src/ESPE_my_DMA.o
 .debug_macro   0x00035d6c      0x5a0 ./Core/Src/ESPE_my_DMA.o
 .debug_macro   0x0003630c       0x64 ./Core/Src/ESPE_my_DMA.o
 .debug_macro   0x00036370      0x307 ./Core/Src/adc.o
 .debug_macro   0x00036677      0x307 ./Core/Src/dma.o
 .debug_macro   0x0003697e      0x307 ./Core/Src/gpio.o
 .debug_macro   0x00036c85      0x350 ./Core/Src/main.o
 .debug_macro   0x00036fd5      0x2fd ./Core/Src/stm32h7xx_hal_msp.o
 .debug_macro   0x000372d2      0x310 ./Core/Src/stm32h7xx_it.o
 .debug_macro   0x000375e2      0x2ee ./Core/Src/system_stm32h7xx.o
 .debug_macro   0x000378d0      0x307 ./Core/Src/tim.o
 .debug_macro   0x00037bd7      0x307 ./Core/Src/usart.o
 .debug_macro   0x00037ede      0x307 ./Core/Src/usb_otg.o
 .debug_macro   0x000381e5      0x318 ./Drivers/STM32H7xx_HAL_Driver/Src/stm32h7xx_hal.o
 .debug_macro   0x000384fd      0x312 ./Drivers/STM32H7xx_HAL_Driver/Src/stm32h7xx_hal_adc.o
 .debug_macro   0x0003880f      0x2fa ./Drivers/STM32H7xx_HAL_Driver/Src/stm32h7xx_hal_adc_ex.o
 .debug_macro   0x00038b09      0x2ee ./Drivers/STM32H7xx_HAL_Driver/Src/stm32h7xx_hal_cortex.o
 .debug_macro   0x00038df7      0x342 ./Drivers/STM32H7xx_HAL_Driver/Src/stm32h7xx_hal_dma.o
 .debug_macro   0x00039139      0x2f5 ./Drivers/STM32H7xx_HAL_Driver/Src/stm32h7xx_hal_gpio.o
 .debug_macro   0x0003942e      0x2fa ./Drivers/STM32H7xx_HAL_Driver/Src/stm32h7xx_hal_pcd.o
 .debug_macro   0x00039728      0x2ee ./Drivers/STM32H7xx_HAL_Driver/Src/stm32h7xx_hal_pcd_ex.o
 .debug_macro   0x00039a16      0x327 ./Drivers/STM32H7xx_HAL_Driver/Src/stm32h7xx_hal_pwr_ex.o
 .debug_macro   0x00039d3d      0x312 ./Drivers/STM32H7xx_HAL_Driver/Src/stm32h7xx_hal_rcc.o
 .debug_macro   0x0003a04f      0x30c ./Drivers/STM32H7xx_HAL_Driver/Src/stm32h7xx_hal_rcc_ex.o
 .debug_macro   0x0003a35b      0x2ef ./Drivers/STM32H7xx_HAL_Driver/Src/stm32h7xx_hal_tim.o
 .debug_macro   0x0003a64a      0x2ee ./Drivers/STM32H7xx_HAL_Driver/Src/stm32h7xx_hal_tim_ex.o
 .debug_macro   0x0003a938      0x319 ./Drivers/STM32H7xx_HAL_Driver/Src/stm32h7xx_hal_uart.o
 .debug_macro   0x0003ac51      0x2fa ./Drivers/STM32H7xx_HAL_Driver/Src/stm32h7xx_hal_uart_ex.o
 .debug_macro   0x0003af4b      0x2ee ./Drivers/STM32H7xx_HAL_Driver/Src/stm32h7xx_ll_usb.o

.debug_line     0x00000000    0x244fd
 .debug_line    0x00000000      0xf22 ./Core/Src/ESPE_my_DMA.o
 .debug_line    0x00000f22      0xb09 ./Core/Src/adc.o
 .debug_line    0x00001a2b      0x973 ./Core/Src/dma.o
 .debug_line    0x0000239e      0x9f5 ./Core/Src/gpio.o
 .debug_line    0x00002d93      0xac0 ./Core/Src/main.o
 .debug_line    0x00003853      0x972 ./Core/Src/stm32h7xx_hal_msp.o
 .debug_line    0x000041c5      0xab9 ./Core/Src/stm32h7xx_it.o
 .debug_line    0x00004c7e      0xb2e ./Core/Src/system_stm32h7xx.o
 .debug_line    0x000057ac      0x9ca ./Core/Src/tim.o
 .debug_line    0x00006176      0xa3d ./Core/Src/usart.o
 .debug_line    0x00006bb3      0xa04 ./Core/Src/usb_otg.o
 .debug_line    0x000075b7       0x7a ./Core/Startup/startup_stm32h743zitx.o
 .debug_line    0x00007631      0xf23 ./Drivers/STM32H7xx_HAL_Driver/Src/stm32h7xx_hal.o
 .debug_line    0x00008554     0x2472 ./Drivers/STM32H7xx_HAL_Driver/Src/stm32h7xx_hal_adc.o
 .debug_line    0x0000a9c6     0x2070 ./Drivers/STM32H7xx_HAL_Driver/Src/stm32h7xx_hal_adc_ex.o
 .debug_line    0x0000ca36      0xf52 ./Drivers/STM32H7xx_HAL_Driver/Src/stm32h7xx_hal_cortex.o
 .debug_line    0x0000d988     0x2886 ./Drivers/STM32H7xx_HAL_Driver/Src/stm32h7xx_hal_dma.o
 .debug_line    0x0001020e      0xdfb ./Drivers/STM32H7xx_HAL_Driver/Src/stm32h7xx_hal_gpio.o
 .debug_line    0x00011009     0x173e ./Drivers/STM32H7xx_HAL_Driver/Src/stm32h7xx_hal_pcd.o
 .debug_line    0x00012747      0xb80 ./Drivers/STM32H7xx_HAL_Driver/Src/stm32h7xx_hal_pcd_ex.o
 .debug_line    0x000132c7     0x1046 ./Drivers/STM32H7xx_HAL_Driver/Src/stm32h7xx_hal_pwr_ex.o
 .debug_line    0x0001430d     0x14f3 ./Drivers/STM32H7xx_HAL_Driver/Src/stm32h7xx_hal_rcc.o
 .debug_line    0x00015800     0x1e0b ./Drivers/STM32H7xx_HAL_Driver/Src/stm32h7xx_hal_rcc_ex.o
 .debug_line    0x0001760b     0x40b9 ./Drivers/STM32H7xx_HAL_Driver/Src/stm32h7xx_hal_tim.o
 .debug_line    0x0001b6c4     0x1ec3 ./Drivers/STM32H7xx_HAL_Driver/Src/stm32h7xx_hal_tim_ex.o
 .debug_line    0x0001d587     0x3fb1 ./Drivers/STM32H7xx_HAL_Driver/Src/stm32h7xx_hal_uart.o
 .debug_line    0x00021538      0xfc1 ./Drivers/STM32H7xx_HAL_Driver/Src/stm32h7xx_hal_uart_ex.o
 .debug_line    0x000224f9     0x2004 ./Drivers/STM32H7xx_HAL_Driver/Src/stm32h7xx_ll_usb.o

.debug_str      0x00000000   0x17947e
 .debug_str     0x00000000   0x170a0e ./Core/Src/ESPE_my_DMA.o
                             0x171105 (size before relaxing)
 .debug_str     0x00170a0e     0x103c ./Core/Src/adc.o
                             0x171d2a (size before relaxing)
 .debug_str     0x00171a4a       0x1e ./Core/Src/dma.o
                             0x1714ce (size before relaxing)
 .debug_str     0x00171a68       0x68 ./Core/Src/gpio.o
                             0x170d5f (size before relaxing)
 .debug_str     0x00171ad0      0x61c ./Core/Src/main.o
                             0x171742 (size before relaxing)
 .debug_str     0x001720ec       0x2c ./Core/Src/stm32h7xx_hal_msp.o
                             0x170c82 (size before relaxing)
 .debug_str     0x00172118      0x155 ./Core/Src/stm32h7xx_it.o
                             0x1710d1 (size before relaxing)
 .debug_str     0x0017226d      0x33a ./Core/Src/system_stm32h7xx.o
                             0x170e30 (size before relaxing)
 .debug_str     0x001725a7      0x379 ./Core/Src/tim.o
                             0x1713d2 (size before relaxing)
 .debug_str     0x00172920      0x2c0 ./Core/Src/usart.o
                             0x171fb5 (size before relaxing)
 .debug_str     0x00172be0      0x435 ./Core/Src/usb_otg.o
                             0x171586 (size before relaxing)
 .debug_str     0x00173015       0x44 ./Core/Startup/startup_stm32h743zitx.o
                                 0x78 (size before relaxing)
 .debug_str     0x00173059      0x7db ./Drivers/STM32H7xx_HAL_Driver/Src/stm32h7xx_hal.o
                             0x171d46 (size before relaxing)
 .debug_str     0x00173834      0xb1f ./Drivers/STM32H7xx_HAL_Driver/Src/stm32h7xx_hal_adc.o
                             0x171bcf (size before relaxing)
 .debug_str     0x00174353      0x7c4 ./Drivers/STM32H7xx_HAL_Driver/Src/stm32h7xx_hal_adc_ex.o
                             0x171c0e (size before relaxing)
 .debug_str     0x00174b17      0x364 ./Drivers/STM32H7xx_HAL_Driver/Src/stm32h7xx_hal_cortex.o
                             0x171781 (size before relaxing)
 .debug_str     0x00174e7b      0x830 ./Drivers/STM32H7xx_HAL_Driver/Src/stm32h7xx_hal_dma.o
                             0x17156a (size before relaxing)
 .debug_str     0x001756ab       0xec ./Drivers/STM32H7xx_HAL_Driver/Src/stm32h7xx_hal_gpio.o
                             0x170de7 (size before relaxing)
 .debug_str     0x00175797      0x80a ./Drivers/STM32H7xx_HAL_Driver/Src/stm32h7xx_hal_pcd.o
                             0x17159b (size before relaxing)
 .debug_str     0x00175fa1      0x174 ./Drivers/STM32H7xx_HAL_Driver/Src/stm32h7xx_hal_pcd_ex.o
                             0x170f39 (size before relaxing)
 .debug_str     0x00176115      0x601 ./Drivers/STM32H7xx_HAL_Driver/Src/stm32h7xx_hal_pwr_ex.o
                             0x1712a8 (size before relaxing)
 .debug_str     0x00176716      0x21a ./Drivers/STM32H7xx_HAL_Driver/Src/stm32h7xx_hal_rcc.o
                             0x1711cb (size before relaxing)
 .debug_str     0x00176930      0x630 ./Drivers/STM32H7xx_HAL_Driver/Src/stm32h7xx_hal_rcc_ex.o
                             0x1716ac (size before relaxing)
 .debug_str     0x00176f60      0xe8c ./Drivers/STM32H7xx_HAL_Driver/Src/stm32h7xx_hal_tim.o
                             0x171f6a (size before relaxing)
 .debug_str     0x00177dec      0x587 ./Drivers/STM32H7xx_HAL_Driver/Src/stm32h7xx_hal_tim_ex.o
                             0x171892 (size before relaxing)
 .debug_str     0x00178373      0x9f5 ./Drivers/STM32H7xx_HAL_Driver/Src/stm32h7xx_hal_uart.o
                             0x171d0c (size before relaxing)
 .debug_str     0x00178d68      0x266 ./Drivers/STM32H7xx_HAL_Driver/Src/stm32h7xx_hal_uart_ex.o
                             0x1712cc (size before relaxing)
 .debug_str     0x00178fce      0x4b0 ./Drivers/STM32H7xx_HAL_Driver/Src/stm32h7xx_ll_usb.o
                             0x171495 (size before relaxing)

.comment        0x00000000       0x43
 .comment       0x00000000       0x43 ./Core/Src/ESPE_my_DMA.o
                                 0x44 (size before relaxing)
 .comment       0x00000043       0x44 ./Core/Src/adc.o
 .comment       0x00000043       0x44 ./Core/Src/dma.o
 .comment       0x00000043       0x44 ./Core/Src/gpio.o
 .comment       0x00000043       0x44 ./Core/Src/main.o
 .comment       0x00000043       0x44 ./Core/Src/stm32h7xx_hal_msp.o
 .comment       0x00000043       0x44 ./Core/Src/stm32h7xx_it.o
 .comment       0x00000043       0x44 ./Core/Src/system_stm32h7xx.o
 .comment       0x00000043       0x44 ./Core/Src/tim.o
 .comment       0x00000043       0x44 ./Core/Src/usart.o
 .comment       0x00000043       0x44 ./Core/Src/usb_otg.o
 .comment       0x00000043       0x44 ./Drivers/STM32H7xx_HAL_Driver/Src/stm32h7xx_hal.o
 .comment       0x00000043       0x44 ./Drivers/STM32H7xx_HAL_Driver/Src/stm32h7xx_hal_adc.o
 .comment       0x00000043       0x44 ./Drivers/STM32H7xx_HAL_Driver/Src/stm32h7xx_hal_adc_ex.o
 .comment       0x00000043       0x44 ./Drivers/STM32H7xx_HAL_Driver/Src/stm32h7xx_hal_cortex.o
 .comment       0x00000043       0x44 ./Drivers/STM32H7xx_HAL_Driver/Src/stm32h7xx_hal_dma.o
 .comment       0x00000043       0x44 ./Drivers/STM32H7xx_HAL_Driver/Src/stm32h7xx_hal_gpio.o
 .comment       0x00000043       0x44 ./Drivers/STM32H7xx_HAL_Driver/Src/stm32h7xx_hal_pcd.o
 .comment       0x00000043       0x44 ./Drivers/STM32H7xx_HAL_Driver/Src/stm32h7xx_hal_pcd_ex.o
 .comment       0x00000043       0x44 ./Drivers/STM32H7xx_HAL_Driver/Src/stm32h7xx_hal_pwr_ex.o
 .comment       0x00000043       0x44 ./Drivers/STM32H7xx_HAL_Driver/Src/stm32h7xx_hal_rcc.o
 .comment       0x00000043       0x44 ./Drivers/STM32H7xx_HAL_Driver/Src/stm32h7xx_hal_rcc_ex.o
 .comment       0x00000043       0x44 ./Drivers/STM32H7xx_HAL_Driver/Src/stm32h7xx_hal_tim.o
 .comment       0x00000043       0x44 ./Drivers/STM32H7xx_HAL_Driver/Src/stm32h7xx_hal_tim_ex.o
 .comment       0x00000043       0x44 ./Drivers/STM32H7xx_HAL_Driver/Src/stm32h7xx_hal_uart.o
 .comment       0x00000043       0x44 ./Drivers/STM32H7xx_HAL_Driver/Src/stm32h7xx_hal_uart_ex.o
 .comment       0x00000043       0x44 ./Drivers/STM32H7xx_HAL_Driver/Src/stm32h7xx_ll_usb.o

.debug_frame    0x00000000     0x6b68
 .debug_frame   0x00000000      0x2a0 ./Core/Src/ESPE_my_DMA.o
 .debug_frame   0x000002a0       0xa0 ./Core/Src/adc.o
 .debug_frame   0x00000340       0x34 ./Core/Src/dma.o
 .debug_frame   0x00000374       0x38 ./Core/Src/gpio.o
 .debug_frame   0x000003ac       0x90 ./Core/Src/main.o
 .debug_frame   0x0000043c       0x38 ./Core/Src/stm32h7xx_hal_msp.o
 .debug_frame   0x00000474      0x198 ./Core/Src/stm32h7xx_it.o
 .debug_frame   0x0000060c       0x58 ./Core/Src/system_stm32h7xx.o
 .debug_frame   0x00000664       0x84 ./Core/Src/tim.o
 .debug_frame   0x000006e8       0x78 ./Core/Src/usart.o
 .debug_frame   0x00000760       0x78 ./Core/Src/usb_otg.o
 .debug_frame   0x000007d8      0x690 ./Drivers/STM32H7xx_HAL_Driver/Src/stm32h7xx_hal.o
 .debug_frame   0x00000e68      0xa28 ./Drivers/STM32H7xx_HAL_Driver/Src/stm32h7xx_hal_adc.o
 .debug_frame   0x00001890      0x88c ./Drivers/STM32H7xx_HAL_Driver/Src/stm32h7xx_hal_adc_ex.o
 .debug_frame   0x0000211c      0x508 ./Drivers/STM32H7xx_HAL_Driver/Src/stm32h7xx_hal_cortex.o
 .debug_frame   0x00002624      0x2b4 ./Drivers/STM32H7xx_HAL_Driver/Src/stm32h7xx_hal_dma.o
 .debug_frame   0x000028d8      0x14c ./Drivers/STM32H7xx_HAL_Driver/Src/stm32h7xx_hal_gpio.o
 .debug_frame   0x00002a24      0x590 ./Drivers/STM32H7xx_HAL_Driver/Src/stm32h7xx_hal_pcd.o
 .debug_frame   0x00002fb4      0x174 ./Drivers/STM32H7xx_HAL_Driver/Src/stm32h7xx_hal_pcd_ex.o
 .debug_frame   0x00003128      0x580 ./Drivers/STM32H7xx_HAL_Driver/Src/stm32h7xx_hal_pwr_ex.o
 .debug_frame   0x000036a8      0x1f8 ./Drivers/STM32H7xx_HAL_Driver/Src/stm32h7xx_hal_rcc.o
 .debug_frame   0x000038a0      0x414 ./Drivers/STM32H7xx_HAL_Driver/Src/stm32h7xx_hal_rcc_ex.o
 .debug_frame   0x00003cb4     0x121c ./Drivers/STM32H7xx_HAL_Driver/Src/stm32h7xx_hal_tim.o
 .debug_frame   0x00004ed0      0x6d8 ./Drivers/STM32H7xx_HAL_Driver/Src/stm32h7xx_hal_tim_ex.o
 .debug_frame   0x000055a8      0xa94 ./Drivers/STM32H7xx_HAL_Driver/Src/stm32h7xx_hal_uart.o
 .debug_frame   0x0000603c      0x2c0 ./Drivers/STM32H7xx_HAL_Driver/Src/stm32h7xx_hal_uart_ex.o
 .debug_frame   0x000062fc      0x7c0 ./Drivers/STM32H7xx_HAL_Driver/Src/stm32h7xx_ll_usb.o
 .debug_frame   0x00006abc       0x20 C:/ST/STM32CubeIDE_1.16.1/STM32CubeIDE/plugins/com.st.stm32cube.ide.mcu.externaltools.gnu-tools-for-stm32.12.3.rel1.win32_1.0.200.202406191623/tools/bin/../lib/gcc/arm-none-eabi/12.3.1/../../../../arm-none-eabi/lib/thumb/v7e-m+dp/hard\libc_nano.a(libc_a-memset.o)
 .debug_frame   0x00006adc       0x2c C:/ST/STM32CubeIDE_1.16.1/STM32CubeIDE/plugins/com.st.stm32cube.ide.mcu.externaltools.gnu-tools-for-stm32.12.3.rel1.win32_1.0.200.202406191623/tools/bin/../lib/gcc/arm-none-eabi/12.3.1/../../../../arm-none-eabi/lib/thumb/v7e-m+dp/hard\libc_nano.a(libc_a-init.o)
 .debug_frame   0x00006b08       0x2c C:/ST/STM32CubeIDE_1.16.1/STM32CubeIDE/plugins/com.st.stm32cube.ide.mcu.externaltools.gnu-tools-for-stm32.12.3.rel1.win32_1.0.200.202406191623/tools/bin/../lib/gcc/arm-none-eabi/12.3.1/thumb/v7e-m+dp/hard\libgcc.a(_aeabi_uldivmod.o)
 .debug_frame   0x00006b34       0x34 C:/ST/STM32CubeIDE_1.16.1/STM32CubeIDE/plugins/com.st.stm32cube.ide.mcu.externaltools.gnu-tools-for-stm32.12.3.rel1.win32_1.0.200.202406191623/tools/bin/../lib/gcc/arm-none-eabi/12.3.1/thumb/v7e-m+dp/hard\libgcc.a(_udivmoddi4.o)

.debug_line_str
                0x00000000       0x5c
 .debug_line_str
                0x00000000       0x5c ./Core/Startup/startup_stm32h743zitx.o
